To honour the JVM settings for this build a single-use Daemon process will be forked. For more on this, please refer to https://docs.gradle.org/8.14.3/userguide/gradle_daemon.html#sec:disabling_the_daemon in the Gradle documentation.
Daemon will be stopped at the end of the build 
Reusing configuration cache.
> Task :pocketbase-kt-sdk:cleanJsNodeTest UP-TO-DATE
> Task :server:clean
> Task :shared:cleanIosSimulatorArm64Test UP-TO-DATE
> Task :composeApp:cleanJvmTest UP-TO-DATE
> Task :shared:cleanJvmTest UP-TO-DATE
> Task :pocketbase-kt-sdk:cleanIosSimulatorArm64Test UP-TO-DATE
> Task :pocketbase-kt-sdk:cleanJsBrowserTest UP-TO-DATE
> Task :pocketbase-kt-sdk:cleanJvmTest UP-TO-DATE
> Task :composeApp:cleanIosSimulatorArm64Test UP-TO-DATE
> Task :composeApp:cleanJsBrowserTest UP-TO-DATE
> Task :pocketbase-kt-sdk:cleanIosX64Test UP-TO-DATE
> Task :shared:cleanIosX64Test UP-TO-DATE
> Task :shared:cleanJsBrowserTest UP-TO-DATE
> Task :composeApp:preBuild UP-TO-DATE
> Task :shared:cleanAllTests UP-TO-DATE
> Task :assemble UP-TO-DATE
> Task :check UP-TO-DATE
> Task :composeApp:cleanAllTests UP-TO-DATE
> Task :pocketbase-kt-sdk:cleanAllTests UP-TO-DATE
> Task :build UP-TO-DATE
> Task :shared:kmpPartiallyResolvedDependenciesChecker
> Task :composeApp:kmpPartiallyResolvedDependenciesChecker
> Task :composeApp:preDebugBuild UP-TO-DATE
> Task :shared:preBuild UP-TO-DATE
> Task :shared:checkKotlinGradlePluginConfigurationErrors SKIPPED
> Task :composeApp:checkKotlinGradlePluginConfigurationErrors SKIPPED
> Task :composeApp:preReleaseBuild UP-TO-DATE
> Task :shared:preDebugBuild UP-TO-DATE
> Task :shared:preReleaseBuild UP-TO-DATE
> Task :clean
> Task :pocketbase-kt-sdk:clean
> Task :composeApp:preReleaseUnitTestBuild UP-TO-DATE
> Task :composeApp:preDebugUnitTestBuild UP-TO-DATE
> Task :shared:preDebugAndroidTestBuild UP-TO-DATE
> Task :kotlinKotlinNpmCachesSetup
> Task :shared:preDebugUnitTestBuild UP-TO-DATE
> Task :pocketbase-kt-sdk:kmpPartiallyResolvedDependenciesChecker
> Task :pocketbase-kt-sdk:preBuild UP-TO-DATE
> Task :pocketbase-kt-sdk:checkKotlinGradlePluginConfigurationErrors SKIPPED
> Task :pocketbase-kt-sdk:preDebugBuild UP-TO-DATE
> Task :pocketbase-kt-sdk:preReleaseBuild UP-TO-DATE
> Task :pocketbase-kt-sdk:debugAssetsCopyForAGP NO-SOURCE
> Task :pocketbase-kt-sdk:releaseAssetsCopyForAGP NO-SOURCE
> Task :pocketbase-kt-sdk:metadataCommonMainProcessResources NO-SOURCE
> Task :pocketbase-kt-sdk:prepareLintJarForPublish UP-TO-DATE
> Task :pocketbase-kt-sdk:generateDebugResValues FROM-CACHE
> Task :kotlinRestoreYarnLock
> Task :pocketbase-kt-sdk:processDebugNavigationResources FROM-CACHE
> Task :pocketbase-kt-sdk:generateProjectStructureMetadata
> Task :pocketbase-kt-sdk:javaPreCompileDebug FROM-CACHE
> Task :pocketbase-kt-sdk:generateDebugResources FROM-CACHE
> Task :pocketbase-kt-sdk:prepareDebugArtProfile UP-TO-DATE
> Task :composeApp:clean
> Task :pocketbase-kt-sdk:packageDebugResources FROM-CACHE
> Task :pocketbase-kt-sdk:processDebugManifest FROM-CACHE
> Task :composeApp:convertXmlValueResourcesForCommonMain NO-SOURCE
> Task :composeApp:copyNonXmlValueResourcesForCommonMain
> Task :pocketbase-kt-sdk:checkDebugAarMetadata
> Task :pocketbase-kt-sdk:checkReleaseAarMetadata
> Task :composeApp:mergeDebugNativeDebugMetadata NO-SOURCE
> Task :composeApp:generateExpectResourceCollectorsForCommonMain
> Task :composeApp:convertXmlValueResourcesForAndroidMain NO-SOURCE
> Task :composeApp:generateComposeResClass
> Task :composeApp:copyNonXmlValueResourcesForAndroidMain NO-SOURCE
> Task :composeApp:convertXmlValueResourcesForAndroidDebug NO-SOURCE
> Task :composeApp:copyNonXmlValueResourcesForAndroidDebug NO-SOURCE
> Task :composeApp:prepareComposeResourcesTaskForCommonMain UP-TO-DATE
> Task :composeApp:generateDebugResValues FROM-CACHE
> Task :pocketbase-kt-sdk:writeDebugAarMetadata
> Task :composeApp:prepareComposeResourcesTaskForAndroidMain NO-SOURCE
> Task :composeApp:prepareComposeResourcesTaskForAndroidDebug NO-SOURCE
> Task :composeApp:generateResourceAccessorsForAndroidDebug NO-SOURCE
> Task :composeApp:generateResourceAccessorsForAndroidMain NO-SOURCE
> Task :composeApp:metadataCommonMainProcessResources
> Task :composeApp:javaPreCompileDebug FROM-CACHE
> Task :composeApp:extractDeepLinksDebug FROM-CACHE
> Task :composeApp:debugAssetsCopyForAGP NO-SOURCE
> Task :composeApp:createDebugCompatibleScreenManifests
> Task :composeApp:generateDebugResources FROM-CACHE
> Task :composeApp:copyDebugComposeResourcesToAndroidAssets
> Task :composeApp:desugarDebugFileDependencies FROM-CACHE
> Task :pocketbase-kt-sdk:mergeDebugJniLibFolders
> Task :pocketbase-kt-sdk:mergeDebugShaders
> Task :composeApp:generateResourceAccessorsForCommonMain
> Task :composeApp:mergeDebugJniLibFolders
> Task :composeApp:writeDebugAppMetadata
> Task :composeApp:mergeReleaseJniLibFolders
> Task :composeApp:generateActualResourceCollectorsForAndroidMain
> Task :composeApp:convertXmlValueResourcesForAndroidRelease NO-SOURCE
> Task :composeApp:copyNonXmlValueResourcesForAndroidRelease NO-SOURCE
> Task :composeApp:packageDebugResources FROM-CACHE
> Task :composeApp:prepareComposeResourcesTaskForAndroidRelease NO-SOURCE
> Task :composeApp:generateReleaseResValues FROM-CACHE
> Task :composeApp:generateResourceAccessorsForAndroidRelease NO-SOURCE
> Task :composeApp:buildKotlinToolingMetadata
> Task :composeApp:createReleaseCompatibleScreenManifests
> Task :composeApp:generateReleaseResources FROM-CACHE
> Task :composeApp:extractDeepLinksRelease FROM-CACHE
> Task :composeApp:writeDebugSigningConfigVersions
> Task :composeApp:javaPreCompileRelease FROM-CACHE
> Task :composeApp:desugarReleaseFileDependencies FROM-CACHE
> Task :composeApp:copyReleaseComposeResourcesToAndroidAssets
> Task :composeApp:releaseAssetsCopyForAGP NO-SOURCE
> Task :composeApp:packageReleaseResources FROM-CACHE
> Task :composeApp:convertXmlValueResourcesForAndroidUnitTest NO-SOURCE
> Task :composeApp:copyNonXmlValueResourcesForAndroidUnitTest NO-SOURCE
> Task :composeApp:prepareComposeResourcesTaskForAndroidUnitTest NO-SOURCE
> Task :composeApp:generateResourceAccessorsForAndroidUnitTest NO-SOURCE
> Task :composeApp:convertXmlValueResourcesForAndroidUnitTestDebug NO-SOURCE
> Task :composeApp:copyNonXmlValueResourcesForAndroidUnitTestDebug NO-SOURCE
> Task :composeApp:prepareComposeResourcesTaskForAndroidUnitTestDebug NO-SOURCE
> Task :composeApp:generateResourceAccessorsForAndroidUnitTestDebug NO-SOURCE
> Task :composeApp:convertXmlValueResourcesForAndroidUnitTestRelease NO-SOURCE
> Task :composeApp:copyNonXmlValueResourcesForAndroidUnitTestRelease NO-SOURCE
> Task :composeApp:prepareComposeResourcesTaskForAndroidUnitTestRelease NO-SOURCE
> Task :composeApp:generateResourceAccessorsForAndroidUnitTestRelease NO-SOURCE
> Task :composeApp:convertXmlValueResourcesForAppleMain NO-SOURCE
> Task :composeApp:copyNonXmlValueResourcesForAppleMain NO-SOURCE
> Task :composeApp:prepareComposeResourcesTaskForAppleMain NO-SOURCE
> Task :composeApp:generateResourceAccessorsForAppleMain NO-SOURCE
> Task :composeApp:convertXmlValueResourcesForAppleTest NO-SOURCE
> Task :composeApp:copyNonXmlValueResourcesForAppleTest NO-SOURCE
> Task :composeApp:prepareComposeResourcesTaskForAppleTest NO-SOURCE
> Task :composeApp:generateResourceAccessorsForAppleTest NO-SOURCE
> Task :composeApp:convertXmlValueResourcesForCommonTest NO-SOURCE
> Task :composeApp:copyNonXmlValueResourcesForCommonTest NO-SOURCE
> Task :composeApp:prepareComposeResourcesTaskForCommonTest NO-SOURCE
> Task :composeApp:generateResourceAccessorsForCommonTest NO-SOURCE
> Task :composeApp:convertXmlValueResourcesForIosArm64Main NO-SOURCE
> Task :composeApp:copyNonXmlValueResourcesForIosArm64Main NO-SOURCE
> Task :composeApp:prepareComposeResourcesTaskForIosArm64Main NO-SOURCE
> Task :composeApp:generateResourceAccessorsForIosArm64Main NO-SOURCE
> Task :composeApp:convertXmlValueResourcesForIosArm64Test NO-SOURCE
> Task :composeApp:copyNonXmlValueResourcesForIosArm64Test NO-SOURCE
> Task :composeApp:prepareComposeResourcesTaskForIosArm64Test NO-SOURCE
> Task :composeApp:generateResourceAccessorsForIosArm64Test NO-SOURCE
> Task :composeApp:convertXmlValueResourcesForIosMain NO-SOURCE
> Task :composeApp:copyNonXmlValueResourcesForIosMain NO-SOURCE
> Task :composeApp:prepareComposeResourcesTaskForIosMain NO-SOURCE
> Task :composeApp:generateResourceAccessorsForIosMain NO-SOURCE
> Task :composeApp:convertXmlValueResourcesForIosSimulatorArm64Main NO-SOURCE
> Task :composeApp:copyNonXmlValueResourcesForIosSimulatorArm64Main NO-SOURCE
> Task :composeApp:prepareComposeResourcesTaskForIosSimulatorArm64Main NO-SOURCE
> Task :composeApp:generateResourceAccessorsForIosSimulatorArm64Main NO-SOURCE
> Task :composeApp:convertXmlValueResourcesForIosSimulatorArm64Test NO-SOURCE
> Task :composeApp:copyNonXmlValueResourcesForIosSimulatorArm64Test NO-SOURCE
> Task :composeApp:prepareComposeResourcesTaskForIosSimulatorArm64Test NO-SOURCE
> Task :composeApp:generateResourceAccessorsForIosSimulatorArm64Test NO-SOURCE
> Task :composeApp:convertXmlValueResourcesForIosTest NO-SOURCE
> Task :composeApp:copyNonXmlValueResourcesForIosTest NO-SOURCE
> Task :composeApp:prepareComposeResourcesTaskForIosTest NO-SOURCE
> Task :composeApp:generateResourceAccessorsForIosTest NO-SOURCE
> Task :composeApp:convertXmlValueResourcesForJsMain NO-SOURCE
> Task :composeApp:copyNonXmlValueResourcesForJsMain NO-SOURCE
> Task :composeApp:prepareComposeResourcesTaskForJsMain NO-SOURCE
> Task :composeApp:generateResourceAccessorsForJsMain NO-SOURCE
> Task :composeApp:convertXmlValueResourcesForJsTest NO-SOURCE
> Task :composeApp:copyNonXmlValueResourcesForJsTest NO-SOURCE
> Task :composeApp:prepareComposeResourcesTaskForJsTest NO-SOURCE
> Task :composeApp:generateResourceAccessorsForJsTest NO-SOURCE
> Task :composeApp:convertXmlValueResourcesForJvmMain NO-SOURCE
> Task :composeApp:copyNonXmlValueResourcesForJvmMain NO-SOURCE
> Task :composeApp:prepareComposeResourcesTaskForJvmMain NO-SOURCE
> Task :composeApp:generateResourceAccessorsForJvmMain NO-SOURCE
> Task :composeApp:convertXmlValueResourcesForJvmTest NO-SOURCE
> Task :composeApp:copyNonXmlValueResourcesForJvmTest NO-SOURCE
> Task :composeApp:validateSigningDebug
> Task :composeApp:prepareComposeResourcesTaskForJvmTest NO-SOURCE
> Task :composeApp:convertXmlValueResourcesForNativeMain NO-SOURCE
> Task :composeApp:copyNonXmlValueResourcesForNativeMain NO-SOURCE
> Task :composeApp:generateResourceAccessorsForJvmTest NO-SOURCE
> Task :composeApp:convertXmlValueResourcesForNativeTest NO-SOURCE
> Task :composeApp:prepareComposeResourcesTaskForNativeMain NO-SOURCE
> Task :composeApp:copyNonXmlValueResourcesForNativeTest NO-SOURCE
> Task :composeApp:generateResourceAccessorsForNativeMain NO-SOURCE
> Task :composeApp:prepareComposeResourcesTaskForNativeTest NO-SOURCE
> Task :composeApp:convertXmlValueResourcesForWebMain NO-SOURCE
> Task :composeApp:generateResourceAccessorsForNativeTest NO-SOURCE
> Task :composeApp:copyNonXmlValueResourcesForWebMain NO-SOURCE
> Task :composeApp:convertXmlValueResourcesForWebTest NO-SOURCE
> Task :composeApp:copyNonXmlValueResourcesForWebTest NO-SOURCE
> Task :composeApp:prepareComposeResourcesTaskForWebMain NO-SOURCE
> Task :composeApp:prepareComposeResourcesTaskForWebTest NO-SOURCE
> Task :composeApp:generateResourceAccessorsForWebMain NO-SOURCE
> Task :composeApp:generateResourceAccessorsForWebTest NO-SOURCE
> Task :composeApp:extractReleaseVersionControlInfo
> Task :pocketbase-kt-sdk:jsPackageJson
> Task :composeApp:writeReleaseAppMetadata
> Task :composeApp:writeReleaseSigningConfigVersions
> Task :composeApp:metadataNativeMainProcessResources
> Task :composeApp:extractProguardFiles
> Task :composeApp:metadataAppleMainProcessResources
> Task :composeApp:generateActualResourceCollectorsForIosArm64Main
> Task :composeApp:generateActualResourceCollectorsForIosSimulatorArm64Main
> Task :composeApp:assembleJsMainResources
> Task :composeApp:generateActualResourceCollectorsForJsMain
> Task :composeApp:jsResolveSelfResourcesCopyHierarchicalMultiplatformResources
> Task :composeApp:assembleIosArm64MainResources
> Task :composeApp:iosArm64ResolveSelfResourcesCopyHierarchicalMultiplatformResources
> Task :composeApp:assembleIosSimulatorArm64MainResources
> Task :composeApp:iosSimulatorArm64ResolveSelfResourcesCopyHierarchicalMultiplatformResources
> Task :composeApp:metadataIosMainProcessResources
> Task :pocketbase-kt-sdk:jsTestPackageJson
> Task :pocketbase-kt-sdk:jsPublicPackageJson
> Task :pocketbase-kt-sdk:jsTestPublicPackageJson
> Task :composeApp:generateActualResourceCollectorsForJvmMain
> Task :composeApp:assembleJvmMainResources
> Task :composeApp:jvmProcessResources
> Task :composeApp:processJvmMainResources SKIPPED
> Task :composeApp:assembleIosSimulatorArm64TestResources
> Task :shared:clean
> Task :composeApp:assembleJsTestResources
> Task :shared:generateExpectResourceCollectorsForCommonMain
> Task :shared:generateComposeResClass
> Task :shared:convertXmlValueResourcesForCommonMain NO-SOURCE
> Task :shared:copyNonXmlValueResourcesForCommonMain NO-SOURCE
> Task :shared:prepareComposeResourcesTaskForCommonMain NO-SOURCE
> Task :shared:generateResourceAccessorsForCommonMain NO-SOURCE
> Task :shared:generateProjectStructureMetadata
> Task :shared:metadataCommonMainProcessResources NO-SOURCE
> Task :composeApp:unpackSkikoWasmRuntime
> Task :shared:convertXmlValueResourcesForNativeMain NO-SOURCE
> Task :shared:copyNonXmlValueResourcesForNativeMain NO-SOURCE
> Task :shared:prepareComposeResourcesTaskForNativeMain NO-SOURCE
> Task :shared:generateResourceAccessorsForNativeMain NO-SOURCE
> Task :shared:convertXmlValueResourcesForAppleMain NO-SOURCE
> Task :shared:copyNonXmlValueResourcesForAppleMain NO-SOURCE
> Task :shared:prepareComposeResourcesTaskForAppleMain NO-SOURCE
> Task :shared:generateResourceAccessorsForAppleMain NO-SOURCE
> Task :shared:metadataNativeMainProcessResources NO-SOURCE
> Task :shared:convertXmlValueResourcesForIosMain NO-SOURCE
> Task :shared:copyNonXmlValueResourcesForIosMain NO-SOURCE
> Task :shared:prepareComposeResourcesTaskForIosMain NO-SOURCE
> Task :shared:generateResourceAccessorsForIosMain NO-SOURCE
> Task :shared:metadataAppleMainProcessResources NO-SOURCE
> Task :shared:metadataIosMainProcessResources NO-SOURCE
> Task :shared:exportRootPublicationCoordinatesForMetadataApiElements
> Task :pocketbase-kt-sdk:extractDeepLinksForAarDebug UP-TO-DATE
> Task :composeApp:mergeReleaseStartupProfile UP-TO-DATE
> Task :composeApp:kotlinNodeJsSetup UP-TO-DATE
> Task :shared:processDebugNavigationResources FROM-CACHE
> Task :shared:generateDebugResValues FROM-CACHE
> Task :composeApp:mergeDebugShaders
> Task :shared:generateDebugResources FROM-CACHE
> Task :composeApp:generateProjectStructureMetadata
> Task :shared:extractDeepLinksDebug FROM-CACHE
> Task :shared:convertXmlValueResourcesForAndroidMain NO-SOURCE
> Task :shared:copyNonXmlValueResourcesForAndroidMain NO-SOURCE
> Task :shared:prepareComposeResourcesTaskForAndroidMain NO-SOURCE
> Task :shared:generateResourceAccessorsForAndroidMain NO-SOURCE
> Task :shared:processDebugManifest FROM-CACHE
> Task :shared:packageDebugResources FROM-CACHE
> Task :shared:generateActualResourceCollectorsForAndroidMain
> Task :composeApp:collectReleaseDependencies
> Task :shared:compileDebugLibraryResources FROM-CACHE
> Task :shared:parseDebugLocalResources FROM-CACHE
> Task :shared:generateDebugRFile FROM-CACHE
> Task :shared:convertXmlValueResourcesForAndroidDebug NO-SOURCE
> Task :shared:copyNonXmlValueResourcesForAndroidDebug NO-SOURCE
> Task :shared:prepareComposeResourcesTaskForAndroidDebug NO-SOURCE
> Task :shared:generateResourceAccessorsForAndroidDebug NO-SOURCE
> Task :shared:jsPackageJson
> Task :shared:javaPreCompileDebug FROM-CACHE
> Task :composeApp:compileDebugShaders NO-SOURCE
> Task :composeApp:generateDebugAssets UP-TO-DATE
> Task :composeApp:mergeReleaseShaders
> Task :shared:copyDebugComposeResourcesToAndroidAssets
> Task :shared:debugAssetsCopyForAGP NO-SOURCE
> Task :shared:commonizeNativeDistribution
> Task :composeApp:commonizeNativeDistribution
> Task :shared:generateReleaseResValues FROM-CACHE
> Task :shared:generateReleaseResources FROM-CACHE
> Task :shared:packageReleaseResources FROM-CACHE
> Task :shared:processReleaseNavigationResources FROM-CACHE
> Task :shared:parseReleaseLocalResources FROM-CACHE
> Task :shared:generateReleaseRFile FROM-CACHE
> Task :shared:convertXmlValueResourcesForAndroidRelease NO-SOURCE
> Task :shared:copyNonXmlValueResourcesForAndroidRelease NO-SOURCE
> Task :shared:prepareComposeResourcesTaskForAndroidRelease NO-SOURCE
> Task :shared:generateResourceAccessorsForAndroidRelease NO-SOURCE
> Task :shared:mergeDebugShaders
> Task :shared:compileDebugShaders NO-SOURCE
> Task :shared:mergeReleaseJniLibFolders
> Task :shared:generateDebugAssets UP-TO-DATE
> Task :shared:mergeDebugJniLibFolders
> Task :shared:writeDebugAarMetadata
> Task :shared:mergeReleaseNativeLibs NO-SOURCE
> Task :shared:mergeDebugNativeLibs NO-SOURCE
> Task :composeApp:processDebugNavigationResources FROM-CACHE
> Task :shared:mergeDebugAssets
> Task :composeApp:mapDebugSourceSetPaths
> Task :composeApp:compileDebugNavigationResources FROM-CACHE
> Task :composeApp:parseDebugLocalResources FROM-CACHE
> Task :shared:javaPreCompileRelease FROM-CACHE
> Task :shared:writeReleaseAarMetadata
> Task :composeApp:checkDebugDuplicateClasses
> Task :shared:copyDebugJniLibsProjectOnly
> Task :shared:copyReleaseJniLibsProjectOnly
> Task :composeApp:checkReleaseDuplicateClasses
> Task :composeApp:processReleaseNavigationResources FROM-CACHE
> Task :composeApp:mergeDebugResources FROM-CACHE
> Task :composeApp:compileReleaseNavigationResources FROM-CACHE
> Task :composeApp:mapReleaseSourceSetPaths
> Task :composeApp:processDebugMainManifest FROM-CACHE
> Task :shared:extractDeepLinksRelease FROM-CACHE
> Task :composeApp:parseReleaseLocalResources FROM-CACHE
> Task :composeApp:processDebugManifest FROM-CACHE
> Task :composeApp:mergeDebugAssets
> Task :shared:compileReleaseLibraryResources FROM-CACHE
> Task :composeApp:processDebugManifestForPackage FROM-CACHE
> Task :shared:processReleaseManifest FROM-CACHE
> Task :composeApp:compressDebugAssets FROM-CACHE
> Task :shared:prepareReleaseArtProfile UP-TO-DATE
> Task :composeApp:mergeReleaseNativeLibs
> Task :composeApp:compileReleaseShaders NO-SOURCE
> Task :composeApp:generateReleaseAssets UP-TO-DATE
> Task :composeApp:mergeDebugNativeLibs
> Task :composeApp:checkDebugAarMetadata
> Task :shared:mergeReleaseShaders
> Task :shared:compileReleaseShaders NO-SOURCE
> Task :composeApp:checkReleaseAarMetadata
> Task :shared:generateReleaseAssets UP-TO-DATE
> Task :shared:releaseAssetsCopyForAGP NO-SOURCE
> Task :shared:convertXmlValueResourcesForAndroidUnitTest NO-SOURCE
> Task :shared:copyNonXmlValueResourcesForAndroidUnitTest NO-SOURCE
> Task :shared:copyReleaseComposeResourcesToAndroidAssets
> Task :shared:prepareComposeResourcesTaskForAndroidUnitTest NO-SOURCE

> Task :composeApp:stripReleaseDebugSymbols
Unable to strip the following libraries, packaging them as they are: libandroidx.graphics.path.so. Run with --info option to learn more.

> Task :composeApp:stripDebugDebugSymbols
Unable to strip the following libraries, packaging them as they are: libandroidx.graphics.path.so. Run with --info option to learn more.

> Task :shared:generateResourceAccessorsForAndroidUnitTest NO-SOURCE
> Task :shared:convertXmlValueResourcesForAndroidUnitTestDebug NO-SOURCE
> Task :shared:convertXmlValueResourcesForAndroidUnitTestRelease NO-SOURCE
> Task :shared:copyNonXmlValueResourcesForAndroidUnitTestDebug NO-SOURCE
> Task :shared:copyNonXmlValueResourcesForAndroidUnitTestRelease NO-SOURCE
> Task :shared:prepareComposeResourcesTaskForAndroidUnitTestDebug NO-SOURCE
> Task :composeApp:processReleaseMainManifest FROM-CACHE
> Task :shared:generateResourceAccessorsForAndroidUnitTestDebug NO-SOURCE
> Task :composeApp:extractReleaseNativeSymbolTables FROM-CACHE
> Task :shared:prepareComposeResourcesTaskForAndroidUnitTestRelease NO-SOURCE
> Task :shared:mergeReleaseAssets
> Task :shared:convertXmlValueResourcesForAppleTest NO-SOURCE
> Task :composeApp:mergeReleaseNativeDebugMetadata NO-SOURCE
> Task :shared:copyNonXmlValueResourcesForAppleTest NO-SOURCE
> Task :shared:generateResourceAccessorsForAndroidUnitTestRelease NO-SOURCE
> Task :shared:convertXmlValueResourcesForCommonTest NO-SOURCE
> Task :composeApp:processReleaseManifest FROM-CACHE
> Task :shared:convertXmlValueResourcesForIosArm64Main NO-SOURCE
> Task :shared:copyNonXmlValueResourcesForCommonTest NO-SOURCE
> Task :shared:prepareComposeResourcesTaskForAppleTest NO-SOURCE
> Task :shared:copyNonXmlValueResourcesForIosArm64Main NO-SOURCE
> Task :composeApp:processReleaseManifestForPackage FROM-CACHE
> Task :shared:generateResourceAccessorsForAppleTest NO-SOURCE
> Task :shared:prepareComposeResourcesTaskForCommonTest NO-SOURCE
> Task :shared:prepareComposeResourcesTaskForIosArm64Main NO-SOURCE
> Task :shared:convertXmlValueResourcesForIosArm64Test NO-SOURCE
> Task :shared:convertXmlValueResourcesForIosSimulatorArm64Main NO-SOURCE
> Task :shared:generateResourceAccessorsForCommonTest NO-SOURCE
> Task :shared:generateResourceAccessorsForIosArm64Main NO-SOURCE
> Task :shared:copyNonXmlValueResourcesForIosArm64Test NO-SOURCE
> Task :shared:copyNonXmlValueResourcesForIosSimulatorArm64Main NO-SOURCE
> Task :shared:convertXmlValueResourcesForIosSimulatorArm64Test NO-SOURCE
> Task :shared:convertXmlValueResourcesForIosTest NO-SOURCE
> Task :shared:copyNonXmlValueResourcesForIosSimulatorArm64Test NO-SOURCE
> Task :shared:copyNonXmlValueResourcesForIosTest NO-SOURCE
> Task :shared:prepareComposeResourcesTaskForIosArm64Test NO-SOURCE
> Task :shared:prepareComposeResourcesTaskForIosSimulatorArm64Main NO-SOURCE
> Task :shared:generateResourceAccessorsForIosArm64Test NO-SOURCE
> Task :composeApp:mergeReleaseArtProfile
> Task :shared:prepareComposeResourcesTaskForIosTest NO-SOURCE
> Task :shared:generateResourceAccessorsForIosSimulatorArm64Main NO-SOURCE
> Task :shared:convertXmlValueResourcesForIosX64Test NO-SOURCE
> Task :shared:prepareComposeResourcesTaskForIosSimulatorArm64Test NO-SOURCE
> Task :shared:convertXmlValueResourcesForIosX64Main NO-SOURCE
> Task :composeApp:mergeReleaseAssets
> Task :shared:generateResourceAccessorsForIosTest NO-SOURCE
> Task :shared:copyNonXmlValueResourcesForIosX64Test NO-SOURCE
> Task :shared:convertXmlValueResourcesForJsMain NO-SOURCE
> Task :shared:copyNonXmlValueResourcesForIosX64Main NO-SOURCE
> Task :shared:convertXmlValueResourcesForJsTest NO-SOURCE
> Task :shared:generateResourceAccessorsForIosSimulatorArm64Test NO-SOURCE
> Task :shared:copyNonXmlValueResourcesForJsMain NO-SOURCE
> Task :shared:copyNonXmlValueResourcesForJsTest NO-SOURCE
> Task :shared:convertXmlValueResourcesForJvmMain NO-SOURCE
> Task :shared:prepareComposeResourcesTaskForIosX64Main NO-SOURCE
> Task :shared:prepareComposeResourcesTaskForIosX64Test NO-SOURCE
> Task :shared:copyNonXmlValueResourcesForJvmMain NO-SOURCE
> Task :shared:prepareComposeResourcesTaskForJsMain NO-SOURCE
> Task :shared:prepareComposeResourcesTaskForJsTest NO-SOURCE
> Task :shared:generateResourceAccessorsForIosX64Main NO-SOURCE
> Task :shared:generateResourceAccessorsForIosX64Test NO-SOURCE
> Task :shared:generateResourceAccessorsForJsMain NO-SOURCE
> Task :shared:prepareComposeResourcesTaskForJvmMain NO-SOURCE
> Task :composeApp:compressReleaseAssets FROM-CACHE
> Task :shared:generateResourceAccessorsForJsTest NO-SOURCE
> Task :shared:convertXmlValueResourcesForNativeTest NO-SOURCE
> Task :shared:convertXmlValueResourcesForJvmTest NO-SOURCE
> Task :shared:convertXmlValueResourcesForWebMain NO-SOURCE
> Task :shared:copyNonXmlValueResourcesForWebMain NO-SOURCE
> Task :shared:copyNonXmlValueResourcesForJvmTest NO-SOURCE
> Task :shared:convertXmlValueResourcesForWebTest NO-SOURCE
> Task :shared:copyNonXmlValueResourcesForNativeTest NO-SOURCE
> Task :shared:generateResourceAccessorsForJvmMain NO-SOURCE
> Task :shared:prepareComposeResourcesTaskForJvmTest NO-SOURCE
> Task :shared:copyNonXmlValueResourcesForWebTest NO-SOURCE
> Task :shared:prepareComposeResourcesTaskForWebMain NO-SOURCE
> Task :shared:generateResourceAccessorsForJvmTest NO-SOURCE
> Task :shared:prepareLintJarForPublish UP-TO-DATE
> Task :shared:prepareComposeResourcesTaskForNativeTest NO-SOURCE
> Task :shared:prepareComposeResourcesTaskForWebTest NO-SOURCE
> Task :shared:generateResourceAccessorsForWebMain NO-SOURCE
> Task :shared:extractProguardFiles
> Task :shared:generateResourceAccessorsForNativeTest NO-SOURCE
> Task :composeApp:mergeReleaseResources FROM-CACHE
> Task :shared:generateResourceAccessorsForWebTest NO-SOURCE
> Task :shared:stripReleaseDebugSymbols NO-SOURCE
> Task :shared:extractDeepLinksForAarRelease UP-TO-DATE
> Task :shared:writeReleaseLintModelMetadata
> Task :shared:copyReleaseJniLibsProjectAndLocalJars
> Task :shared:generateActualResourceCollectorsForJsMain
> Task :shared:compileReleaseKotlinAndroid FROM-CACHE
> Task :shared:generateActualResourceCollectorsForIosSimulatorArm64Main
> Task :shared:generateActualResourceCollectorsForIosArm64Main
> Task :shared:assembleJsMainResources
> Task :shared:compileDebugKotlinAndroid FROM-CACHE
> Task :shared:compileReleaseJavaWithJavac NO-SOURCE
> Task :shared:compileDebugJavaWithJavac NO-SOURCE
> Task :shared:checkReleaseAarMetadata
> Task :shared:processReleaseJavaRes
> Task :shared:extractReleaseAnnotations FROM-CACHE
> Task :shared:processDebugJavaRes
> Task :composeApp:sdkReleaseDependencyData
> Task :shared:bundleLibRuntimeToJarRelease
> Task :shared:bundleLibCompileToJarDebug
> Task :shared:createFullJarRelease
> Task :shared:mergeReleaseGeneratedProguardFiles UP-TO-DATE
> Task :shared:mergeReleaseConsumerProguardFiles UP-TO-DATE
> Task :shared:bundleLibCompileToJarRelease
> Task :shared:lintVitalAnalyzeRelease FROM-CACHE
> Task :shared:mergeReleaseJavaResource
> Task :shared:syncReleaseLibJars FROM-CACHE
> Task :shared:generateReleaseLintVitalModel
> Task :shared:generateReleaseLintModel
> Task :shared:assembleIosArm64MainResources
> Task :shared:jsCopyHierarchicalMultiplatformResources
> Task :shared:iosArm64CopyHierarchicalMultiplatformResources
> Task :shared:jsZipMultiplatformResourcesForPublication
> Task :shared:bundleReleaseLocalLintAar
> Task :shared:iosArm64ZipMultiplatformResourcesForPublication
> Task :composeApp:jsResolveResourcesFromDependencies
> Task :shared:assembleIosSimulatorArm64MainResources
> Task :composeApp:jsAggregateResources
> Task :composeApp:iosArm64ResolveResourcesFromDependencies
> Task :shared:iosSimulatorArm64CopyHierarchicalMultiplatformResources
> Task :composeApp:iosArm64AggregateResources
> Task :shared:iosSimulatorArm64ZipMultiplatformResourcesForPublication
> Task :composeApp:iosSimulatorArm64ResolveResourcesFromDependencies
> Task :composeApp:iosArm64ProcessResources
> Task :kotlinNodeJsSetup UP-TO-DATE
> Task :composeApp:iosSimulatorArm64AggregateResources
> Task :kotlinYarnSetup UP-TO-DATE
> Task :composeApp:iosSimulatorArm64ProcessResources
> Task :shared:jsTestPackageJson
> Task :shared:jsPublicPackageJson
> Task :shared:jsTestPublicPackageJson
> Task :shared:bundleLibRuntimeToDirRelease
> Task :shared:bundleLibRuntimeToDirDebug
> Task :shared:generateActualResourceCollectorsForJvmMain
> Task :composeApp:jsPackageJson
> Task :composeApp:jsTestPackageJson
> Task :composeApp:jsPublicPackageJson
> Task :composeApp:jsTestPublicPackageJson
> Task :kotlinPackageJsonUmbrella
> Task :pocketbase-kt-sdk:transformCommonMainDependenciesMetadata
> Task :composeApp:jsProcessResources
> Task :shared:assembleJvmMainResources
> Task :shared:jvmProcessResources
> Task :rootPackageJson
> Task :shared:processJvmMainResources SKIPPED
> Task :composeApp:copyTestComposeResourcesForIosSimulatorArm64
> Task :composeApp:assembleJvmTestResources
> Task :composeApp:jvmTestProcessResources
> Task :composeApp:processJvmTestResources SKIPPED
> Task :composeApp:javaPreCompileDebugUnitTest FROM-CACHE
> Task :composeApp:jsTestProcessResources
> Task :composeApp:javaPreCompileReleaseUnitTest FROM-CACHE
> Task :shared:bundleLibRuntimeToJarDebug
> Task :shared:stripDebugDebugSymbols NO-SOURCE
> Task :shared:checkDebugAarMetadata
> Task :shared:copyDebugJniLibsProjectAndLocalJars
> Task :shared:extractDeepLinksForAarDebug UP-TO-DATE
> Task :shared:mergeDebugGeneratedProguardFiles UP-TO-DATE
> Task :shared:mergeDebugConsumerProguardFiles UP-TO-DATE
> Task :shared:prepareDebugArtProfile UP-TO-DATE
> Task :shared:extractDebugAnnotations FROM-CACHE
> Task :composeApp:preDebugAndroidTestBuild SKIPPED
> Task :composeApp:generateDebugAndroidTestResValues FROM-CACHE
> Task :shared:mergeDebugJavaResource
> Task :composeApp:processReleaseResources FROM-CACHE
> Task :shared:compileKotlinJs FROM-CACHE
> Task :shared:createFullJarDebug
> Task :shared:syncDebugLibJars FROM-CACHE
> Task :shared:bundleDebugLocalLintAar
> Task :composeApp:optimizeReleaseResources FROM-CACHE
> Task :shared:writeDebugLintModelMetadata
> Task :shared:generateDebugAndroidTestResValues FROM-CACHE
> Task :shared:lintAnalyzeDebug FROM-CACHE
> Task :composeApp:processDebugResources FROM-CACHE
> Task :shared:generateDebugAndroidTestLintModel
> Task :shared:generateDebugLintModel
> Task :shared:lintAnalyzeDebugAndroidTest FROM-CACHE
> Task :shared:lintAnalyzeDebugUnitTest FROM-CACHE
> Task :pocketbase-kt-sdk:compileCommonMainKotlinMetadata FROM-CACHE
> Task :pocketbase-kt-sdk:metadataCommonMainClasses UP-TO-DATE
> Task :pocketbase-kt-sdk:mergeDebugNativeLibs NO-SOURCE
> Task :shared:generateDebugUnitTestLintModel
> Task :shared:compileKotlinJvm FROM-CACHE
> Task :pocketbase-kt-sdk:stripDebugDebugSymbols NO-SOURCE
> Task :shared:compileJvmMainJava NO-SOURCE
> Task :shared:jvmMainClasses
> Task :pocketbase-kt-sdk:parseDebugLocalResources FROM-CACHE
> Task :composeApp:mergeExtDexRelease FROM-CACHE
> Task :pocketbase-kt-sdk:compileDebugShaders NO-SOURCE
> Task :pocketbase-kt-sdk:generateDebugAssets UP-TO-DATE
> Task :pocketbase-kt-sdk:allMetadataJar
> Task :pocketbase-kt-sdk:generateDebugRFile FROM-CACHE
> Task :pocketbase-kt-sdk:mergeReleaseJniLibFolders
> Task :pocketbase-kt-sdk:mergeReleaseNativeLibs NO-SOURCE
> Task :pocketbase-kt-sdk:stripReleaseDebugSymbols NO-SOURCE
> Task :pocketbase-kt-sdk:copyReleaseJniLibsProjectAndLocalJars
> Task :pocketbase-kt-sdk:generateReleaseResValues FROM-CACHE
> Task :pocketbase-kt-sdk:extractDeepLinksForAarRelease UP-TO-DATE
> Task :pocketbase-kt-sdk:generateReleaseResources FROM-CACHE
> Task :pocketbase-kt-sdk:packageReleaseResources FROM-CACHE
> Task :pocketbase-kt-sdk:processReleaseNavigationResources FROM-CACHE
> Task :pocketbase-kt-sdk:parseReleaseLocalResources FROM-CACHE
> Task :pocketbase-kt-sdk:generateReleaseRFile FROM-CACHE
> Task :composeApp:mergeExtDexDebug FROM-CACHE
> Task :pocketbase-kt-sdk:compileReleaseKotlinAndroid FROM-CACHE
> Task :pocketbase-kt-sdk:extractReleaseAnnotations FROM-CACHE
> Task :pocketbase-kt-sdk:javaPreCompileRelease FROM-CACHE
> Task :pocketbase-kt-sdk:compileReleaseJavaWithJavac NO-SOURCE
> Task :pocketbase-kt-sdk:mergeReleaseGeneratedProguardFiles UP-TO-DATE
> Task :pocketbase-kt-sdk:mergeReleaseConsumerProguardFiles UP-TO-DATE
> Task :pocketbase-kt-sdk:prepareReleaseArtProfile UP-TO-DATE
> Task :pocketbase-kt-sdk:processReleaseManifest FROM-CACHE
> Task :pocketbase-kt-sdk:processReleaseJavaRes
> Task :shared:jvmJar
> Task :pocketbase-kt-sdk:mergeReleaseShaders
> Task :pocketbase-kt-sdk:compileReleaseShaders NO-SOURCE
> Task :pocketbase-kt-sdk:generateReleaseAssets UP-TO-DATE
> Task :pocketbase-kt-sdk:mergeDebugAssets
> Task :pocketbase-kt-sdk:writeReleaseAarMetadata
> Task :pocketbase-kt-sdk:mapReleaseSourceSetPaths
> Task :pocketbase-kt-sdk:mergeReleaseResources FROM-CACHE
> Task :shared:compileKotlinIosSimulatorArm64 FROM-CACHE
> Task :shared:compileKotlinIosArm64 FROM-CACHE

> Task :kotlinNpmInstall
warning Ignored scripts due to flag.

> Task :kotlinStoreYarnLock UP-TO-DATE
> Task :pocketbase-kt-sdk:commonizeNativeDistribution
> Task :pocketbase-kt-sdk:mergeReleaseAssets
> Task :pocketbase-kt-sdk:metadataNativeMainProcessResources NO-SOURCE
> Task :pocketbase-kt-sdk:metadataAppleMainProcessResources NO-SOURCE
> Task :pocketbase-kt-sdk:compileKotlinIosArm64 FROM-CACHE
> Task :pocketbase-kt-sdk:compileKotlinIosSimulatorArm64 FROM-CACHE
> Task :pocketbase-kt-sdk:compileKotlinIosX64 FROM-CACHE
> Task :pocketbase-kt-sdk:iosArm64ProcessResources NO-SOURCE
> Task :pocketbase-kt-sdk:iosArm64MainKlibrary UP-TO-DATE
> Task :pocketbase-kt-sdk:compileTestKotlinIosArm64 NO-SOURCE
> Task :pocketbase-kt-sdk:iosSimulatorArm64ProcessResources NO-SOURCE
> Task :pocketbase-kt-sdk:iosSimulatorArm64MainKlibrary UP-TO-DATE
> Task :pocketbase-kt-sdk:compileTestKotlinIosSimulatorArm64 NO-SOURCE
> Task :pocketbase-kt-sdk:iosX64ProcessResources NO-SOURCE
> Task :pocketbase-kt-sdk:iosX64MainKlibrary UP-TO-DATE
> Task :pocketbase-kt-sdk:compileTestKotlinIosX64 NO-SOURCE
> Task :pocketbase-kt-sdk:metadataIosMainProcessResources NO-SOURCE
> Task :pocketbase-kt-sdk:compileKotlinJs FROM-CACHE
> Task :pocketbase-kt-sdk:jsProcessResources NO-SOURCE
> Task :pocketbase-kt-sdk:jsMainClasses UP-TO-DATE
> Task :pocketbase-kt-sdk:transformNativeMainDependenciesMetadata
> Task :pocketbase-kt-sdk:compileNativeMainKotlinMetadata NO-SOURCE
> Task :pocketbase-kt-sdk:metadataNativeMainClasses UP-TO-DATE
> Task :pocketbase-kt-sdk:jsJar
> Task :pocketbase-kt-sdk:transformAppleMainDependenciesMetadata
> Task :pocketbase-kt-sdk:compileAppleMainKotlinMetadata NO-SOURCE
> Task :pocketbase-kt-sdk:metadataAppleMainClasses UP-TO-DATE
> Task :pocketbase-kt-sdk:transformIosMainDependenciesMetadata
> Task :pocketbase-kt-sdk:compileIosMainKotlinMetadata NO-SOURCE
> Task :pocketbase-kt-sdk:metadataIosMainClasses UP-TO-DATE
> Task :pocketbase-kt-sdk:iosArm64MetadataElements
> Task :pocketbase-kt-sdk:iosSimulatorArm64MetadataElements
> Task :pocketbase-kt-sdk:compileKotlinJvm FROM-CACHE
> Task :pocketbase-kt-sdk:iosX64MetadataElements
> Task :pocketbase-kt-sdk:jvmProcessResources NO-SOURCE
> Task :pocketbase-kt-sdk:processJvmMainResources SKIPPED
> Task :pocketbase-kt-sdk:linkDebugTestIosSimulatorArm64 NO-SOURCE
> Task :pocketbase-kt-sdk:iosSimulatorArm64Test SKIPPED
> Task :pocketbase-kt-sdk:linkDebugTestIosX64 NO-SOURCE
> Task :pocketbase-kt-sdk:iosX64Test SKIPPED
> Task :pocketbase-kt-sdk:compileTestKotlinJs NO-SOURCE
> Task :pocketbase-kt-sdk:jsTestProcessResources NO-SOURCE
> Task :pocketbase-kt-sdk:jsTestClasses UP-TO-DATE
> Task :pocketbase-kt-sdk:mergeReleaseJavaResource
> Task :pocketbase-kt-sdk:compileTestDevelopmentExecutableKotlinJs NO-SOURCE
> Task :pocketbase-kt-sdk:compileDebugKotlinAndroid FROM-CACHE
> Task :pocketbase-kt-sdk:jsTestTestDevelopmentExecutableCompileSync NO-SOURCE
> Task :pocketbase-kt-sdk:compileDebugJavaWithJavac NO-SOURCE
> Task :pocketbase-kt-sdk:mergeDebugGeneratedProguardFiles UP-TO-DATE
> Task :pocketbase-kt-sdk:mergeDebugConsumerProguardFiles UP-TO-DATE
> Task :pocketbase-kt-sdk:extractDebugAnnotations FROM-CACHE
> Task :pocketbase-kt-sdk:compileJvmMainJava NO-SOURCE
> Task :pocketbase-kt-sdk:jvmMainClasses UP-TO-DATE
> Task :pocketbase-kt-sdk:syncReleaseLibJars FROM-CACHE
> Task :pocketbase-kt-sdk:kotlinNodeJsSetup UP-TO-DATE
> Task :pocketbase-kt-sdk:processDebugJavaRes
> Task :pocketbase-kt-sdk:copyDebugJniLibsProjectAndLocalJars
> Task :pocketbase-kt-sdk:jsNodeTest SKIPPED
> Task :pocketbase-kt-sdk:jsBrowserTest SKIPPED
> Task :pocketbase-kt-sdk:jvmTestProcessResources NO-SOURCE
> Task :pocketbase-kt-sdk:processJvmTestResources SKIPPED
> Task :pocketbase-kt-sdk:bundleReleaseAar
> Task :pocketbase-kt-sdk:jsTest NO-SOURCE
> Task :pocketbase-kt-sdk:preDebugUnitTestBuild UP-TO-DATE
> Task :pocketbase-kt-sdk:mergeDebugJavaResource
> Task :pocketbase-kt-sdk:bundleLibRuntimeToJarDebug
> Task :pocketbase-kt-sdk:generateDebugUnitTestStubRFile FROM-CACHE
> Task :pocketbase-kt-sdk:javaPreCompileDebugUnitTest FROM-CACHE
> Task :pocketbase-kt-sdk:jvmJar
> Task :pocketbase-kt-sdk:syncDebugLibJars FROM-CACHE
> Task :pocketbase-kt-sdk:bundleLibCompileToJarDebug
> Task :pocketbase-kt-sdk:compileTestKotlinJvm NO-SOURCE
> Task :pocketbase-kt-sdk:compileDebugUnitTestKotlinAndroid NO-SOURCE
> Task :pocketbase-kt-sdk:compileJvmTestJava NO-SOURCE
> Task :pocketbase-kt-sdk:compileDebugUnitTestJavaWithJavac NO-SOURCE
> Task :pocketbase-kt-sdk:jvmTestClasses UP-TO-DATE
> Task :pocketbase-kt-sdk:processDebugUnitTestJavaRes NO-SOURCE
> Task :pocketbase-kt-sdk:bundleLibCompileToJarRelease
> Task :pocketbase-kt-sdk:preReleaseUnitTestBuild UP-TO-DATE
> Task :pocketbase-kt-sdk:generateReleaseUnitTestStubRFile FROM-CACHE
> Task :pocketbase-kt-sdk:testDebugUnitTest NO-SOURCE
> Task :pocketbase-kt-sdk:javaPreCompileReleaseUnitTest FROM-CACHE
> Task :pocketbase-kt-sdk:bundleDebugAar
> Task :pocketbase-kt-sdk:assembleDebug
> Task :pocketbase-kt-sdk:jvmTest NO-SOURCE
> Task :pocketbase-kt-sdk:preDebugAndroidTestBuild UP-TO-DATE
> Task :pocketbase-kt-sdk:generateDebugAndroidTestResValues FROM-CACHE
> Task :pocketbase-kt-sdk:bundleLibRuntimeToJarRelease
> Task :pocketbase-kt-sdk:createFullJarDebug
> Task :server:checkKotlinGradlePluginConfigurationErrors SKIPPED
> Task :pocketbase-kt-sdk:bundleDebugLocalLintAar
> Task :pocketbase-kt-sdk:writeDebugLintModelMetadata
> Task :pocketbase-kt-sdk:compileReleaseUnitTestKotlinAndroid NO-SOURCE
> Task :pocketbase-kt-sdk:extractProguardFiles
> Task :shared:transformCommonMainDependenciesMetadata
> Task :pocketbase-kt-sdk:compileReleaseUnitTestJavaWithJavac NO-SOURCE
> Task :pocketbase-kt-sdk:processReleaseUnitTestJavaRes NO-SOURCE
> Task :pocketbase-kt-sdk:testReleaseUnitTest NO-SOURCE
> Task :pocketbase-kt-sdk:allTests NO-SOURCE
> Task :shared:compileCommonMainKotlinMetadata FROM-CACHE
> Task :shared:metadataCommonMainClasses UP-TO-DATE
> Task :pocketbase-kt-sdk:generateDebugUnitTestLintModel
> Task :pocketbase-kt-sdk:generateDebugLintReportModel
> Task :pocketbase-kt-sdk:generateDebugAndroidTestLintModel
> Task :shared:allMetadataJar
> Task :pocketbase-kt-sdk:test UP-TO-DATE
> Task :pocketbase-kt-sdk:lintAnalyzeDebug FROM-CACHE
> Task :server:processTestResources NO-SOURCE
> Task :pocketbase-kt-sdk:lintAnalyzeDebugUnitTest FROM-CACHE
> Task :server:processResources
> Task :pocketbase-kt-sdk:lintAnalyzeDebugAndroidTest FROM-CACHE
> Task :composeApp:mergeLibDexDebug
> Task :shared:bundleDebugAar
> Task :shared:assembleDebug
> Task :shared:generateActualResourceCollectorsForIosX64Main
> Task :shared:bundleReleaseAar
> Task :shared:iosArm64ResolveResourcesFromDependencies
> Task :shared:iosArm64ResolveSelfResourcesCopyHierarchicalMultiplatformResources
> Task :shared:iosArm64AggregateResources
> Task :shared:iosArm64ProcessResources
> Task :shared:iosArm64MainKlibrary
> Task :shared:compileKotlinIosX64 FROM-CACHE
> Task :shared:iosSimulatorArm64ResolveResourcesFromDependencies
> Task :shared:iosSimulatorArm64ResolveSelfResourcesCopyHierarchicalMultiplatformResources
> Task :shared:iosSimulatorArm64AggregateResources
> Task :shared:iosSimulatorArm64ProcessResources
> Task :shared:iosSimulatorArm64MainKlibrary
> Task :pocketbase-kt-sdk:verifyReleaseResources
> Task :shared:mergeReleaseResources FROM-CACHE
> Task :pocketbase-kt-sdk:assembleRelease
> Task :pocketbase-kt-sdk:assemble
> Task :shared:iosX64ResolveResourcesFromDependencies
> Task :shared:assembleIosX64MainResources
> Task :shared:jsResolveResourcesFromDependencies
> Task :shared:iosX64ResolveSelfResourcesCopyHierarchicalMultiplatformResources
> Task :shared:iosX64AggregateResources
> Task :shared:jsResolveSelfResourcesCopyHierarchicalMultiplatformResources
> Task :shared:iosX64ProcessResources
> Task :shared:iosX64MainKlibrary
> Task :shared:jsAggregateResources
> Task :shared:unpackSkikoWasmRuntime
> Task :shared:jsProcessResources
> Task :shared:jsMainClasses
> Task :shared:mapReleaseSourceSetPaths
> Task :shared:transformNativeMainDependenciesMetadata
> Task :shared:compileNativeMainKotlinMetadata NO-SOURCE
> Task :shared:metadataNativeMainClasses UP-TO-DATE
> Task :shared:transformAppleMainDependenciesMetadata
> Task :shared:compileAppleMainKotlinMetadata NO-SOURCE
> Task :shared:metadataAppleMainClasses UP-TO-DATE
> Task :shared:jsJar
> Task :shared:assembleIosSimulatorArm64TestResources
> Task :shared:copyTestComposeResourcesForIosSimulatorArm64
> Task :shared:assembleIosX64TestResources
> Task :shared:copyTestComposeResourcesForIosX64
> Task :shared:transformIosMainDependenciesMetadata
> Task :shared:compileIosMainKotlinMetadata FROM-CACHE
> Task :shared:metadataIosMainClasses UP-TO-DATE
> Task :shared:exportCommonSourceSetsMetadataLocationsForMetadataApiElements
> Task :shared:iosArm64MetadataElements
> Task :shared:iosSimulatorArm64MetadataElements
> Task :shared:verifyReleaseResources
> Task :shared:assembleRelease
> Task :shared:iosX64MetadataElements
> Task :shared:assembleJsTestResources

> Task :composeApp:compileKotlinJs
w: file:///Users/brentzey/bside/composeApp/src/commonMain/kotlin/love/bside/app/ui/components/Buttons.kt:106:33 'val outlinedButtonBorder: BorderStroke' is deprecated. Please use the version that takes an `enabled` param to get the `BorderStroke` with the correct opacity.
w: file:///Users/brentzey/bside/composeApp/src/commonMain/kotlin/love/bside/app/ui/screens/chat/ChatDetailScreen.kt:89:57 'val Icons.Filled.ArrowBack: ImageVector' is deprecated. Use the AutoMirrored version at Icons.AutoMirrored.Filled.ArrowBack.
w: file:///Users/brentzey/bside/composeApp/src/commonMain/kotlin/love/bside/app/ui/screens/chat/ChatDetailScreen.kt:141:42 'val Icons.Filled.Chat: ImageVector' is deprecated. Use the AutoMirrored version at Icons.AutoMirrored.Filled.Chat.
w: file:///Users/brentzey/bside/composeApp/src/commonMain/kotlin/love/bside/app/ui/screens/chat/ChatDetailScreen.kt:283:49 'val Icons.Filled.Send: ImageVector' is deprecated. Use the AutoMirrored version at Icons.AutoMirrored.Filled.Send.
w: file:///Users/brentzey/bside/composeApp/src/commonMain/kotlin/love/bside/app/ui/screens/messages/ConversationsListScreen.kt:47:42 'val Icons.Filled.Chat: ImageVector' is deprecated. Use the AutoMirrored version at Icons.AutoMirrored.Filled.Chat.
w: file:///Users/brentzey/bside/composeApp/src/commonMain/kotlin/love/bside/app/ui/screens/profile/ProfileDetailScreen.kt:43:57 'val Icons.Filled.ArrowBack: ImageVector' is deprecated. Use the AutoMirrored version at Icons.AutoMirrored.Filled.ArrowBack.
w: file:///Users/brentzey/bside/composeApp/src/commonMain/kotlin/love/bside/app/ui/screens/profile/ProfileDetailScreen.kt:310:46 'val Icons.Filled.Chat: ImageVector' is deprecated. Use the AutoMirrored version at Icons.AutoMirrored.Filled.Chat.
w: file:///Users/brentzey/bside/composeApp/src/commonMain/kotlin/love/bside/app/ui/screens/settings/SettingsScreen.kt:116:42 'val Icons.Filled.Help: ImageVector' is deprecated. Use the AutoMirrored version at Icons.AutoMirrored.Filled.Help.
w: file:///Users/brentzey/bside/composeApp/src/commonMain/kotlin/love/bside/app/ui/screens/settings/SettingsScreen.kt:143:53 'val Icons.Filled.Logout: ImageVector' is deprecated. Use the AutoMirrored version at Icons.AutoMirrored.Filled.Logout.
w: file:///Users/brentzey/bside/composeApp/src/commonMain/kotlin/love/bside/app/ui/screens/settings/SettingsScreen.kt:160:49 'val Icons.Filled.Logout: ImageVector' is deprecated. Use the AutoMirrored version at Icons.AutoMirrored.Filled.Logout.

> Task :shared:compileTestKotlinJs
w: file:///Users/brentzey/bside/shared/src/commonTest/kotlin/love/bside/app/integration/EndToEndIntegrationTest.kt:177:20 Check for instance is always 'true'.
w: file:///Users/brentzey/bside/shared/src/commonTest/kotlin/love/bside/app/integration/EndToEndIntegrationTest.kt:178:20 Check for instance is always 'true'.
w: file:///Users/brentzey/bside/shared/src/commonTest/kotlin/love/bside/app/integration/EndToEndIntegrationTest.kt:179:20 Check for instance is always 'true'.
w: file:///Users/brentzey/bside/shared/src/commonTest/kotlin/love/bside/app/integration/EndToEndIntegrationTest.kt:180:20 Check for instance is always 'true'.
w: file:///Users/brentzey/bside/shared/src/commonTest/kotlin/love/bside/app/integration/EndToEndIntegrationTest.kt:181:20 Check for instance is always 'true'.

> Task :shared:jsTestProcessResources
> Task :shared:jsTestClasses
> Task :composeApp:jsMainClasses
> Task :shared:kotlinNodeJsSetup
> Task :composeApp:jsJar
> Task :pocketbase-kt-sdk:lintReportDebug
> Task :pocketbase-kt-sdk:lintDebug
> Task :pocketbase-kt-sdk:lint
> Task :pocketbase-kt-sdk:check
> Task :pocketbase-kt-sdk:build
> Task :composeApp:transformCommonMainDependenciesMetadata
> Task :composeApp:compileCommonMainKotlinMetadata FROM-CACHE
> Task :composeApp:metadataCommonMainClasses
> Task :composeApp:allMetadataJar
> Task :composeApp:compileTestKotlinJs
> Task :composeApp:jsTestClasses
> Task :composeApp:transformNativeMainDependenciesMetadata
> Task :composeApp:compileNativeMainKotlinMetadata NO-SOURCE
> Task :composeApp:metadataNativeMainClasses
> Task :composeApp:transformAppleMainDependenciesMetadata
> Task :composeApp:compileAppleMainKotlinMetadata NO-SOURCE
> Task :composeApp:metadataAppleMainClasses

> Task :composeApp:compileKotlinJvm
w: file:///Users/brentzey/bside/composeApp/src/commonMain/kotlin/love/bside/app/ui/components/Buttons.kt:106:33 'val outlinedButtonBorder: BorderStroke' is deprecated. Please use the version that takes an `enabled` param to get the `BorderStroke` with the correct opacity.
w: file:///Users/brentzey/bside/composeApp/src/commonMain/kotlin/love/bside/app/ui/screens/chat/ChatDetailScreen.kt:89:57 'val Icons.Filled.ArrowBack: ImageVector' is deprecated. Use the AutoMirrored version at Icons.AutoMirrored.Filled.ArrowBack.
w: file:///Users/brentzey/bside/composeApp/src/commonMain/kotlin/love/bside/app/ui/screens/chat/ChatDetailScreen.kt:141:42 'val Icons.Filled.Chat: ImageVector' is deprecated. Use the AutoMirrored version at Icons.AutoMirrored.Filled.Chat.
w: file:///Users/brentzey/bside/composeApp/src/commonMain/kotlin/love/bside/app/ui/screens/chat/ChatDetailScreen.kt:283:49 'val Icons.Filled.Send: ImageVector' is deprecated. Use the AutoMirrored version at Icons.AutoMirrored.Filled.Send.
w: file:///Users/brentzey/bside/composeApp/src/commonMain/kotlin/love/bside/app/ui/screens/messages/ConversationsListScreen.kt:47:42 'val Icons.Filled.Chat: ImageVector' is deprecated. Use the AutoMirrored version at Icons.AutoMirrored.Filled.Chat.
w: file:///Users/brentzey/bside/composeApp/src/commonMain/kotlin/love/bside/app/ui/screens/profile/ProfileDetailScreen.kt:43:57 'val Icons.Filled.ArrowBack: ImageVector' is deprecated. Use the AutoMirrored version at Icons.AutoMirrored.Filled.ArrowBack.
w: file:///Users/brentzey/bside/composeApp/src/commonMain/kotlin/love/bside/app/ui/screens/profile/ProfileDetailScreen.kt:310:46 'val Icons.Filled.Chat: ImageVector' is deprecated. Use the AutoMirrored version at Icons.AutoMirrored.Filled.Chat.
w: file:///Users/brentzey/bside/composeApp/src/commonMain/kotlin/love/bside/app/ui/screens/settings/SettingsScreen.kt:116:42 'val Icons.Filled.Help: ImageVector' is deprecated. Use the AutoMirrored version at Icons.AutoMirrored.Filled.Help.
w: file:///Users/brentzey/bside/composeApp/src/commonMain/kotlin/love/bside/app/ui/screens/settings/SettingsScreen.kt:143:53 'val Icons.Filled.Logout: ImageVector' is deprecated. Use the AutoMirrored version at Icons.AutoMirrored.Filled.Logout.
w: file:///Users/brentzey/bside/composeApp/src/commonMain/kotlin/love/bside/app/ui/screens/settings/SettingsScreen.kt:160:49 'val Icons.Filled.Logout: ImageVector' is deprecated. Use the AutoMirrored version at Icons.AutoMirrored.Filled.Logout.

> Task :composeApp:transformIosMainDependenciesMetadata
> Task :composeApp:compileJvmMainJava NO-SOURCE
> Task :composeApp:jvmMainClasses
> Task :composeApp:jvmJar

> Task :shared:compileTestKotlinJvm
w: file:///Users/brentzey/bside/shared/src/commonTest/kotlin/love/bside/app/integration/EndToEndIntegrationTest.kt:177:20 Check for instance is always 'true'.
w: file:///Users/brentzey/bside/shared/src/commonTest/kotlin/love/bside/app/integration/EndToEndIntegrationTest.kt:178:20 Check for instance is always 'true'.
w: file:///Users/brentzey/bside/shared/src/commonTest/kotlin/love/bside/app/integration/EndToEndIntegrationTest.kt:179:20 Check for instance is always 'true'.
w: file:///Users/brentzey/bside/shared/src/commonTest/kotlin/love/bside/app/integration/EndToEndIntegrationTest.kt:180:20 Check for instance is always 'true'.
w: file:///Users/brentzey/bside/shared/src/commonTest/kotlin/love/bside/app/integration/EndToEndIntegrationTest.kt:181:20 Check for instance is always 'true'.

> Task :shared:compileJvmTestJava NO-SOURCE
> Task :shared:assembleJvmTestResources
> Task :shared:jvmTestProcessResources
> Task :shared:processJvmTestResources SKIPPED
> Task :shared:jvmTestClasses

> Task :composeApp:compileReleaseKotlinAndroid
w: file:///Users/brentzey/bside/composeApp/src/commonMain/kotlin/love/bside/app/ui/components/Buttons.kt:106:33 'val outlinedButtonBorder: BorderStroke' is deprecated. Please use the version that takes an `enabled` param to get the `BorderStroke` with the correct opacity.
w: file:///Users/brentzey/bside/composeApp/src/commonMain/kotlin/love/bside/app/ui/screens/chat/ChatDetailScreen.kt:89:57 'val Icons.Filled.ArrowBack: ImageVector' is deprecated. Use the AutoMirrored version at Icons.AutoMirrored.Filled.ArrowBack.
w: file:///Users/brentzey/bside/composeApp/src/commonMain/kotlin/love/bside/app/ui/screens/chat/ChatDetailScreen.kt:141:42 'val Icons.Filled.Chat: ImageVector' is deprecated. Use the AutoMirrored version at Icons.AutoMirrored.Filled.Chat.
w: file:///Users/brentzey/bside/composeApp/src/commonMain/kotlin/love/bside/app/ui/screens/chat/ChatDetailScreen.kt:283:49 'val Icons.Filled.Send: ImageVector' is deprecated. Use the AutoMirrored version at Icons.AutoMirrored.Filled.Send.
w: file:///Users/brentzey/bside/composeApp/src/commonMain/kotlin/love/bside/app/ui/screens/messages/ConversationsListScreen.kt:47:42 'val Icons.Filled.Chat: ImageVector' is deprecated. Use the AutoMirrored version at Icons.AutoMirrored.Filled.Chat.
w: file:///Users/brentzey/bside/composeApp/src/commonMain/kotlin/love/bside/app/ui/screens/profile/ProfileDetailScreen.kt:43:57 'val Icons.Filled.ArrowBack: ImageVector' is deprecated. Use the AutoMirrored version at Icons.AutoMirrored.Filled.ArrowBack.
w: file:///Users/brentzey/bside/composeApp/src/commonMain/kotlin/love/bside/app/ui/screens/profile/ProfileDetailScreen.kt:310:46 'val Icons.Filled.Chat: ImageVector' is deprecated. Use the AutoMirrored version at Icons.AutoMirrored.Filled.Chat.
w: file:///Users/brentzey/bside/composeApp/src/commonMain/kotlin/love/bside/app/ui/screens/settings/SettingsScreen.kt:116:42 'val Icons.Filled.Help: ImageVector' is deprecated. Use the AutoMirrored version at Icons.AutoMirrored.Filled.Help.
w: file:///Users/brentzey/bside/composeApp/src/commonMain/kotlin/love/bside/app/ui/screens/settings/SettingsScreen.kt:143:53 'val Icons.Filled.Logout: ImageVector' is deprecated. Use the AutoMirrored version at Icons.AutoMirrored.Filled.Logout.
w: file:///Users/brentzey/bside/composeApp/src/commonMain/kotlin/love/bside/app/ui/screens/settings/SettingsScreen.kt:160:49 'val Icons.Filled.Logout: ImageVector' is deprecated. Use the AutoMirrored version at Icons.AutoMirrored.Filled.Logout.

> Task :composeApp:compileDebugKotlinAndroid
w: file:///Users/brentzey/bside/composeApp/src/commonMain/kotlin/love/bside/app/ui/components/Buttons.kt:106:33 'val outlinedButtonBorder: BorderStroke' is deprecated. Please use the version that takes an `enabled` param to get the `BorderStroke` with the correct opacity.
w: file:///Users/brentzey/bside/composeApp/src/commonMain/kotlin/love/bside/app/ui/screens/chat/ChatDetailScreen.kt:89:57 'val Icons.Filled.ArrowBack: ImageVector' is deprecated. Use the AutoMirrored version at Icons.AutoMirrored.Filled.ArrowBack.
w: file:///Users/brentzey/bside/composeApp/src/commonMain/kotlin/love/bside/app/ui/screens/chat/ChatDetailScreen.kt:141:42 'val Icons.Filled.Chat: ImageVector' is deprecated. Use the AutoMirrored version at Icons.AutoMirrored.Filled.Chat.
w: file:///Users/brentzey/bside/composeApp/src/commonMain/kotlin/love/bside/app/ui/screens/chat/ChatDetailScreen.kt:283:49 'val Icons.Filled.Send: ImageVector' is deprecated. Use the AutoMirrored version at Icons.AutoMirrored.Filled.Send.
w: file:///Users/brentzey/bside/composeApp/src/commonMain/kotlin/love/bside/app/ui/screens/messages/ConversationsListScreen.kt:47:42 'val Icons.Filled.Chat: ImageVector' is deprecated. Use the AutoMirrored version at Icons.AutoMirrored.Filled.Chat.
w: file:///Users/brentzey/bside/composeApp/src/commonMain/kotlin/love/bside/app/ui/screens/profile/ProfileDetailScreen.kt:43:57 'val Icons.Filled.ArrowBack: ImageVector' is deprecated. Use the AutoMirrored version at Icons.AutoMirrored.Filled.ArrowBack.
w: file:///Users/brentzey/bside/composeApp/src/commonMain/kotlin/love/bside/app/ui/screens/profile/ProfileDetailScreen.kt:310:46 'val Icons.Filled.Chat: ImageVector' is deprecated. Use the AutoMirrored version at Icons.AutoMirrored.Filled.Chat.
w: file:///Users/brentzey/bside/composeApp/src/commonMain/kotlin/love/bside/app/ui/screens/settings/SettingsScreen.kt:116:42 'val Icons.Filled.Help: ImageVector' is deprecated. Use the AutoMirrored version at Icons.AutoMirrored.Filled.Help.
w: file:///Users/brentzey/bside/composeApp/src/commonMain/kotlin/love/bside/app/ui/screens/settings/SettingsScreen.kt:143:53 'val Icons.Filled.Logout: ImageVector' is deprecated. Use the AutoMirrored version at Icons.AutoMirrored.Filled.Logout.
w: file:///Users/brentzey/bside/composeApp/src/commonMain/kotlin/love/bside/app/ui/screens/settings/SettingsScreen.kt:160:49 'val Icons.Filled.Logout: ImageVector' is deprecated. Use the AutoMirrored version at Icons.AutoMirrored.Filled.Logout.

> Task :composeApp:compileDebugJavaWithJavac NO-SOURCE
> Task :composeApp:processDebugJavaRes
> Task :composeApp:compileTestKotlinJvm
> Task :composeApp:compileReleaseJavaWithJavac NO-SOURCE

> Task :shared:compileTestKotlinIosArm64
w: file:///Users/brentzey/bside/shared/src/commonTest/kotlin/love/bside/app/integration/EndToEndIntegrationTest.kt:177:20 Check for instance is always 'true'.
w: file:///Users/brentzey/bside/shared/src/commonTest/kotlin/love/bside/app/integration/EndToEndIntegrationTest.kt:178:20 Check for instance is always 'true'.
w: file:///Users/brentzey/bside/shared/src/commonTest/kotlin/love/bside/app/integration/EndToEndIntegrationTest.kt:179:20 Check for instance is always 'true'.
w: file:///Users/brentzey/bside/shared/src/commonTest/kotlin/love/bside/app/integration/EndToEndIntegrationTest.kt:180:20 Check for instance is always 'true'.
w: file:///Users/brentzey/bside/shared/src/commonTest/kotlin/love/bside/app/integration/EndToEndIntegrationTest.kt:181:20 Check for instance is always 'true'.

> Task :shared:compileTestKotlinIosX64
w: file:///Users/brentzey/bside/shared/src/commonTest/kotlin/love/bside/app/integration/EndToEndIntegrationTest.kt:177:20 Check for instance is always 'true'.
w: file:///Users/brentzey/bside/shared/src/commonTest/kotlin/love/bside/app/integration/EndToEndIntegrationTest.kt:178:20 Check for instance is always 'true'.
w: file:///Users/brentzey/bside/shared/src/commonTest/kotlin/love/bside/app/integration/EndToEndIntegrationTest.kt:179:20 Check for instance is always 'true'.
w: file:///Users/brentzey/bside/shared/src/commonTest/kotlin/love/bside/app/integration/EndToEndIntegrationTest.kt:180:20 Check for instance is always 'true'.
w: file:///Users/brentzey/bside/shared/src/commonTest/kotlin/love/bside/app/integration/EndToEndIntegrationTest.kt:181:20 Check for instance is always 'true'.

> Task :shared:compileTestKotlinIosSimulatorArm64
w: file:///Users/brentzey/bside/shared/src/commonTest/kotlin/love/bside/app/integration/EndToEndIntegrationTest.kt:177:20 Check for instance is always 'true'.
w: file:///Users/brentzey/bside/shared/src/commonTest/kotlin/love/bside/app/integration/EndToEndIntegrationTest.kt:178:20 Check for instance is always 'true'.
w: file:///Users/brentzey/bside/shared/src/commonTest/kotlin/love/bside/app/integration/EndToEndIntegrationTest.kt:179:20 Check for instance is always 'true'.
w: file:///Users/brentzey/bside/shared/src/commonTest/kotlin/love/bside/app/integration/EndToEndIntegrationTest.kt:180:20 Check for instance is always 'true'.
w: file:///Users/brentzey/bside/shared/src/commonTest/kotlin/love/bside/app/integration/EndToEndIntegrationTest.kt:181:20 Check for instance is always 'true'.

> Task :composeApp:processReleaseJavaRes

> Task :server:compileKotlin
w: file:///Users/brentzey/bside/server/src/main/kotlin/love/bside/server/migrations/MigrationCli.kt:29:24 This API is experimental. It may be changed in the future without notice.
w: file:///Users/brentzey/bside/server/src/main/kotlin/love/bside/server/migrations/MigrationCli.kt:44:29 This API is experimental. It may be changed in the future without notice.
w: file:///Users/brentzey/bside/server/src/main/kotlin/love/bside/server/migrations/MigrationCli.kt:57:27 This API is experimental. It may be changed in the future without notice.
w: file:///Users/brentzey/bside/server/src/main/kotlin/love/bside/server/migrations/MigrationCli.kt:71:29 This API is experimental. It may be changed in the future without notice.
w: file:///Users/brentzey/bside/server/src/main/kotlin/love/bside/server/migrations/MigrationCli.kt:84:12 This API is experimental. It may be changed in the future without notice.
w: file:///Users/brentzey/bside/server/src/main/kotlin/love/bside/server/migrations/MigrationManager.kt:121:63 'fun String.capitalize(): String' is deprecated. Use replaceFirstChar instead.

> Task :composeApp:compileIosMainKotlinMetadata
w: KLIB resolver: The same 'unique_name=annotation_commonMain' found in more than one library: /Users/brentzey/bside/composeApp/build/kotlinTransformedMetadataLibraries/commonMain/androidx.annotation-annotation-1.9.1-commonMain-WmoUwA.klib, /Users/brentzey/bside/composeApp/build/kotlinTransformedMetadataLibraries/commonMain/org.jetbrains.compose.annotation-internal-annotation-1.9.0-commonMain-cgDJDA.klib
w: KLIB resolver: The same 'unique_name=collection_commonMain' found in more than one library: /Users/brentzey/bside/composeApp/build/kotlinTransformedMetadataLibraries/commonMain/androidx.collection-collection-1.5.0-commonMain-j7f1lg.klib, /Users/brentzey/bside/composeApp/build/kotlinTransformedMetadataLibraries/commonMain/org.jetbrains.compose.collection-internal-collection-1.9.0-commonMain-w7Q_Yw.klib
w: KLIB resolver: The same 'unique_name=library_commonMain' found in more than one library: /Users/brentzey/bside/composeApp/build/kotlinTransformedMetadataLibraries/commonMain/org.jetbrains.compose.components-components-resources-1.9.0-commonMain-Iq3oUw.klib, /Users/brentzey/bside/composeApp/build/kotlinTransformedMetadataLibraries/commonMain/org.jetbrains.compose.components-components-ui-tooling-preview-1.9.0-commonMain-YpxcCA.klib
w: KLIB resolver: The same 'unique_name=lifecycle-common_commonMain' found in more than one library: /Users/brentzey/bside/composeApp/build/kotlinTransformedMetadataLibraries/commonMain/androidx.lifecycle-lifecycle-common-2.9.2-commonMain-2l5nFA.klib, /Users/brentzey/bside/composeApp/build/kotlinTransformedMetadataLibraries/commonMain/org.jetbrains.androidx.lifecycle-lifecycle-common-2.9.4-commonMain-_EOCYQ.klib
w: KLIB resolver: The same 'unique_name=lifecycle-runtime_commonMain' found in more than one library: /Users/brentzey/bside/composeApp/build/kotlinTransformedMetadataLibraries/commonMain/androidx.lifecycle-lifecycle-runtime-2.9.2-commonMain-IrcNlw.klib, /Users/brentzey/bside/composeApp/build/kotlinTransformedMetadataLibraries/commonMain/org.jetbrains.androidx.lifecycle-lifecycle-runtime-2.9.4-commonMain-WvMiUA.klib
w: KLIB resolver: The same 'unique_name=lifecycle-viewmodel-savedstate_commonMain' found in more than one library: /Users/brentzey/bside/composeApp/build/kotlinTransformedMetadataLibraries/commonMain/androidx.lifecycle-lifecycle-viewmodel-savedstate-2.9.2-commonMain-KTe1Gw.klib, /Users/brentzey/bside/composeApp/build/kotlinTransformedMetadataLibraries/commonMain/org.jetbrains.androidx.lifecycle-lifecycle-viewmodel-savedstate-2.9.4-commonMain-V32Hfg.klib
w: KLIB resolver: The same 'unique_name=lifecycle-viewmodel_commonMain' found in more than one library: /Users/brentzey/bside/composeApp/build/kotlinTransformedMetadataLibraries/commonMain/androidx.lifecycle-lifecycle-viewmodel-2.9.2-commonMain-YZugNA.klib, /Users/brentzey/bside/composeApp/build/kotlinTransformedMetadataLibraries/commonMain/org.jetbrains.androidx.lifecycle-lifecycle-viewmodel-2.9.4-commonMain-o5UeXw.klib
w: KLIB resolver: The same 'unique_name=runtime_commonMain' found in more than one library: /Users/brentzey/bside/composeApp/build/kotlinTransformedMetadataLibraries/commonMain/androidx.compose.runtime-runtime-1.9.0-commonMain-_TGNUg.klib, /Users/brentzey/bside/composeApp/build/kotlinTransformedMetadataLibraries/commonMain/org.jetbrains.compose.runtime-runtime-1.9.0-commonMain-QgBs-g.klib
w: KLIB resolver: The same 'unique_name=savedstate_commonMain' found in more than one library: /Users/brentzey/bside/composeApp/build/kotlinTransformedMetadataLibraries/commonMain/androidx.savedstate-savedstate-1.3.1-commonMain-NwmUsg.klib, /Users/brentzey/bside/composeApp/build/kotlinTransformedMetadataLibraries/commonMain/org.jetbrains.androidx.savedstate-savedstate-1.3.4-commonMain-Gx5ULw.klib

> Task :composeApp:metadataIosMainClasses
> Task :composeApp:iosArm64MetadataElements
> Task :composeApp:iosSimulatorArm64MetadataElements
> Task :composeApp:compileJvmTestJava NO-SOURCE
> Task :composeApp:jvmTestClasses
> Task :composeApp:bundleDebugClassesToRuntimeJar
> Task :composeApp:bundleDebugClassesToCompileJar
> Task :shared:jvmTest
> Task :composeApp:generateReleaseLintVitalReportModel
> Task :composeApp:bundleReleaseClassesToRuntimeJar
> Task :composeApp:bundleReleaseClassesToCompileJar
> Task :composeApp:dexBuilderRelease
> Task :composeApp:generateDebugAndroidTestLintModel
> Task :composeApp:compileDebugUnitTestKotlinAndroid
> Task :composeApp:compileDebugUnitTestJavaWithJavac NO-SOURCE
> Task :composeApp:processDebugUnitTestJavaRes
> Task :composeApp:jvmTest
> Task :composeApp:mergeReleaseGlobalSynthetics
> Task :composeApp:generateDebugLintReportModel
> Task :composeApp:generateDebugUnitTestLintModel
> Task :composeApp:compileReleaseUnitTestKotlinAndroid
> Task :composeApp:compileReleaseUnitTestJavaWithJavac NO-SOURCE
> Task :composeApp:processReleaseUnitTestJavaRes
> Task :composeApp:dexBuilderDebug
> Task :composeApp:mergeProjectDexDebug
> Task :composeApp:mergeReleaseJavaResource
> Task :composeApp:mergeDebugJavaResource
> Task :server:compileJava NO-SOURCE
> Task :server:classes
> Task :server:jar

> Task :composeApp:compileKotlinIosSimulatorArm64
w: file:///Users/brentzey/bside/composeApp/src/commonMain/kotlin/love/bside/app/ui/components/Buttons.kt:106:33 'val outlinedButtonBorder: BorderStroke' is deprecated. Please use the version that takes an `enabled` param to get the `BorderStroke` with the correct opacity.
w: file:///Users/brentzey/bside/composeApp/src/commonMain/kotlin/love/bside/app/ui/screens/chat/ChatDetailScreen.kt:89:57 'val Icons.Filled.ArrowBack: ImageVector' is deprecated. Use the AutoMirrored version at Icons.AutoMirrored.Filled.ArrowBack.
w: file:///Users/brentzey/bside/composeApp/src/commonMain/kotlin/love/bside/app/ui/screens/chat/ChatDetailScreen.kt:141:42 'val Icons.Filled.Chat: ImageVector' is deprecated. Use the AutoMirrored version at Icons.AutoMirrored.Filled.Chat.
w: file:///Users/brentzey/bside/composeApp/src/commonMain/kotlin/love/bside/app/ui/screens/chat/ChatDetailScreen.kt:283:49 'val Icons.Filled.Send: ImageVector' is deprecated. Use the AutoMirrored version at Icons.AutoMirrored.Filled.Send.
w: file:///Users/brentzey/bside/composeApp/src/commonMain/kotlin/love/bside/app/ui/screens/messages/ConversationsListScreen.kt:47:42 'val Icons.Filled.Chat: ImageVector' is deprecated. Use the AutoMirrored version at Icons.AutoMirrored.Filled.Chat.
w: file:///Users/brentzey/bside/composeApp/src/commonMain/kotlin/love/bside/app/ui/screens/profile/ProfileDetailScreen.kt:43:57 'val Icons.Filled.ArrowBack: ImageVector' is deprecated. Use the AutoMirrored version at Icons.AutoMirrored.Filled.ArrowBack.
w: file:///Users/brentzey/bside/composeApp/src/commonMain/kotlin/love/bside/app/ui/screens/profile/ProfileDetailScreen.kt:310:46 'val Icons.Filled.Chat: ImageVector' is deprecated. Use the AutoMirrored version at Icons.AutoMirrored.Filled.Chat.
w: file:///Users/brentzey/bside/composeApp/src/commonMain/kotlin/love/bside/app/ui/screens/settings/SettingsScreen.kt:116:42 'val Icons.Filled.Help: ImageVector' is deprecated. Use the AutoMirrored version at Icons.AutoMirrored.Filled.Help.
w: file:///Users/brentzey/bside/composeApp/src/commonMain/kotlin/love/bside/app/ui/screens/settings/SettingsScreen.kt:143:53 'val Icons.Filled.Logout: ImageVector' is deprecated. Use the AutoMirrored version at Icons.AutoMirrored.Filled.Logout.
w: file:///Users/brentzey/bside/composeApp/src/commonMain/kotlin/love/bside/app/ui/screens/settings/SettingsScreen.kt:160:49 'val Icons.Filled.Logout: ImageVector' is deprecated. Use the AutoMirrored version at Icons.AutoMirrored.Filled.Logout.

> Task :composeApp:iosSimulatorArm64MainKlibrary
> Task :composeApp:packageDebug
> Task :composeApp:createDebugApkListingFileRedirect
> Task :composeApp:assembleDebug

> Task :composeApp:compileKotlinIosArm64
w: file:///Users/brentzey/bside/composeApp/src/commonMain/kotlin/love/bside/app/ui/components/Buttons.kt:106:33 'val outlinedButtonBorder: BorderStroke' is deprecated. Please use the version that takes an `enabled` param to get the `BorderStroke` with the correct opacity.
w: file:///Users/brentzey/bside/composeApp/src/commonMain/kotlin/love/bside/app/ui/screens/chat/ChatDetailScreen.kt:89:57 'val Icons.Filled.ArrowBack: ImageVector' is deprecated. Use the AutoMirrored version at Icons.AutoMirrored.Filled.ArrowBack.
w: file:///Users/brentzey/bside/composeApp/src/commonMain/kotlin/love/bside/app/ui/screens/chat/ChatDetailScreen.kt:141:42 'val Icons.Filled.Chat: ImageVector' is deprecated. Use the AutoMirrored version at Icons.AutoMirrored.Filled.Chat.
w: file:///Users/brentzey/bside/composeApp/src/commonMain/kotlin/love/bside/app/ui/screens/chat/ChatDetailScreen.kt:283:49 'val Icons.Filled.Send: ImageVector' is deprecated. Use the AutoMirrored version at Icons.AutoMirrored.Filled.Send.
w: file:///Users/brentzey/bside/composeApp/src/commonMain/kotlin/love/bside/app/ui/screens/messages/ConversationsListScreen.kt:47:42 'val Icons.Filled.Chat: ImageVector' is deprecated. Use the AutoMirrored version at Icons.AutoMirrored.Filled.Chat.
w: file:///Users/brentzey/bside/composeApp/src/commonMain/kotlin/love/bside/app/ui/screens/profile/ProfileDetailScreen.kt:43:57 'val Icons.Filled.ArrowBack: ImageVector' is deprecated. Use the AutoMirrored version at Icons.AutoMirrored.Filled.ArrowBack.
w: file:///Users/brentzey/bside/composeApp/src/commonMain/kotlin/love/bside/app/ui/screens/profile/ProfileDetailScreen.kt:310:46 'val Icons.Filled.Chat: ImageVector' is deprecated. Use the AutoMirrored version at Icons.AutoMirrored.Filled.Chat.
w: file:///Users/brentzey/bside/composeApp/src/commonMain/kotlin/love/bside/app/ui/screens/settings/SettingsScreen.kt:116:42 'val Icons.Filled.Help: ImageVector' is deprecated. Use the AutoMirrored version at Icons.AutoMirrored.Filled.Help.
w: file:///Users/brentzey/bside/composeApp/src/commonMain/kotlin/love/bside/app/ui/screens/settings/SettingsScreen.kt:143:53 'val Icons.Filled.Logout: ImageVector' is deprecated. Use the AutoMirrored version at Icons.AutoMirrored.Filled.Logout.
w: file:///Users/brentzey/bside/composeApp/src/commonMain/kotlin/love/bside/app/ui/screens/settings/SettingsScreen.kt:160:49 'val Icons.Filled.Logout: ImageVector' is deprecated. Use the AutoMirrored version at Icons.AutoMirrored.Filled.Logout.

> Task :composeApp:iosArm64MainKlibrary
> Task :server:startScripts
> Task :composeApp:compileTestKotlinIosSimulatorArm64
> Task :composeApp:compileTestKotlinIosArm64
> Task :composeApp:testDebugUnitTest
> Task :composeApp:testReleaseUnitTest
> Task :composeApp:test
> Task :server:distTar
> Task :composeApp:lintAnalyzeDebugUnitTest
> Task :composeApp:lintAnalyzeDebugAndroidTest
> Task :server:compileTestKotlin NO-SOURCE
> Task :server:compileTestJava NO-SOURCE
> Task :server:testClasses UP-TO-DATE
> Task :server:test NO-SOURCE
> Task :server:check UP-TO-DATE
> Task :shared:assemble
> Task :server:distZip
> Task :composeApp:mergeDexRelease
> Task :composeApp:compileReleaseArtProfile
> Task :shared:generateDebugUnitTestStubRFile
> Task :composeApp:lintVitalAnalyzeRelease
> Task :composeApp:lintVitalReportRelease SKIPPED
> Task :composeApp:lintVitalRelease SKIPPED

> Task :shared:compileDebugUnitTestKotlinAndroid
w: file:///Users/brentzey/bside/shared/src/commonTest/kotlin/love/bside/app/integration/EndToEndIntegrationTest.kt:177:20 Check for instance is always 'true'.
w: file:///Users/brentzey/bside/shared/src/commonTest/kotlin/love/bside/app/integration/EndToEndIntegrationTest.kt:178:20 Check for instance is always 'true'.
w: file:///Users/brentzey/bside/shared/src/commonTest/kotlin/love/bside/app/integration/EndToEndIntegrationTest.kt:179:20 Check for instance is always 'true'.
w: file:///Users/brentzey/bside/shared/src/commonTest/kotlin/love/bside/app/integration/EndToEndIntegrationTest.kt:180:20 Check for instance is always 'true'.
w: file:///Users/brentzey/bside/shared/src/commonTest/kotlin/love/bside/app/integration/EndToEndIntegrationTest.kt:181:20 Check for instance is always 'true'.

> Task :composeApp:packageRelease
> Task :composeApp:createReleaseApkListingFileRedirect
> Task :composeApp:assembleRelease
> Task :shared:javaPreCompileDebugUnitTest FROM-CACHE
> Task :shared:processDebugUnitTestJavaRes
> Task :shared:preReleaseUnitTestBuild UP-TO-DATE
> Task :shared:compileDebugUnitTestJavaWithJavac NO-SOURCE
> Task :shared:generateReleaseUnitTestStubRFile FROM-CACHE

> Task :shared:testDebugUnitTest

AuthIntegrationTest > testSignUpFlow FAILED
    java.lang.RuntimeException at AuthIntegrationTest.kt:39

AuthIntegrationTest > testLoginFlow FAILED
    java.lang.RuntimeException at AuthIntegrationTest.kt:23

EndToEndIntegrationTest > testCompleteUserJourney FAILED
    java.lang.RuntimeException at EndToEndIntegrationTest.kt:29

EndToEndIntegrationTest > testHealthCheck FAILED
    java.lang.RuntimeException at EndToEndIntegrationTest.kt:150

MatchIntegrationTest > testGetPromptsForMatch FAILED
    java.lang.RuntimeException at MatchIntegrationTest.kt:55

MatchIntegrationTest > testUpdateMatchStatus_Like FAILED
    java.lang.RuntimeException at MatchIntegrationTest.kt:31

MatchIntegrationTest > testUpdateMatchStatus_Pass FAILED
    java.lang.RuntimeException at MatchIntegrationTest.kt:43

MatchIntegrationTest > testGetMatches FAILED
    java.lang.RuntimeException at MatchIntegrationTest.kt:19

ProfileIntegrationTest > testGetProfile FAILED
    java.lang.RuntimeException at ProfileIntegrationTest.kt:21

ProfileIntegrationTest > testUpdateProfile FAILED
    java.lang.RuntimeException at ProfileIntegrationTest.kt:33

ValuesIntegrationTest > testGetUserValues FAILED
    java.lang.RuntimeException at ValuesIntegrationTest.kt:41

ValuesIntegrationTest > testGetKeyValuesByCategory FAILED
    java.lang.RuntimeException at ValuesIntegrationTest.kt:32

ValuesIntegrationTest > testGetAllKeyValues FAILED
    java.lang.RuntimeException at ValuesIntegrationTest.kt:19

43 tests completed, 13 failed

> Task :shared:compileTestDevelopmentExecutableKotlinJs
> Task :composeApp:compileProductionExecutableKotlinJs
> Task :shared:testDebugUnitTest FAILED

> Task :shared:compileReleaseUnitTestKotlinAndroid
w: file:///Users/brentzey/bside/shared/src/commonTest/kotlin/love/bside/app/integration/EndToEndIntegrationTest.kt:177:20 Check for instance is always 'true'.
w: file:///Users/brentzey/bside/shared/src/commonTest/kotlin/love/bside/app/integration/EndToEndIntegrationTest.kt:178:20 Check for instance is always 'true'.
w: file:///Users/brentzey/bside/shared/src/commonTest/kotlin/love/bside/app/integration/EndToEndIntegrationTest.kt:179:20 Check for instance is always 'true'.
w: file:///Users/brentzey/bside/shared/src/commonTest/kotlin/love/bside/app/integration/EndToEndIntegrationTest.kt:180:20 Check for instance is always 'true'.
w: file:///Users/brentzey/bside/shared/src/commonTest/kotlin/love/bside/app/integration/EndToEndIntegrationTest.kt:181:20 Check for instance is always 'true'.

> Task :composeApp:compileTestDevelopmentExecutableKotlinJs

The Daemon will expire after the build after running out of JVM heap space.
The project memory settings are likely not configured or are configured to an insufficient value.
The daemon will restart for the next build, which may increase subsequent build times.
These settings can be adjusted by setting 'org.gradle.jvmargs' in 'gradle.properties'.
The currently configured max heap space is '4 GiB' and the configured max metaspace is 'unknown'.
For more information on how to set these values, please refer to https://docs.gradle.org/8.14.3/userguide/build_environment.html#sec:configuring_jvm_memory in the Gradle documentation.
To disable this warning, set 'org.gradle.daemon.performance.disable-logging=true'.

> Task :composeApp:lintAnalyzeDebug
> Task :composeApp:linkDebugFrameworkIosSimulatorArm64
> Task :composeApp:linkDebugFrameworkIosArm64
> Task :composeApp:linkReleaseFrameworkIosArm64
> Task :composeApp:linkReleaseFrameworkIosSimulatorArm64
> Task :composeApp:linkDebugTestIosSimulatorArm64
> Task :server:shadowJar
> Task :shared:linkDebugTestIosSimulatorArm64
> Task :shared:linkDebugTestIosX64


FAILURE: Build failed with an exception.

* What went wrong:
Gradle build daemon has been stopped: since the JVM garbage collector is thrashing

* Try:
> Run with --stacktrace option to get the stack trace.
> Run with --info or --debug option to get more log output.
> Run with --scan to get full insights.
> Get more help at https://help.gradle.org.
