To honour the JVM settings for this build a single-use Daemon process will be forked. For more on this, please refer to https://docs.gradle.org/8.14.3/userguide/gradle_daemon.html#sec:disabling_the_daemon in the Gradle documentation.
Daemon will be stopped at the end of the build 
Reusing configuration cache.
> Task :pocketbase-kt-sdk:cleanIosSimulatorArm64Test UP-TO-DATE
> Task :composeApp:cleanIosSimulatorArm64Test UP-TO-DATE
> Task :pocketbase-kt-sdk:cleanJvmTest UP-TO-DATE
> Task :shared:cleanJvmTest UP-TO-DATE
> Task :composeApp:cleanJsBrowserTest UP-TO-DATE
> Task :composeApp:cleanJvmTest UP-TO-DATE
> Task :pocketbase-kt-sdk:cleanJsBrowserTest UP-TO-DATE
> Task :server:clean
> Task :shared:cleanJsBrowserTest UP-TO-DATE
> Task :pocketbase-kt-sdk:cleanIosX64Test UP-TO-DATE
> Task :pocketbase-kt-sdk:cleanJsNodeTest UP-TO-DATE
> Task :shared:cleanIosX64Test UP-TO-DATE
> Task :shared:cleanIosSimulatorArm64Test UP-TO-DATE
> Task :composeApp:cleanAllTests UP-TO-DATE
> Task :composeApp:preBuild UP-TO-DATE
> Task :check UP-TO-DATE
> Task :assemble UP-TO-DATE
> Task :build UP-TO-DATE
> Task :shared:preBuild UP-TO-DATE
> Task :shared:cleanAllTests UP-TO-DATE
> Task :shared:kmpPartiallyResolvedDependenciesChecker
> Task :composeApp:kmpPartiallyResolvedDependenciesChecker
> Task :composeApp:preDebugBuild UP-TO-DATE
> Task :pocketbase-kt-sdk:cleanAllTests UP-TO-DATE
> Task :composeApp:preReleaseBuild UP-TO-DATE
> Task :shared:preDebugBuild UP-TO-DATE
> Task :shared:preReleaseBuild UP-TO-DATE
> Task :composeApp:checkKotlinGradlePluginConfigurationErrors SKIPPED
> Task :shared:checkKotlinGradlePluginConfigurationErrors SKIPPED
> Task :clean
> Task :composeApp:preReleaseUnitTestBuild UP-TO-DATE
> Task :composeApp:preDebugUnitTestBuild UP-TO-DATE
> Task :shared:preDebugAndroidTestBuild UP-TO-DATE
> Task :shared:preDebugUnitTestBuild UP-TO-DATE
> Task :kotlinKotlinNpmCachesSetup
> Task :pocketbase-kt-sdk:preBuild UP-TO-DATE
> Task :pocketbase-kt-sdk:kmpPartiallyResolvedDependenciesChecker
> Task :pocketbase-kt-sdk:preReleaseBuild UP-TO-DATE
> Task :pocketbase-kt-sdk:preDebugBuild UP-TO-DATE
> Task :pocketbase-kt-sdk:checkKotlinGradlePluginConfigurationErrors SKIPPED
> Task :pocketbase-kt-sdk:preDebugUnitTestBuild UP-TO-DATE
> Task :pocketbase-kt-sdk:preReleaseUnitTestBuild UP-TO-DATE
> Task :pocketbase-kt-sdk:preDebugAndroidTestBuild UP-TO-DATE
> Task :server:checkKotlinGradlePluginConfigurationErrors SKIPPED
> Task :shared:preReleaseUnitTestBuild UP-TO-DATE
> Task :pocketbase-kt-sdk:clean
> Task :pocketbase-kt-sdk:metadataCommonMainProcessResources NO-SOURCE
> Task :server:processTestResources NO-SOURCE
> Task :composeApp:clean
> Task :pocketbase-kt-sdk:generateDebugResValues FROM-CACHE
> Task :pocketbase-kt-sdk:processDebugNavigationResources FROM-CACHE
> Task :composeApp:convertXmlValueResourcesForCommonMain NO-SOURCE
> Task :server:processResources
> Task :composeApp:metadataCommonMainProcessResources
> Task :composeApp:mergeDebugNativeDebugMetadata NO-SOURCE
> Task :composeApp:copyNonXmlValueResourcesForCommonMain
> Task :pocketbase-kt-sdk:generateProjectStructureMetadata
> Task :composeApp:convertXmlValueResourcesForAndroidMain NO-SOURCE
> Task :kotlinRestoreYarnLock
> Task :composeApp:convertXmlValueResourcesForAndroidDebug NO-SOURCE
> Task :composeApp:copyNonXmlValueResourcesForAndroidMain NO-SOURCE
> Task :composeApp:copyNonXmlValueResourcesForAndroidDebug NO-SOURCE
> Task :composeApp:prepareComposeResourcesTaskForAndroidDebug NO-SOURCE
> Task :composeApp:prepareComposeResourcesTaskForAndroidMain NO-SOURCE
> Task :composeApp:generateDebugResValues FROM-CACHE
> Task :composeApp:generateResourceAccessorsForAndroidDebug NO-SOURCE
> Task :composeApp:generateResourceAccessorsForAndroidMain NO-SOURCE
> Task :composeApp:prepareComposeResourcesTaskForCommonMain UP-TO-DATE
> Task :composeApp:extractDeepLinksDebug FROM-CACHE
> Task :composeApp:javaPreCompileDebug FROM-CACHE
> Task :composeApp:generateDebugResources FROM-CACHE
> Task :composeApp:generateExpectResourceCollectorsForCommonMain
> Task :composeApp:generateResourceAccessorsForCommonMain
> Task :composeApp:generateComposeResClass
> Task :composeApp:debugAssetsCopyForAGP NO-SOURCE
> Task :composeApp:copyDebugComposeResourcesToAndroidAssets
> Task :composeApp:generateActualResourceCollectorsForAndroidMain
> Task :composeApp:desugarDebugFileDependencies FROM-CACHE
> Task :composeApp:packageDebugResources FROM-CACHE
> Task :composeApp:writeDebugAppMetadata
> Task :composeApp:createDebugCompatibleScreenManifests
> Task :composeApp:writeDebugSigningConfigVersions
> Task :pocketbase-kt-sdk:jsPackageJson
> Task :composeApp:buildKotlinToolingMetadata
> Task :composeApp:convertXmlValueResourcesForAndroidRelease NO-SOURCE
> Task :composeApp:copyNonXmlValueResourcesForAndroidRelease NO-SOURCE
> Task :composeApp:prepareComposeResourcesTaskForAndroidRelease NO-SOURCE
> Task :composeApp:generateResourceAccessorsForAndroidRelease NO-SOURCE
> Task :composeApp:generateReleaseResValues FROM-CACHE
> Task :composeApp:validateSigningDebug
> Task :pocketbase-kt-sdk:mergeDebugShaders
> Task :composeApp:generateReleaseResources FROM-CACHE
> Task :composeApp:mergeReleaseJniLibFolders
> Task :composeApp:createReleaseCompatibleScreenManifests
> Task :composeApp:extractDeepLinksRelease FROM-CACHE
> Task :composeApp:javaPreCompileRelease FROM-CACHE
> Task :composeApp:desugarReleaseFileDependencies FROM-CACHE
> Task :composeApp:copyReleaseComposeResourcesToAndroidAssets
> Task :composeApp:releaseAssetsCopyForAGP NO-SOURCE
> Task :pocketbase-kt-sdk:checkDebugAarMetadata
> Task :composeApp:convertXmlValueResourcesForAndroidUnitTest NO-SOURCE
> Task :composeApp:copyNonXmlValueResourcesForAndroidUnitTest NO-SOURCE
> Task :composeApp:packageReleaseResources FROM-CACHE
> Task :composeApp:prepareComposeResourcesTaskForAndroidUnitTest NO-SOURCE
> Task :composeApp:convertXmlValueResourcesForAndroidUnitTestDebug NO-SOURCE
> Task :composeApp:generateResourceAccessorsForAndroidUnitTest NO-SOURCE
> Task :composeApp:copyNonXmlValueResourcesForAndroidUnitTestDebug NO-SOURCE
> Task :shared:clean
> Task :composeApp:convertXmlValueResourcesForAndroidUnitTestRelease NO-SOURCE
> Task :shared:convertXmlValueResourcesForCommonMain NO-SOURCE
> Task :shared:copyNonXmlValueResourcesForCommonMain NO-SOURCE
> Task :shared:prepareComposeResourcesTaskForCommonMain NO-SOURCE
> Task :shared:generateResourceAccessorsForCommonMain NO-SOURCE
> Task :shared:generateExpectResourceCollectorsForCommonMain
> Task :shared:generateComposeResClass
> Task :shared:metadataCommonMainProcessResources NO-SOURCE
> Task :shared:generateProjectStructureMetadata
> Task :shared:convertXmlValueResourcesForNativeMain NO-SOURCE
> Task :shared:copyNonXmlValueResourcesForNativeMain NO-SOURCE
> Task :shared:prepareComposeResourcesTaskForNativeMain NO-SOURCE
> Task :shared:generateResourceAccessorsForNativeMain NO-SOURCE
> Task :shared:convertXmlValueResourcesForAppleMain NO-SOURCE
> Task :shared:copyNonXmlValueResourcesForAppleMain NO-SOURCE
> Task :shared:prepareComposeResourcesTaskForAppleMain NO-SOURCE
> Task :shared:generateResourceAccessorsForAppleMain NO-SOURCE
> Task :shared:metadataNativeMainProcessResources NO-SOURCE
> Task :shared:convertXmlValueResourcesForIosMain NO-SOURCE
> Task :shared:copyNonXmlValueResourcesForIosMain NO-SOURCE
> Task :shared:prepareComposeResourcesTaskForIosMain NO-SOURCE
> Task :shared:generateResourceAccessorsForIosMain NO-SOURCE
> Task :shared:metadataAppleMainProcessResources NO-SOURCE
> Task :shared:metadataIosMainProcessResources NO-SOURCE
> Task :shared:exportRootPublicationCoordinatesForMetadataApiElements
> Task :composeApp:extractReleaseVersionControlInfo
> Task :shared:writeDebugAarMetadata
> Task :composeApp:kotlinNodeJsSetup UP-TO-DATE
> Task :composeApp:mergeReleaseStartupProfile UP-TO-DATE
> Task :shared:processDebugNavigationResources FROM-CACHE
> Task :composeApp:mergeDebugShaders
> Task :shared:generateDebugResValues FROM-CACHE
> Task :composeApp:generateProjectStructureMetadata
> Task :shared:generateDebugResources FROM-CACHE
> Task :shared:extractDeepLinksDebug FROM-CACHE
> Task :shared:convertXmlValueResourcesForAndroidMain NO-SOURCE
> Task :shared:processDebugManifest FROM-CACHE
> Task :shared:copyNonXmlValueResourcesForAndroidMain NO-SOURCE
> Task :shared:prepareComposeResourcesTaskForAndroidMain NO-SOURCE
> Task :shared:packageDebugResources FROM-CACHE
> Task :shared:generateResourceAccessorsForAndroidMain NO-SOURCE
> Task :shared:jsPackageJson
> Task :shared:compileDebugLibraryResources FROM-CACHE
> Task :shared:parseDebugLocalResources FROM-CACHE
> Task :shared:generateDebugRFile FROM-CACHE
> Task :shared:generateActualResourceCollectorsForAndroidMain
> Task :shared:convertXmlValueResourcesForAndroidDebug NO-SOURCE
> Task :shared:copyNonXmlValueResourcesForAndroidDebug NO-SOURCE
> Task :shared:prepareComposeResourcesTaskForAndroidDebug NO-SOURCE
> Task :shared:generateResourceAccessorsForAndroidDebug NO-SOURCE
> Task :shared:commonizeNativeDistribution
> Task :shared:javaPreCompileDebug FROM-CACHE
> Task :composeApp:compileDebugShaders NO-SOURCE
> Task :composeApp:generateDebugAssets UP-TO-DATE
> Task :composeApp:mergeReleaseShaders
> Task :shared:mergeDebugShaders
> Task :shared:compileDebugShaders NO-SOURCE
> Task :shared:copyDebugComposeResourcesToAndroidAssets
> Task :shared:debugAssetsCopyForAGP NO-SOURCE
> Task :shared:generateDebugAssets UP-TO-DATE
> Task :composeApp:mergeDebugJniLibFolders
> Task :pocketbase-kt-sdk:mergeDebugJniLibFolders
> Task :shared:mergeDebugJniLibFolders
> Task :shared:generateReleaseResValues FROM-CACHE
> Task :shared:mergeDebugAssets
> Task :shared:mergeReleaseJniLibFolders
> Task :shared:generateReleaseResources FROM-CACHE
> Task :composeApp:processDebugNavigationResources FROM-CACHE
> Task :composeApp:mapDebugSourceSetPaths
> Task :shared:mergeReleaseNativeLibs NO-SOURCE
> Task :shared:mergeDebugNativeLibs NO-SOURCE
> Task :composeApp:compileDebugNavigationResources FROM-CACHE
> Task :composeApp:parseDebugLocalResources FROM-CACHE
> Task :shared:convertXmlValueResourcesForAndroidRelease NO-SOURCE
> Task :shared:processReleaseNavigationResources FROM-CACHE
> Task :shared:copyNonXmlValueResourcesForAndroidRelease NO-SOURCE
> Task :shared:packageReleaseResources FROM-CACHE
> Task :shared:prepareComposeResourcesTaskForAndroidRelease NO-SOURCE
> Task :shared:javaPreCompileRelease FROM-CACHE
> Task :shared:generateResourceAccessorsForAndroidRelease NO-SOURCE
> Task :shared:parseReleaseLocalResources FROM-CACHE
> Task :shared:generateReleaseRFile FROM-CACHE
> Task :shared:writeReleaseAarMetadata
> Task :composeApp:checkReleaseDuplicateClasses
> Task :shared:copyReleaseJniLibsProjectOnly
> Task :shared:copyDebugJniLibsProjectOnly
> Task :composeApp:processReleaseNavigationResources FROM-CACHE
> Task :composeApp:compileReleaseNavigationResources FROM-CACHE
> Task :composeApp:checkDebugAarMetadata
> Task :composeApp:checkDebugDuplicateClasses
> Task :composeApp:mapReleaseSourceSetPaths
> Task :composeApp:parseReleaseLocalResources FROM-CACHE
> Task :shared:extractDeepLinksRelease FROM-CACHE
> Task :shared:compileReleaseLibraryResources FROM-CACHE
> Task :shared:processReleaseManifest FROM-CACHE
> Task :composeApp:mergeDebugResources FROM-CACHE
> Task :shared:prepareReleaseArtProfile UP-TO-DATE
> Task :composeApp:mergeReleaseNativeLibs
> Task :composeApp:mergeDebugNativeLibs
> Task :composeApp:checkReleaseAarMetadata
> Task :composeApp:compileReleaseShaders NO-SOURCE
> Task :composeApp:generateReleaseAssets UP-TO-DATE
> Task :composeApp:mergeDebugAssets
> Task :composeApp:processDebugMainManifest FROM-CACHE
> Task :shared:mergeReleaseShaders
> Task :composeApp:compressDebugAssets FROM-CACHE
> Task :composeApp:mergeReleaseArtProfile

> Task :composeApp:stripDebugDebugSymbols
Unable to strip the following libraries, packaging them as they are: libandroidx.graphics.path.so. Run with --info option to learn more.

> Task :composeApp:stripReleaseDebugSymbols
Unable to strip the following libraries, packaging them as they are: libandroidx.graphics.path.so. Run with --info option to learn more.

> Task :composeApp:processReleaseMainManifest FROM-CACHE
> Task :shared:releaseAssetsCopyForAGP NO-SOURCE
> Task :composeApp:copyNonXmlValueResourcesForAndroidUnitTestRelease NO-SOURCE
> Task :composeApp:prepareComposeResourcesTaskForAndroidUnitTestDebug NO-SOURCE
> Task :shared:copyReleaseComposeResourcesToAndroidAssets
> Task :composeApp:processDebugManifest FROM-CACHE
> Task :shared:compileReleaseShaders NO-SOURCE
> Task :composeApp:extractReleaseNativeSymbolTables FROM-CACHE
> Task :shared:generateReleaseAssets UP-TO-DATE
> Task :composeApp:generateResourceAccessorsForAndroidUnitTestDebug NO-SOURCE
> Task :composeApp:convertXmlValueResourcesForAppleMain NO-SOURCE
> Task :composeApp:processReleaseManifest FROM-CACHE
> Task :composeApp:convertXmlValueResourcesForAppleTest NO-SOURCE
> Task :composeApp:prepareComposeResourcesTaskForAndroidUnitTestRelease NO-SOURCE
> Task :composeApp:copyNonXmlValueResourcesForAppleMain NO-SOURCE
> Task :composeApp:copyNonXmlValueResourcesForAppleTest NO-SOURCE
> Task :composeApp:mergeReleaseNativeDebugMetadata NO-SOURCE
> Task :composeApp:generateResourceAccessorsForAndroidUnitTestRelease NO-SOURCE
> Task :composeApp:convertXmlValueResourcesForCommonTest NO-SOURCE
> Task :composeApp:processDebugManifestForPackage FROM-CACHE
> Task :composeApp:convertXmlValueResourcesForIosArm64Main NO-SOURCE
> Task :composeApp:prepareComposeResourcesTaskForAppleTest NO-SOURCE
> Task :composeApp:copyNonXmlValueResourcesForCommonTest NO-SOURCE
> Task :composeApp:processReleaseManifestForPackage FROM-CACHE
> Task :composeApp:prepareComposeResourcesTaskForAppleMain NO-SOURCE
> Task :composeApp:copyNonXmlValueResourcesForIosArm64Main NO-SOURCE
> Task :composeApp:generateResourceAccessorsForAppleTest NO-SOURCE
> Task :composeApp:convertXmlValueResourcesForIosArm64Test NO-SOURCE
> Task :composeApp:generateResourceAccessorsForAppleMain NO-SOURCE
> Task :composeApp:convertXmlValueResourcesForIosMain NO-SOURCE
> Task :composeApp:prepareComposeResourcesTaskForIosArm64Main NO-SOURCE
> Task :composeApp:prepareComposeResourcesTaskForCommonTest NO-SOURCE
> Task :composeApp:copyNonXmlValueResourcesForIosArm64Test NO-SOURCE
> Task :composeApp:convertXmlValueResourcesForIosSimulatorArm64Main NO-SOURCE
> Task :composeApp:mergeReleaseResources FROM-CACHE
> Task :composeApp:generateResourceAccessorsForIosArm64Main NO-SOURCE
> Task :composeApp:copyNonXmlValueResourcesForIosMain NO-SOURCE
> Task :composeApp:prepareComposeResourcesTaskForIosArm64Test NO-SOURCE
> Task :composeApp:generateResourceAccessorsForCommonTest NO-SOURCE
> Task :composeApp:copyNonXmlValueResourcesForIosSimulatorArm64Main NO-SOURCE
> Task :composeApp:convertXmlValueResourcesForIosSimulatorArm64Test NO-SOURCE
> Task :composeApp:prepareComposeResourcesTaskForIosMain NO-SOURCE
> Task :composeApp:copyNonXmlValueResourcesForIosSimulatorArm64Test NO-SOURCE
> Task :composeApp:generateResourceAccessorsForIosArm64Test NO-SOURCE
> Task :composeApp:convertXmlValueResourcesForIosTest NO-SOURCE
> Task :composeApp:prepareComposeResourcesTaskForIosSimulatorArm64Main NO-SOURCE
> Task :composeApp:convertXmlValueResourcesForJsMain NO-SOURCE
> Task :composeApp:generateResourceAccessorsForIosMain NO-SOURCE
> Task :composeApp:copyNonXmlValueResourcesForIosTest NO-SOURCE
> Task :composeApp:copyNonXmlValueResourcesForJsMain NO-SOURCE
> Task :composeApp:prepareComposeResourcesTaskForIosSimulatorArm64Test NO-SOURCE
> Task :composeApp:generateResourceAccessorsForIosSimulatorArm64Main NO-SOURCE
> Task :composeApp:convertXmlValueResourcesForJsTest NO-SOURCE
> Task :composeApp:generateResourceAccessorsForIosSimulatorArm64Test NO-SOURCE
> Task :composeApp:convertXmlValueResourcesForJvmMain NO-SOURCE
> Task :composeApp:copyNonXmlValueResourcesForJsTest NO-SOURCE
> Task :composeApp:convertXmlValueResourcesForJvmTest NO-SOURCE
> Task :composeApp:prepareComposeResourcesTaskForJsMain NO-SOURCE
> Task :composeApp:copyNonXmlValueResourcesForJvmMain NO-SOURCE
> Task :composeApp:prepareComposeResourcesTaskForIosTest NO-SOURCE
> Task :composeApp:copyNonXmlValueResourcesForJvmTest NO-SOURCE
> Task :composeApp:generateResourceAccessorsForJsMain NO-SOURCE
> Task :composeApp:prepareComposeResourcesTaskForJsTest NO-SOURCE
> Task :composeApp:generateResourceAccessorsForIosTest NO-SOURCE
> Task :composeApp:convertXmlValueResourcesForNativeMain NO-SOURCE
> Task :composeApp:prepareComposeResourcesTaskForJvmMain NO-SOURCE
> Task :composeApp:generateResourceAccessorsForJsTest NO-SOURCE
> Task :composeApp:convertXmlValueResourcesForNativeTest NO-SOURCE
> Task :composeApp:generateResourceAccessorsForJvmMain NO-SOURCE
> Task :composeApp:convertXmlValueResourcesForWebMain NO-SOURCE
> Task :composeApp:prepareComposeResourcesTaskForJvmTest NO-SOURCE
> Task :composeApp:copyNonXmlValueResourcesForNativeMain NO-SOURCE
> Task :composeApp:copyNonXmlValueResourcesForNativeTest NO-SOURCE
> Task :shared:mergeReleaseAssets
> Task :composeApp:convertXmlValueResourcesForWebTest NO-SOURCE
> Task :composeApp:copyNonXmlValueResourcesForWebTest NO-SOURCE
> Task :composeApp:copyNonXmlValueResourcesForWebMain NO-SOURCE
> Task :composeApp:generateResourceAccessorsForJvmTest NO-SOURCE
> Task :composeApp:prepareComposeResourcesTaskForNativeMain NO-SOURCE
> Task :composeApp:prepareComposeResourcesTaskForNativeTest NO-SOURCE
> Task :composeApp:prepareComposeResourcesTaskForWebMain NO-SOURCE
> Task :composeApp:prepareComposeResourcesTaskForWebTest NO-SOURCE
> Task :composeApp:generateResourceAccessorsForWebTest NO-SOURCE
> Task :composeApp:generateResourceAccessorsForWebMain NO-SOURCE
> Task :composeApp:generateResourceAccessorsForNativeTest NO-SOURCE
> Task :composeApp:generateResourceAccessorsForNativeMain NO-SOURCE
> Task :shared:convertXmlValueResourcesForAndroidUnitTest NO-SOURCE
> Task :shared:convertXmlValueResourcesForAndroidUnitTestDebug NO-SOURCE
> Task :shared:convertXmlValueResourcesForAndroidUnitTestRelease NO-SOURCE
> Task :shared:convertXmlValueResourcesForAppleTest NO-SOURCE
> Task :shared:copyNonXmlValueResourcesForAndroidUnitTest NO-SOURCE
> Task :shared:copyNonXmlValueResourcesForAndroidUnitTestDebug NO-SOURCE
> Task :shared:copyNonXmlValueResourcesForAppleTest NO-SOURCE
> Task :shared:copyNonXmlValueResourcesForAndroidUnitTestRelease NO-SOURCE
> Task :shared:prepareComposeResourcesTaskForAndroidUnitTest NO-SOURCE
> Task :shared:prepareComposeResourcesTaskForAndroidUnitTestDebug NO-SOURCE
> Task :shared:prepareComposeResourcesTaskForAppleTest NO-SOURCE
> Task :shared:prepareComposeResourcesTaskForAndroidUnitTestRelease NO-SOURCE
> Task :shared:generateResourceAccessorsForAndroidUnitTest NO-SOURCE
> Task :shared:generateResourceAccessorsForAndroidUnitTestDebug NO-SOURCE
> Task :shared:generateResourceAccessorsForAppleTest NO-SOURCE
> Task :shared:convertXmlValueResourcesForCommonTest NO-SOURCE
> Task :shared:generateResourceAccessorsForAndroidUnitTestRelease NO-SOURCE
> Task :shared:convertXmlValueResourcesForIosArm64Main NO-SOURCE
> Task :shared:convertXmlValueResourcesForIosArm64Test NO-SOURCE
> Task :shared:copyNonXmlValueResourcesForCommonTest NO-SOURCE
> Task :shared:copyNonXmlValueResourcesForIosArm64Test NO-SOURCE
> Task :shared:convertXmlValueResourcesForIosSimulatorArm64Main NO-SOURCE
> Task :shared:copyNonXmlValueResourcesForIosArm64Main NO-SOURCE
> Task :shared:copyNonXmlValueResourcesForIosSimulatorArm64Main NO-SOURCE
> Task :shared:prepareComposeResourcesTaskForCommonTest NO-SOURCE
> Task :shared:prepareComposeResourcesTaskForIosArm64Test NO-SOURCE
> Task :shared:generateResourceAccessorsForCommonTest NO-SOURCE
> Task :shared:prepareComposeResourcesTaskForIosArm64Main NO-SOURCE
> Task :shared:prepareComposeResourcesTaskForIosSimulatorArm64Main NO-SOURCE
> Task :shared:generateResourceAccessorsForIosArm64Test NO-SOURCE
> Task :shared:convertXmlValueResourcesForIosSimulatorArm64Test NO-SOURCE
> Task :shared:convertXmlValueResourcesForIosTest NO-SOURCE
> Task :shared:generateResourceAccessorsForIosSimulatorArm64Main NO-SOURCE
> Task :shared:generateResourceAccessorsForIosArm64Main NO-SOURCE
> Task :shared:copyNonXmlValueResourcesForIosSimulatorArm64Test NO-SOURCE
> Task :shared:copyNonXmlValueResourcesForIosTest NO-SOURCE
> Task :shared:convertXmlValueResourcesForIosX64Main NO-SOURCE
> Task :shared:convertXmlValueResourcesForIosX64Test NO-SOURCE
> Task :shared:copyNonXmlValueResourcesForIosX64Main NO-SOURCE
> Task :shared:copyNonXmlValueResourcesForIosX64Test NO-SOURCE
> Task :shared:prepareComposeResourcesTaskForIosSimulatorArm64Test NO-SOURCE
> Task :shared:generateResourceAccessorsForIosSimulatorArm64Test NO-SOURCE
> Task :shared:prepareComposeResourcesTaskForIosTest NO-SOURCE
> Task :shared:prepareComposeResourcesTaskForIosX64Main NO-SOURCE
> Task :shared:convertXmlValueResourcesForJsMain NO-SOURCE
> Task :shared:prepareComposeResourcesTaskForIosX64Test NO-SOURCE
> Task :shared:copyNonXmlValueResourcesForJsMain NO-SOURCE
> Task :shared:generateResourceAccessorsForIosX64Main NO-SOURCE
> Task :shared:generateResourceAccessorsForIosX64Test NO-SOURCE
> Task :shared:generateResourceAccessorsForIosTest NO-SOURCE
> Task :shared:convertXmlValueResourcesForJsTest NO-SOURCE
> Task :shared:convertXmlValueResourcesForJvmTest NO-SOURCE
> Task :shared:convertXmlValueResourcesForJvmMain NO-SOURCE
> Task :shared:prepareComposeResourcesTaskForJsMain NO-SOURCE
> Task :shared:copyNonXmlValueResourcesForJvmTest NO-SOURCE
> Task :shared:copyNonXmlValueResourcesForJsTest NO-SOURCE
> Task :shared:copyNonXmlValueResourcesForJvmMain NO-SOURCE
> Task :shared:generateResourceAccessorsForJsMain NO-SOURCE
> Task :shared:prepareComposeResourcesTaskForJvmTest NO-SOURCE
> Task :shared:prepareComposeResourcesTaskForJsTest NO-SOURCE
> Task :shared:prepareComposeResourcesTaskForJvmMain NO-SOURCE
> Task :shared:convertXmlValueResourcesForNativeTest NO-SOURCE
> Task :shared:generateResourceAccessorsForJvmTest NO-SOURCE
> Task :shared:copyNonXmlValueResourcesForNativeTest NO-SOURCE
> Task :shared:convertXmlValueResourcesForWebMain NO-SOURCE
> Task :shared:generateResourceAccessorsForJsTest NO-SOURCE
> Task :shared:generateResourceAccessorsForJvmMain NO-SOURCE
> Task :shared:copyNonXmlValueResourcesForWebMain NO-SOURCE
> Task :shared:prepareComposeResourcesTaskForNativeTest NO-SOURCE
> Task :shared:convertXmlValueResourcesForWebTest NO-SOURCE
> Task :composeApp:mergeReleaseAssets
> Task :shared:copyNonXmlValueResourcesForWebTest NO-SOURCE
> Task :shared:generateResourceAccessorsForNativeTest NO-SOURCE
> Task :shared:prepareComposeResourcesTaskForWebMain NO-SOURCE
> Task :shared:generateResourceAccessorsForWebMain NO-SOURCE
> Task :shared:prepareLintJarForPublish UP-TO-DATE
> Task :shared:prepareComposeResourcesTaskForWebTest NO-SOURCE
> Task :shared:stripReleaseDebugSymbols NO-SOURCE
> Task :shared:generateResourceAccessorsForWebTest NO-SOURCE
> Task :composeApp:compressReleaseAssets FROM-CACHE
> Task :shared:extractDeepLinksForAarRelease UP-TO-DATE
> Task :shared:extractProguardFiles
> Task :composeApp:extractProguardFiles
> Task :shared:writeReleaseLintModelMetadata
> Task :composeApp:writeReleaseAppMetadata
> Task :composeApp:writeReleaseSigningConfigVersions
> Task :shared:copyReleaseJniLibsProjectAndLocalJars
> Task :composeApp:commonizeNativeDistribution
> Task :composeApp:metadataAppleMainProcessResources
> Task :composeApp:metadataNativeMainProcessResources
> Task :shared:generateActualResourceCollectorsForIosArm64Main
> Task :shared:generateActualResourceCollectorsForIosSimulatorArm64Main
> Task :composeApp:generateActualResourceCollectorsForIosArm64Main
> Task :composeApp:generateActualResourceCollectorsForIosSimulatorArm64Main
> Task :composeApp:generateActualResourceCollectorsForJsMain
> Task :shared:generateActualResourceCollectorsForJsMain
> Task :shared:checkReleaseAarMetadata
> Task :shared:assembleJsMainResources
> Task :composeApp:assembleJsMainResources
> Task :shared:jsCopyHierarchicalMultiplatformResources
> Task :composeApp:jsResolveSelfResourcesCopyHierarchicalMultiplatformResources
> Task :shared:jsZipMultiplatformResourcesForPublication
> Task :composeApp:jsResolveResourcesFromDependencies
> Task :composeApp:jsAggregateResources
> Task :shared:assembleIosArm64MainResources
> Task :shared:iosArm64CopyHierarchicalMultiplatformResources
> Task :shared:iosArm64ZipMultiplatformResourcesForPublication
> Task :composeApp:iosArm64ResolveResourcesFromDependencies
> Task :composeApp:assembleIosArm64MainResources
> Task :composeApp:iosArm64ResolveSelfResourcesCopyHierarchicalMultiplatformResources
> Task :composeApp:iosArm64AggregateResources
> Task :composeApp:iosArm64ProcessResources
> Task :shared:assembleIosSimulatorArm64MainResources
> Task :shared:iosSimulatorArm64CopyHierarchicalMultiplatformResources
> Task :shared:iosSimulatorArm64ZipMultiplatformResourcesForPublication
> Task :composeApp:iosSimulatorArm64ResolveResourcesFromDependencies
> Task :composeApp:assembleIosSimulatorArm64MainResources
> Task :composeApp:iosSimulatorArm64ResolveSelfResourcesCopyHierarchicalMultiplatformResources
> Task :composeApp:iosSimulatorArm64AggregateResources
> Task :composeApp:iosSimulatorArm64ProcessResources
> Task :shared:compileReleaseKotlinAndroid FROM-CACHE
> Task :shared:compileKotlinJs FROM-CACHE
> Task :composeApp:metadataIosMainProcessResources
> Task :shared:compileDebugKotlinAndroid FROM-CACHE
> Task :shared:compileDebugJavaWithJavac NO-SOURCE
> Task :shared:processReleaseJavaRes
> Task :shared:processDebugJavaRes
> Task :shared:compileReleaseJavaWithJavac NO-SOURCE
> Task :composeApp:unpackSkikoWasmRuntime
> Task :composeApp:collectReleaseDependencies
> Task :shared:bundleLibCompileToJarDebug
> Task :shared:bundleLibCompileToJarRelease
> Task :shared:bundleLibRuntimeToJarRelease
> Task :shared:mergeReleaseGeneratedProguardFiles
> Task :shared:createFullJarRelease
> Task :shared:mergeReleaseConsumerProguardFiles
> Task :shared:bundleLibRuntimeToDirRelease
> Task :shared:bundleLibRuntimeToDirDebug
> Task :pocketbase-kt-sdk:transformCommonMainDependenciesMetadata
> Task :shared:mergeReleaseJavaResource
> Task :composeApp:mergeExtDexRelease FROM-CACHE
> Task :shared:generateReleaseLintVitalModel
> Task :shared:generateReleaseLintModel
> Task :composeApp:mergeExtDexDebug FROM-CACHE
> Task :shared:extractReleaseAnnotations
> Task :kotlinNodeJsSetup UP-TO-DATE
> Task :kotlinYarnSetup UP-TO-DATE
> Task :composeApp:sdkReleaseDependencyData
> Task :composeApp:processDebugResources FROM-CACHE
> Task :composeApp:processReleaseResources FROM-CACHE
> Task :composeApp:jsProcessResources
> Task :composeApp:jsPackageJson
> Task :shared:compileKotlinIosSimulatorArm64 FROM-CACHE
> Task :composeApp:jsTestPackageJson
> Task :shared:compileKotlinIosArm64 FROM-CACHE
> Task :pocketbase-kt-sdk:jsTestPackageJson
> Task :composeApp:optimizeReleaseResources FROM-CACHE
> Task :composeApp:jsPublicPackageJson
> Task :composeApp:jsTestPublicPackageJson
> Task :shared:jsTestPackageJson
> Task :pocketbase-kt-sdk:jsPublicPackageJson
> Task :shared:jsTestPublicPackageJson
> Task :pocketbase-kt-sdk:jsTestPublicPackageJson
> Task :shared:jsPublicPackageJson
> Task :kotlinPackageJsonUmbrella
> Task :shared:generateActualResourceCollectorsForJvmMain
> Task :composeApp:generateActualResourceCollectorsForJvmMain
> Task :shared:assembleJvmMainResources
> Task :shared:jvmProcessResources
> Task :shared:processJvmMainResources SKIPPED
> Task :rootPackageJson
> Task :composeApp:assembleJvmMainResources
> Task :composeApp:jvmProcessResources
> Task :composeApp:processJvmMainResources SKIPPED
> Task :composeApp:assembleIosSimulatorArm64TestResources
> Task :composeApp:copyTestComposeResourcesForIosSimulatorArm64
> Task :composeApp:assembleJsTestResources
> Task :composeApp:jsTestProcessResources
> Task :composeApp:assembleJvmTestResources
> Task :composeApp:jvmTestProcessResources
> Task :composeApp:processJvmTestResources SKIPPED
> Task :composeApp:javaPreCompileDebugUnitTest FROM-CACHE
> Task :shared:syncReleaseLibJars
> Task :shared:compileKotlinJvm FROM-CACHE
> Task :shared:compileJvmMainJava NO-SOURCE
> Task :shared:jvmMainClasses
> Task :shared:bundleReleaseLocalLintAar
> Task :composeApp:javaPreCompileReleaseUnitTest FROM-CACHE
> Task :shared:jvmJar
> Task :shared:checkDebugAarMetadata
> Task :shared:stripDebugDebugSymbols NO-SOURCE
> Task :shared:copyDebugJniLibsProjectAndLocalJars
> Task :shared:bundleLibRuntimeToJarDebug
> Task :shared:extractDeepLinksForAarDebug UP-TO-DATE
> Task :shared:mergeDebugGeneratedProguardFiles
> Task :shared:mergeDebugConsumerProguardFiles
> Task :shared:prepareDebugArtProfile UP-TO-DATE
> Task :shared:mergeDebugJavaResource
> Task :composeApp:preDebugAndroidTestBuild SKIPPED
> Task :composeApp:generateDebugAndroidTestResValues FROM-CACHE
> Task :shared:extractDebugAnnotations
> Task :shared:createFullJarDebug
> Task :shared:writeDebugLintModelMetadata

> Task :kotlinNpmInstall
warning Ignored scripts due to flag.

> Task :kotlinStoreYarnLock UP-TO-DATE
> Task :shared:generateDebugLintModel
> Task :shared:generateDebugAndroidTestResValues FROM-CACHE
> Task :pocketbase-kt-sdk:compileCommonMainKotlinMetadata FROM-CACHE
> Task :pocketbase-kt-sdk:metadataCommonMainClasses UP-TO-DATE
> Task :pocketbase-kt-sdk:allMetadataJar
> Task :pocketbase-kt-sdk:mergeDebugNativeLibs NO-SOURCE
> Task :pocketbase-kt-sdk:stripDebugDebugSymbols NO-SOURCE
> Task :pocketbase-kt-sdk:copyDebugJniLibsProjectAndLocalJars
> Task :pocketbase-kt-sdk:generateDebugResources FROM-CACHE
> Task :pocketbase-kt-sdk:packageDebugResources FROM-CACHE
> Task :shared:transformCommonMainDependenciesMetadata
> Task :pocketbase-kt-sdk:parseDebugLocalResources FROM-CACHE
> Task :shared:compileCommonMainKotlinMetadata FROM-CACHE
> Task :shared:metadataCommonMainClasses UP-TO-DATE
> Task :shared:syncDebugLibJars
> Task :shared:allMetadataJar
> Task :shared:bundleDebugLocalLintAar
> Task :pocketbase-kt-sdk:generateDebugRFile FROM-CACHE
> Task :shared:generateDebugAndroidTestLintModel
> Task :shared:generateDebugUnitTestLintModel

> Task :composeApp:compileKotlinJs FAILED
e: file:///Users/brentzey/bside/composeApp/src/webMain/kotlin/love/bside/app/main.kt:10:12 No value passed for parameter 'root'.

> Task :shared:transformNativeMainDependenciesMetadata

> Task :composeApp:compileKotlinJvm FAILED
e: file:///Users/brentzey/bside/composeApp/src/jvmMain/kotlin/love/bside/app/main.kt:19:12 No value passed for parameter 'root'.

> Task :composeApp:compileDebugKotlinAndroid FAILED
e: file:///Users/brentzey/bside/composeApp/src/androidMain/kotlin/love/bside/app/MainActivity.kt:12:16 No value passed for parameter 'root'.

> Task :composeApp:compileReleaseKotlinAndroid FAILED
e: file:///Users/brentzey/bside/composeApp/src/androidMain/kotlin/love/bside/app/MainActivity.kt:12:16 No value passed for parameter 'root'.

> Task :shared:lintAnalyzeDebugAndroidTest
> Task :shared:lintAnalyzeDebugUnitTest
> Task :shared:lintVitalAnalyzeRelease
> Task :shared:lintAnalyzeDebug

> Task :composeApp:compileKotlinIosSimulatorArm64
w: file:///Users/brentzey/bside/composeApp/src/commonMain/kotlin/love/bside/app/ui/components/Buttons.kt:106:33 'val outlinedButtonBorder: BorderStroke' is deprecated. Please use the version that takes an `enabled` param to get the `BorderStroke` with the correct opacity.
w: file:///Users/brentzey/bside/composeApp/src/commonMain/kotlin/love/bside/app/ui/screens/chat/ChatDetailScreen.kt:89:57 'val Icons.Filled.ArrowBack: ImageVector' is deprecated. Use the AutoMirrored version at Icons.AutoMirrored.Filled.ArrowBack.
w: file:///Users/brentzey/bside/composeApp/src/commonMain/kotlin/love/bside/app/ui/screens/chat/ChatDetailScreen.kt:141:42 'val Icons.Filled.Chat: ImageVector' is deprecated. Use the AutoMirrored version at Icons.AutoMirrored.Filled.Chat.
w: file:///Users/brentzey/bside/composeApp/src/commonMain/kotlin/love/bside/app/ui/screens/chat/ChatDetailScreen.kt:283:49 'val Icons.Filled.Send: ImageVector' is deprecated. Use the AutoMirrored version at Icons.AutoMirrored.Filled.Send.
w: file:///Users/brentzey/bside/composeApp/src/commonMain/kotlin/love/bside/app/ui/screens/messages/ConversationsListScreen.kt:47:42 'val Icons.Filled.Chat: ImageVector' is deprecated. Use the AutoMirrored version at Icons.AutoMirrored.Filled.Chat.
w: file:///Users/brentzey/bside/composeApp/src/commonMain/kotlin/love/bside/app/ui/screens/profile/ProfileDetailScreen.kt:43:57 'val Icons.Filled.ArrowBack: ImageVector' is deprecated. Use the AutoMirrored version at Icons.AutoMirrored.Filled.ArrowBack.
w: file:///Users/brentzey/bside/composeApp/src/commonMain/kotlin/love/bside/app/ui/screens/profile/ProfileDetailScreen.kt:310:46 'val Icons.Filled.Chat: ImageVector' is deprecated. Use the AutoMirrored version at Icons.AutoMirrored.Filled.Chat.
w: file:///Users/brentzey/bside/composeApp/src/commonMain/kotlin/love/bside/app/ui/screens/settings/SettingsScreen.kt:116:42 'val Icons.Filled.Help: ImageVector' is deprecated. Use the AutoMirrored version at Icons.AutoMirrored.Filled.Help.
w: file:///Users/brentzey/bside/composeApp/src/commonMain/kotlin/love/bside/app/ui/screens/settings/SettingsScreen.kt:143:53 'val Icons.Filled.Logout: ImageVector' is deprecated. Use the AutoMirrored version at Icons.AutoMirrored.Filled.Logout.
w: file:///Users/brentzey/bside/composeApp/src/commonMain/kotlin/love/bside/app/ui/screens/settings/SettingsScreen.kt:160:49 'val Icons.Filled.Logout: ImageVector' is deprecated. Use the AutoMirrored version at Icons.AutoMirrored.Filled.Logout.

> Task :composeApp:compileKotlinIosArm64
w: file:///Users/brentzey/bside/composeApp/src/commonMain/kotlin/love/bside/app/ui/components/Buttons.kt:106:33 'val outlinedButtonBorder: BorderStroke' is deprecated. Please use the version that takes an `enabled` param to get the `BorderStroke` with the correct opacity.
w: file:///Users/brentzey/bside/composeApp/src/commonMain/kotlin/love/bside/app/ui/screens/chat/ChatDetailScreen.kt:89:57 'val Icons.Filled.ArrowBack: ImageVector' is deprecated. Use the AutoMirrored version at Icons.AutoMirrored.Filled.ArrowBack.
w: file:///Users/brentzey/bside/composeApp/src/commonMain/kotlin/love/bside/app/ui/screens/chat/ChatDetailScreen.kt:141:42 'val Icons.Filled.Chat: ImageVector' is deprecated. Use the AutoMirrored version at Icons.AutoMirrored.Filled.Chat.
w: file:///Users/brentzey/bside/composeApp/src/commonMain/kotlin/love/bside/app/ui/screens/chat/ChatDetailScreen.kt:283:49 'val Icons.Filled.Send: ImageVector' is deprecated. Use the AutoMirrored version at Icons.AutoMirrored.Filled.Send.
w: file:///Users/brentzey/bside/composeApp/src/commonMain/kotlin/love/bside/app/ui/screens/messages/ConversationsListScreen.kt:47:42 'val Icons.Filled.Chat: ImageVector' is deprecated. Use the AutoMirrored version at Icons.AutoMirrored.Filled.Chat.
w: file:///Users/brentzey/bside/composeApp/src/commonMain/kotlin/love/bside/app/ui/screens/profile/ProfileDetailScreen.kt:43:57 'val Icons.Filled.ArrowBack: ImageVector' is deprecated. Use the AutoMirrored version at Icons.AutoMirrored.Filled.ArrowBack.
w: file:///Users/brentzey/bside/composeApp/src/commonMain/kotlin/love/bside/app/ui/screens/profile/ProfileDetailScreen.kt:310:46 'val Icons.Filled.Chat: ImageVector' is deprecated. Use the AutoMirrored version at Icons.AutoMirrored.Filled.Chat.
w: file:///Users/brentzey/bside/composeApp/src/commonMain/kotlin/love/bside/app/ui/screens/settings/SettingsScreen.kt:116:42 'val Icons.Filled.Help: ImageVector' is deprecated. Use the AutoMirrored version at Icons.AutoMirrored.Filled.Help.
w: file:///Users/brentzey/bside/composeApp/src/commonMain/kotlin/love/bside/app/ui/screens/settings/SettingsScreen.kt:143:53 'val Icons.Filled.Logout: ImageVector' is deprecated. Use the AutoMirrored version at Icons.AutoMirrored.Filled.Logout.
w: file:///Users/brentzey/bside/composeApp/src/commonMain/kotlin/love/bside/app/ui/screens/settings/SettingsScreen.kt:160:49 'val Icons.Filled.Logout: ImageVector' is deprecated. Use the AutoMirrored version at Icons.AutoMirrored.Filled.Logout.

FAILURE: Build completed with 4 failures.

1: Task failed with an exception.
-----------
* What went wrong:
Execution failed for task ':composeApp:compileKotlinJs'.
> A failure occurred while executing org.jetbrains.kotlin.compilerRunner.GradleCompilerRunnerWithWorkers$GradleKotlinCompilerWorkAction
   > Compilation error. See log for more details

* Try:
> Run with --stacktrace option to get the stack trace.
> Run with --info or --debug option to get more log output.
> Run with --scan to get full insights.
> Get more help at https://help.gradle.org.
==============================================================================

2: Task failed with an exception.
-----------
* What went wrong:
Execution failed for task ':composeApp:compileKotlinJvm'.
> A failure occurred while executing org.jetbrains.kotlin.compilerRunner.GradleCompilerRunnerWithWorkers$GradleKotlinCompilerWorkAction
   > Compilation error. See log for more details

* Try:
> Run with --stacktrace option to get the stack trace.
> Run with --info or --debug option to get more log output.
> Run with --scan to get full insights.
> Get more help at https://help.gradle.org.
==============================================================================

3: Task failed with an exception.
-----------
* What went wrong:
Execution failed for task ':composeApp:compileDebugKotlinAndroid'.
> A failure occurred while executing org.jetbrains.kotlin.compilerRunner.GradleCompilerRunnerWithWorkers$GradleKotlinCompilerWorkAction
   > Compilation error. See log for more details

* Try:
> Run with --stacktrace option to get the stack trace.
> Run with --info or --debug option to get more log output.
> Run with --scan to get full insights.
> Get more help at https://help.gradle.org.
==============================================================================

4: Task failed with an exception.
-----------
* What went wrong:
Execution failed for task ':composeApp:compileReleaseKotlinAndroid'.
> A failure occurred while executing org.jetbrains.kotlin.compilerRunner.GradleCompilerRunnerWithWorkers$GradleKotlinCompilerWorkAction
   > Compilation error. See log for more details

* Try:
> Run with --stacktrace option to get the stack trace.
> Run with --info or --debug option to get more log output.
> Run with --scan to get full insights.
> Get more help at https://help.gradle.org.
==============================================================================

BUILD FAILED in 11s
278 actionable tasks: 183 executed, 72 from cache, 23 up-to-date
Configuration cache entry reused.
