To honour the JVM settings for this build a single-use Daemon process will be forked. For more on this, please refer to https://docs.gradle.org/8.14.3/userguide/gradle_daemon.html#sec:disabling_the_daemon in the Gradle documentation.
Daemon will be stopped at the end of the build 
Calculating task graph as no cached configuration is available for tasks: clean build
Type-safe project accessors is an incubating feature.
Configuration 'jsNpmAggregated' was resolved during configuration time.
This is a build performance and scalability issue.
See https://github.com/gradle/gradle/issues/2298
Run with --info for a stacktrace.
Configuration 'jsTestNpmAggregated' was resolved during configuration time.
This is a build performance and scalability issue.
See https://github.com/gradle/gradle/issues/2298
Run with --info for a stacktrace.
Configuration 'jsNpmAggregated' was resolved during configuration time.
This is a build performance and scalability issue.
See https://github.com/gradle/gradle/issues/2298
Run with --info for a stacktrace.
Configuration 'jsTestNpmAggregated' was resolved during configuration time.
This is a build performance and scalability issue.
See https://github.com/gradle/gradle/issues/2298
Run with --info for a stacktrace.
Configuration 'jsNpmAggregated' was resolved during configuration time.
This is a build performance and scalability issue.
See https://github.com/gradle/gradle/issues/2298
Run with --info for a stacktrace.
Configuration 'jsTestNpmAggregated' was resolved during configuration time.
This is a build performance and scalability issue.
See https://github.com/gradle/gradle/issues/2298
Run with --info for a stacktrace.
> Task :shared:cleanIosSimulatorArm64Test UP-TO-DATE
> Task :shared:cleanJsBrowserTest UP-TO-DATE
> Task :pocketbase-kt-sdk:cleanJvmTest UP-TO-DATE
> Task :pocketbase-kt-sdk:cleanIosX64Test UP-TO-DATE
> Task :composeApp:cleanJsBrowserTest UP-TO-DATE
> Task :pocketbase-kt-sdk:cleanJsBrowserTest UP-TO-DATE
> Task :composeApp:cleanJvmTest
> Task :pocketbase-kt-sdk:cleanIosSimulatorArm64Test UP-TO-DATE
> Task :shared:cleanIosX64Test UP-TO-DATE
> Task :pocketbase-kt-sdk:cleanJsNodeTest UP-TO-DATE
> Task :composeApp:cleanIosSimulatorArm64Test
> Task :shared:cleanJvmTest
> Task :shared:preBuild UP-TO-DATE
> Task :pocketbase-kt-sdk:cleanAllTests UP-TO-DATE
> Task :composeApp:cleanAllTests
> Task :composeApp:preBuild UP-TO-DATE
> Task :shared:cleanAllTests
> Task :check UP-TO-DATE
> Task :assemble UP-TO-DATE
> Task :shared:kmpPartiallyResolvedDependenciesChecker
> Task :composeApp:kmpPartiallyResolvedDependenciesChecker
> Task :shared:preDebugBuild UP-TO-DATE
> Task :build UP-TO-DATE
> Task :composeApp:preDebugBuild UP-TO-DATE
> Task :shared:preReleaseBuild UP-TO-DATE
> Task :composeApp:preReleaseBuild UP-TO-DATE
> Task :shared:checkKotlinGradlePluginConfigurationErrors SKIPPED
> Task :composeApp:checkKotlinGradlePluginConfigurationErrors SKIPPED
> Task :kotlinKotlinNpmCachesSetup
> Task :server:clean
> Task :composeApp:preReleaseUnitTestBuild UP-TO-DATE
> Task :composeApp:preDebugUnitTestBuild UP-TO-DATE
> Task :pocketbase-kt-sdk:preBuild UP-TO-DATE
> Task :shared:preDebugUnitTestBuild UP-TO-DATE
> Task :pocketbase-kt-sdk:kmpPartiallyResolvedDependenciesChecker
> Task :shared:preDebugAndroidTestBuild UP-TO-DATE
> Task :pocketbase-kt-sdk:preDebugBuild UP-TO-DATE
> Task :pocketbase-kt-sdk:checkKotlinGradlePluginConfigurationErrors SKIPPED
> Task :pocketbase-kt-sdk:preReleaseBuild UP-TO-DATE
> Task :server:checkKotlinGradlePluginConfigurationErrors SKIPPED
> Task :pocketbase-kt-sdk:preDebugAndroidTestBuild UP-TO-DATE
> Task :pocketbase-kt-sdk:preReleaseUnitTestBuild UP-TO-DATE
> Task :pocketbase-kt-sdk:preDebugUnitTestBuild UP-TO-DATE
> Task :shared:preReleaseUnitTestBuild UP-TO-DATE
> Task :server:processTestResources NO-SOURCE
> Task :server:processResources
> Task :pocketbase-kt-sdk:clean
> Task :pocketbase-kt-sdk:metadataCommonMainProcessResources NO-SOURCE
> Task :pocketbase-kt-sdk:debugAssetsCopyForAGP NO-SOURCE
> Task :pocketbase-kt-sdk:generateProjectStructureMetadata
> Task :pocketbase-kt-sdk:prepareDebugArtProfile
> Task :pocketbase-kt-sdk:generateDebugResValues
> Task :pocketbase-kt-sdk:processDebugNavigationResources
> Task :pocketbase-kt-sdk:prepareLintJarForPublish
> Task :pocketbase-kt-sdk:writeDebugAarMetadata
> Task :pocketbase-kt-sdk:generateDebugResources
> Task :pocketbase-kt-sdk:javaPreCompileDebug
> Task :pocketbase-kt-sdk:checkDebugAarMetadata
> Task :pocketbase-kt-sdk:checkReleaseAarMetadata
> Task :pocketbase-kt-sdk:generateReleaseResValues FROM-CACHE
> Task :pocketbase-kt-sdk:mergeReleaseJniLibFolders
> Task :pocketbase-kt-sdk:mergeDebugJniLibFolders
> Task :pocketbase-kt-sdk:mergeDebugShaders
> Task :pocketbase-kt-sdk:compileDebugShaders NO-SOURCE
> Task :pocketbase-kt-sdk:mergeReleaseNativeLibs NO-SOURCE
> Task :pocketbase-kt-sdk:mergeDebugNativeLibs NO-SOURCE
> Task :pocketbase-kt-sdk:generateDebugAssets UP-TO-DATE
> Task :pocketbase-kt-sdk:extractDeepLinksForAarRelease
> Task :pocketbase-kt-sdk:stripReleaseDebugSymbols NO-SOURCE
> Task :pocketbase-kt-sdk:stripDebugDebugSymbols NO-SOURCE
> Task :pocketbase-kt-sdk:copyReleaseJniLibsProjectAndLocalJars
> Task :pocketbase-kt-sdk:copyDebugJniLibsProjectAndLocalJars
> Task :pocketbase-kt-sdk:releaseAssetsCopyForAGP NO-SOURCE
> Task :pocketbase-kt-sdk:prepareReleaseArtProfile
> Task :pocketbase-kt-sdk:javaPreCompileRelease FROM-CACHE
> Task :pocketbase-kt-sdk:writeReleaseAarMetadata
> Task :pocketbase-kt-sdk:packageDebugResources
> Task :pocketbase-kt-sdk:processReleaseManifest
> Task :pocketbase-kt-sdk:processDebugManifest
> Task :pocketbase-kt-sdk:metadataNativeMainProcessResources NO-SOURCE
> Task :pocketbase-kt-sdk:metadataAppleMainProcessResources NO-SOURCE
> Task :pocketbase-kt-sdk:parseDebugLocalResources
> Task :pocketbase-kt-sdk:generateDebugRFile
> Task :clean
> Task :kotlinRestoreYarnLock
> Task :pocketbase-kt-sdk:processReleaseNavigationResources FROM-CACHE
> Task :pocketbase-kt-sdk:extractDeepLinksForAarDebug FROM-CACHE
> Task :pocketbase-kt-sdk:generateReleaseResources FROM-CACHE
> Task :pocketbase-kt-sdk:mapReleaseSourceSetPaths
> Task :pocketbase-kt-sdk:mergeDebugAssets
> Task :pocketbase-kt-sdk:mergeReleaseResources
> Task :pocketbase-kt-sdk:mergeReleaseShaders
> Task :pocketbase-kt-sdk:compileReleaseShaders NO-SOURCE
> Task :pocketbase-kt-sdk:generateReleaseAssets UP-TO-DATE
> Task :pocketbase-kt-sdk:mergeReleaseAssets
> Task :pocketbase-kt-sdk:iosArm64ProcessResources NO-SOURCE
> Task :pocketbase-kt-sdk:verifyReleaseResources
> Task :pocketbase-kt-sdk:iosX64ProcessResources NO-SOURCE
> Task :pocketbase-kt-sdk:metadataIosMainProcessResources NO-SOURCE
> Task :pocketbase-kt-sdk:transformCommonMainDependenciesMetadata
> Task :pocketbase-kt-sdk:compileCommonMainKotlinMetadata
> Task :pocketbase-kt-sdk:metadataCommonMainClasses
> Task :pocketbase-kt-sdk:allMetadataJar
> Task :pocketbase-kt-sdk:compileKotlinJs
> Task :pocketbase-kt-sdk:jsProcessResources NO-SOURCE
> Task :pocketbase-kt-sdk:jsMainClasses
> Task :pocketbase-kt-sdk:transformNativeMainDependenciesMetadata
> Task :pocketbase-kt-sdk:transformAppleMainDependenciesMetadata
> Task :pocketbase-kt-sdk:iosSimulatorArm64ProcessResources NO-SOURCE
> Task :pocketbase-kt-sdk:jvmProcessResources NO-SOURCE
> Task :pocketbase-kt-sdk:processJvmMainResources SKIPPED
> Task :pocketbase-kt-sdk:compileTestKotlinJs NO-SOURCE
> Task :pocketbase-kt-sdk:jsTestProcessResources NO-SOURCE
> Task :pocketbase-kt-sdk:jsTestClasses UP-TO-DATE
> Task :pocketbase-kt-sdk:compileTestDevelopmentExecutableKotlinJs NO-SOURCE
> Task :pocketbase-kt-sdk:jsTestTestDevelopmentExecutableCompileSync NO-SOURCE
> Task :pocketbase-kt-sdk:jvmTestProcessResources NO-SOURCE
> Task :pocketbase-kt-sdk:processJvmTestResources SKIPPED
> Task :pocketbase-kt-sdk:commonizeNativeDistribution
> Task :pocketbase-kt-sdk:transformIosMainDependenciesMetadata
> Task :pocketbase-kt-sdk:packageReleaseResources
> Task :pocketbase-kt-sdk:compileNativeMainKotlinMetadata NO-SOURCE
> Task :pocketbase-kt-sdk:metadataNativeMainClasses UP-TO-DATE
> Task :pocketbase-kt-sdk:compileAppleMainKotlinMetadata NO-SOURCE
> Task :pocketbase-kt-sdk:metadataAppleMainClasses UP-TO-DATE
> Task :pocketbase-kt-sdk:compileIosMainKotlinMetadata NO-SOURCE
> Task :pocketbase-kt-sdk:metadataIosMainClasses UP-TO-DATE
> Task :pocketbase-kt-sdk:javaPreCompileDebugUnitTest FROM-CACHE
> Task :pocketbase-kt-sdk:parseReleaseLocalResources FROM-CACHE
> Task :pocketbase-kt-sdk:iosArm64MetadataElements
> Task :pocketbase-kt-sdk:iosSimulatorArm64MetadataElements
> Task :pocketbase-kt-sdk:generateDebugUnitTestStubRFile
> Task :pocketbase-kt-sdk:generateReleaseRFile FROM-CACHE
> Task :pocketbase-kt-sdk:iosX64MetadataElements
> Task :pocketbase-kt-sdk:generateDebugAndroidTestResValues FROM-CACHE
> Task :pocketbase-kt-sdk:javaPreCompileReleaseUnitTest FROM-CACHE
> Task :pocketbase-kt-sdk:generateReleaseUnitTestStubRFile FROM-CACHE
> Task :pocketbase-kt-sdk:writeDebugLintModelMetadata
> Task :pocketbase-kt-sdk:extractProguardFiles
> Task :pocketbase-kt-sdk:jsPackageJson
> Task :pocketbase-kt-sdk:jsPublicPackageJson
> Task :pocketbase-kt-sdk:jsJar
> Task :pocketbase-kt-sdk:jsTestPackageJson
> Task :pocketbase-kt-sdk:jsTestPublicPackageJson
> Task :shared:jsPackageJson
> Task :shared:jsTestPackageJson
> Task :composeApp:jsPackageJson
> Task :composeApp:jsTestPackageJson
> Task :shared:clean
> Task :shared:convertXmlValueResourcesForCommonMain NO-SOURCE
> Task :shared:copyNonXmlValueResourcesForCommonMain NO-SOURCE
> Task :shared:metadataCommonMainProcessResources NO-SOURCE
> Task :shared:prepareComposeResourcesTaskForCommonMain NO-SOURCE
> Task :shared:generateProjectStructureMetadata
> Task :shared:convertXmlValueResourcesForNativeMain NO-SOURCE
> Task :shared:commonizeNativeDistribution
> Task :shared:generateResourceAccessorsForCommonMain NO-SOURCE
> Task :shared:copyNonXmlValueResourcesForNativeMain NO-SOURCE
> Task :shared:convertXmlValueResourcesForAppleMain NO-SOURCE
> Task :shared:metadataNativeMainProcessResources NO-SOURCE
> Task :shared:copyNonXmlValueResourcesForAppleMain NO-SOURCE
> Task :shared:convertXmlValueResourcesForIosMain NO-SOURCE
> Task :shared:prepareComposeResourcesTaskForNativeMain NO-SOURCE
> Task :shared:copyNonXmlValueResourcesForIosMain NO-SOURCE
> Task :shared:prepareComposeResourcesTaskForAppleMain NO-SOURCE
> Task :shared:generateResourceAccessorsForNativeMain NO-SOURCE
> Task :shared:generateExpectResourceCollectorsForCommonMain
> Task :shared:metadataAppleMainProcessResources NO-SOURCE
> Task :shared:generateComposeResClass
> Task :shared:prepareComposeResourcesTaskForIosMain NO-SOURCE
> Task :shared:generateResourceAccessorsForAppleMain NO-SOURCE
> Task :shared:metadataIosMainProcessResources NO-SOURCE
> Task :shared:generateResourceAccessorsForIosMain NO-SOURCE
> Task :shared:generateDebugResValues FROM-CACHE
> Task :shared:processDebugNavigationResources FROM-CACHE
> Task :shared:writeDebugAarMetadata
> Task :shared:convertXmlValueResourcesForAndroidMain NO-SOURCE
> Task :shared:copyNonXmlValueResourcesForAndroidMain NO-SOURCE
> Task :composeApp:clean
> Task :shared:exportRootPublicationCoordinatesForMetadataApiElements
> Task :shared:generateDebugResources FROM-CACHE
> Task :composeApp:convertXmlValueResourcesForCommonMain NO-SOURCE
> Task :shared:extractDeepLinksDebug
> Task :composeApp:generateProjectStructureMetadata
> Task :composeApp:generateExpectResourceCollectorsForCommonMain
> Task :composeApp:copyNonXmlValueResourcesForCommonMain
> Task :composeApp:mergeDebugNativeDebugMetadata NO-SOURCE
> Task :composeApp:convertXmlValueResourcesForAndroidMain NO-SOURCE
> Task :composeApp:copyNonXmlValueResourcesForAndroidMain NO-SOURCE
> Task :shared:processDebugManifest
> Task :composeApp:convertXmlValueResourcesForAndroidDebug NO-SOURCE
> Task :composeApp:prepareComposeResourcesTaskForAndroidMain NO-SOURCE
> Task :composeApp:copyNonXmlValueResourcesForAndroidDebug NO-SOURCE
> Task :composeApp:prepareComposeResourcesTaskForCommonMain
> Task :composeApp:generateResourceAccessorsForAndroidMain NO-SOURCE
> Task :composeApp:prepareComposeResourcesTaskForAndroidDebug NO-SOURCE
> Task :composeApp:generateResourceAccessorsForAndroidDebug NO-SOURCE
> Task :composeApp:metadataCommonMainProcessResources
> Task :composeApp:generateComposeResClass
> Task :shared:packageDebugResources
> Task :composeApp:generateDebugResValues FROM-CACHE
> Task :composeApp:createDebugCompatibleScreenManifests
> Task :composeApp:generateResourceAccessorsForCommonMain
> Task :composeApp:generateDebugResources
> Task :composeApp:generateActualResourceCollectorsForAndroidMain
> Task :composeApp:packageDebugResources
> Task :composeApp:extractDeepLinksDebug
> Task :shared:compileDebugLibraryResources
> Task :shared:parseDebugLocalResources FROM-CACHE
> Task :pocketbase-kt-sdk:compileKotlinJvm
> Task :shared:prepareComposeResourcesTaskForAndroidMain NO-SOURCE
> Task :shared:generateResourceAccessorsForAndroidMain NO-SOURCE
> Task :shared:generateActualResourceCollectorsForAndroidMain
> Task :shared:convertXmlValueResourcesForAndroidDebug NO-SOURCE
> Task :shared:copyNonXmlValueResourcesForAndroidDebug NO-SOURCE
> Task :composeApp:mapDebugSourceSetPaths
> Task :composeApp:processDebugNavigationResources
> Task :shared:generateDebugRFile
> Task :shared:prepareComposeResourcesTaskForAndroidDebug NO-SOURCE
> Task :shared:generateResourceAccessorsForAndroidDebug NO-SOURCE
> Task :shared:javaPreCompileDebug FROM-CACHE
> Task :composeApp:javaPreCompileDebug FROM-CACHE
> Task :composeApp:compileDebugNavigationResources
> Task :composeApp:mergeDebugShaders
> Task :composeApp:compileDebugShaders NO-SOURCE
> Task :composeApp:debugAssetsCopyForAGP NO-SOURCE
> Task :composeApp:generateDebugAssets UP-TO-DATE
> Task :composeApp:checkDebugAarMetadata
> Task :composeApp:copyDebugComposeResourcesToAndroidAssets
> Task :shared:copyDebugComposeResourcesToAndroidAssets
> Task :shared:mergeDebugShaders
> Task :shared:debugAssetsCopyForAGP NO-SOURCE
> Task :shared:compileDebugShaders NO-SOURCE
> Task :shared:generateDebugAssets UP-TO-DATE
> Task :composeApp:desugarDebugFileDependencies
> Task :shared:mergeDebugAssets
> Task :composeApp:parseDebugLocalResources
> Task :composeApp:processDebugMainManifest
> Task :composeApp:processDebugManifest
> Task :shared:mergeDebugJniLibFolders
> Task :composeApp:processDebugManifestForPackage
> Task :shared:mergeDebugNativeLibs NO-SOURCE
> Task :shared:copyDebugJniLibsProjectOnly
> Task :composeApp:mergeDebugJniLibFolders
> Task :composeApp:writeDebugAppMetadata
> Task :composeApp:writeDebugSigningConfigVersions
> Task :composeApp:validateSigningDebug
> Task :composeApp:mergeReleaseJniLibFolders
> Task :shared:generateReleaseResValues FROM-CACHE
> Task :shared:generateReleaseResources FROM-CACHE
> Task :shared:packageReleaseResources
> Task :shared:processReleaseNavigationResources FROM-CACHE
> Task :shared:parseReleaseLocalResources FROM-CACHE
> Task :shared:generateReleaseRFile FROM-CACHE
> Task :shared:convertXmlValueResourcesForAndroidRelease NO-SOURCE
> Task :shared:copyNonXmlValueResourcesForAndroidRelease NO-SOURCE
> Task :shared:prepareComposeResourcesTaskForAndroidRelease NO-SOURCE
> Task :shared:generateResourceAccessorsForAndroidRelease NO-SOURCE
> Task :shared:mergeReleaseJniLibFolders
> Task :shared:mergeReleaseNativeLibs NO-SOURCE
> Task :composeApp:mergeDebugAssets
> Task :shared:copyReleaseJniLibsProjectOnly
> Task :composeApp:checkDebugDuplicateClasses
> Task :composeApp:compressDebugAssets
> Task :shared:javaPreCompileRelease FROM-CACHE
> Task :composeApp:mergeReleaseNativeLibs
> Task :pocketbase-kt-sdk:compileDebugKotlinAndroid
> Task :composeApp:buildKotlinToolingMetadata
> Task :composeApp:convertXmlValueResourcesForAndroidRelease NO-SOURCE
> Task :composeApp:copyNonXmlValueResourcesForAndroidRelease NO-SOURCE
> Task :composeApp:prepareComposeResourcesTaskForAndroidRelease NO-SOURCE
> Task :composeApp:generateResourceAccessorsForAndroidRelease NO-SOURCE
> Task :composeApp:mergeDebugNativeLibs
> Task :shared:writeReleaseAarMetadata

> Task :composeApp:stripDebugDebugSymbols
Unable to strip the following libraries, packaging them as they are: libandroidx.graphics.path.so. Run with --info option to learn more.

> Task :composeApp:processReleaseNavigationResources FROM-CACHE
> Task :composeApp:checkReleaseAarMetadata
> Task :composeApp:checkReleaseDuplicateClasses

> Task :composeApp:stripReleaseDebugSymbols
Unable to strip the following libraries, packaging them as they are: libandroidx.graphics.path.so. Run with --info option to learn more.

> Task :composeApp:generateReleaseResValues FROM-CACHE
> Task :composeApp:compileReleaseNavigationResources FROM-CACHE
> Task :composeApp:createReleaseCompatibleScreenManifests
> Task :composeApp:generateReleaseResources FROM-CACHE
> Task :composeApp:extractDeepLinksRelease FROM-CACHE
> Task :composeApp:mapReleaseSourceSetPaths
> Task :shared:extractDeepLinksRelease FROM-CACHE
> Task :composeApp:extractReleaseNativeSymbolTables
> Task :composeApp:mergeReleaseNativeDebugMetadata NO-SOURCE
> Task :shared:compileReleaseLibraryResources
> Task :composeApp:javaPreCompileRelease FROM-CACHE
> Task :composeApp:desugarReleaseFileDependencies
> Task :composeApp:mergeReleaseStartupProfile
> Task :composeApp:kotlinNodeJsSetup
> Task :shared:prepareReleaseArtProfile
> Task :composeApp:packageReleaseResources
> Task :shared:processReleaseManifest FROM-CACHE
> Task :composeApp:parseReleaseLocalResources FROM-CACHE
> Task :composeApp:mergeReleaseShaders
> Task :composeApp:compileReleaseShaders NO-SOURCE
> Task :pocketbase-kt-sdk:compileReleaseKotlinAndroid
> Task :composeApp:generateReleaseAssets UP-TO-DATE
> Task :composeApp:releaseAssetsCopyForAGP NO-SOURCE
> Task :composeApp:copyReleaseComposeResourcesToAndroidAssets
> Task :shared:mergeReleaseShaders
> Task :shared:compileReleaseShaders NO-SOURCE
> Task :shared:copyReleaseComposeResourcesToAndroidAssets
> Task :shared:generateReleaseAssets UP-TO-DATE
> Task :shared:releaseAssetsCopyForAGP NO-SOURCE
> Task :shared:mergeReleaseAssets
> Task :composeApp:mergeReleaseAssets
> Task :composeApp:compressReleaseAssets
> Task :composeApp:convertXmlValueResourcesForAndroidUnitTest NO-SOURCE
> Task :composeApp:copyNonXmlValueResourcesForAndroidUnitTest NO-SOURCE
> Task :composeApp:prepareComposeResourcesTaskForAndroidUnitTest NO-SOURCE
> Task :composeApp:generateResourceAccessorsForAndroidUnitTest NO-SOURCE
> Task :composeApp:convertXmlValueResourcesForAndroidUnitTestDebug NO-SOURCE
> Task :composeApp:copyNonXmlValueResourcesForAndroidUnitTestDebug NO-SOURCE
> Task :composeApp:prepareComposeResourcesTaskForAndroidUnitTestDebug NO-SOURCE
> Task :composeApp:generateResourceAccessorsForAndroidUnitTestDebug NO-SOURCE
> Task :composeApp:convertXmlValueResourcesForAndroidUnitTestRelease NO-SOURCE
> Task :composeApp:copyNonXmlValueResourcesForAndroidUnitTestRelease NO-SOURCE
> Task :composeApp:prepareComposeResourcesTaskForAndroidUnitTestRelease NO-SOURCE
> Task :composeApp:generateResourceAccessorsForAndroidUnitTestRelease NO-SOURCE
> Task :composeApp:convertXmlValueResourcesForAppleMain NO-SOURCE
> Task :composeApp:copyNonXmlValueResourcesForAppleMain NO-SOURCE
> Task :composeApp:prepareComposeResourcesTaskForAppleMain NO-SOURCE
> Task :composeApp:generateResourceAccessorsForAppleMain NO-SOURCE
> Task :composeApp:mergeReleaseArtProfile
> Task :composeApp:convertXmlValueResourcesForAppleTest NO-SOURCE
> Task :composeApp:copyNonXmlValueResourcesForAppleTest NO-SOURCE
> Task :composeApp:convertXmlValueResourcesForCommonTest NO-SOURCE
> Task :composeApp:copyNonXmlValueResourcesForCommonTest NO-SOURCE
> Task :composeApp:prepareComposeResourcesTaskForAppleTest NO-SOURCE
> Task :composeApp:generateResourceAccessorsForAppleTest NO-SOURCE
> Task :composeApp:prepareComposeResourcesTaskForCommonTest NO-SOURCE
> Task :composeApp:convertXmlValueResourcesForIosArm64Main NO-SOURCE
> Task :composeApp:generateResourceAccessorsForCommonTest NO-SOURCE
> Task :composeApp:copyNonXmlValueResourcesForIosArm64Main NO-SOURCE
> Task :composeApp:convertXmlValueResourcesForIosArm64Test NO-SOURCE
> Task :composeApp:copyNonXmlValueResourcesForIosArm64Test NO-SOURCE
> Task :composeApp:prepareComposeResourcesTaskForIosArm64Main NO-SOURCE
> Task :composeApp:generateResourceAccessorsForIosArm64Main NO-SOURCE
> Task :composeApp:prepareComposeResourcesTaskForIosArm64Test NO-SOURCE
> Task :composeApp:convertXmlValueResourcesForIosMain NO-SOURCE
> Task :composeApp:processReleaseMainManifest
> Task :composeApp:generateResourceAccessorsForIosArm64Test NO-SOURCE
> Task :composeApp:copyNonXmlValueResourcesForIosMain NO-SOURCE
> Task :composeApp:convertXmlValueResourcesForIosSimulatorArm64Main NO-SOURCE
> Task :composeApp:prepareComposeResourcesTaskForIosMain NO-SOURCE
> Task :composeApp:copyNonXmlValueResourcesForIosSimulatorArm64Main NO-SOURCE
> Task :composeApp:generateResourceAccessorsForIosMain NO-SOURCE
> Task :composeApp:convertXmlValueResourcesForIosSimulatorArm64Test NO-SOURCE
> Task :composeApp:prepareComposeResourcesTaskForIosSimulatorArm64Main NO-SOURCE
> Task :composeApp:generateResourceAccessorsForIosSimulatorArm64Main NO-SOURCE
> Task :composeApp:convertXmlValueResourcesForIosTest NO-SOURCE
> Task :composeApp:copyNonXmlValueResourcesForIosTest NO-SOURCE
> Task :composeApp:processReleaseManifest
> Task :composeApp:copyNonXmlValueResourcesForIosSimulatorArm64Test NO-SOURCE
> Task :composeApp:prepareComposeResourcesTaskForIosSimulatorArm64Test NO-SOURCE
> Task :composeApp:prepareComposeResourcesTaskForIosTest NO-SOURCE
> Task :composeApp:generateResourceAccessorsForIosSimulatorArm64Test NO-SOURCE
> Task :composeApp:generateResourceAccessorsForIosTest NO-SOURCE
> Task :composeApp:convertXmlValueResourcesForJsMain NO-SOURCE
> Task :composeApp:convertXmlValueResourcesForJsTest NO-SOURCE
> Task :composeApp:copyNonXmlValueResourcesForJsMain NO-SOURCE
> Task :composeApp:copyNonXmlValueResourcesForJsTest NO-SOURCE
> Task :composeApp:prepareComposeResourcesTaskForJsTest NO-SOURCE
> Task :composeApp:prepareComposeResourcesTaskForJsMain NO-SOURCE
> Task :composeApp:generateResourceAccessorsForJsMain NO-SOURCE
> Task :composeApp:generateResourceAccessorsForJsTest NO-SOURCE
> Task :composeApp:convertXmlValueResourcesForJvmMain NO-SOURCE
> Task :composeApp:convertXmlValueResourcesForJvmTest NO-SOURCE
> Task :composeApp:copyNonXmlValueResourcesForJvmMain NO-SOURCE
> Task :composeApp:copyNonXmlValueResourcesForJvmTest NO-SOURCE
> Task :composeApp:prepareComposeResourcesTaskForJvmTest NO-SOURCE
> Task :composeApp:prepareComposeResourcesTaskForJvmMain NO-SOURCE
> Task :composeApp:generateResourceAccessorsForJvmTest NO-SOURCE
> Task :composeApp:convertXmlValueResourcesForNativeMain NO-SOURCE
> Task :composeApp:generateResourceAccessorsForJvmMain NO-SOURCE
> Task :composeApp:copyNonXmlValueResourcesForNativeMain NO-SOURCE
> Task :composeApp:convertXmlValueResourcesForNativeTest NO-SOURCE
> Task :composeApp:copyNonXmlValueResourcesForNativeTest NO-SOURCE
> Task :composeApp:prepareComposeResourcesTaskForNativeTest NO-SOURCE
> Task :composeApp:prepareComposeResourcesTaskForNativeMain NO-SOURCE
> Task :composeApp:generateResourceAccessorsForNativeTest NO-SOURCE
> Task :composeApp:generateResourceAccessorsForNativeMain NO-SOURCE
> Task :composeApp:convertXmlValueResourcesForWebMain NO-SOURCE
> Task :composeApp:convertXmlValueResourcesForWebTest NO-SOURCE
> Task :composeApp:copyNonXmlValueResourcesForWebMain NO-SOURCE
> Task :composeApp:copyNonXmlValueResourcesForWebTest NO-SOURCE
> Task :composeApp:prepareComposeResourcesTaskForWebTest NO-SOURCE
> Task :composeApp:prepareComposeResourcesTaskForWebMain NO-SOURCE
> Task :composeApp:processReleaseManifestForPackage
> Task :composeApp:generateResourceAccessorsForWebMain NO-SOURCE
> Task :composeApp:generateResourceAccessorsForWebTest NO-SOURCE
> Task :shared:convertXmlValueResourcesForAndroidUnitTest NO-SOURCE
> Task :shared:convertXmlValueResourcesForAndroidUnitTestDebug NO-SOURCE
> Task :shared:copyNonXmlValueResourcesForAndroidUnitTest NO-SOURCE
> Task :shared:copyNonXmlValueResourcesForAndroidUnitTestDebug NO-SOURCE
> Task :shared:prepareComposeResourcesTaskForAndroidUnitTest NO-SOURCE
> Task :shared:prepareComposeResourcesTaskForAndroidUnitTestDebug NO-SOURCE
> Task :shared:generateResourceAccessorsForAndroidUnitTest NO-SOURCE
> Task :shared:generateResourceAccessorsForAndroidUnitTestDebug NO-SOURCE
> Task :shared:convertXmlValueResourcesForAndroidUnitTestRelease NO-SOURCE
> Task :shared:convertXmlValueResourcesForAppleTest NO-SOURCE
> Task :shared:copyNonXmlValueResourcesForAndroidUnitTestRelease NO-SOURCE
> Task :shared:copyNonXmlValueResourcesForAppleTest NO-SOURCE
> Task :shared:prepareComposeResourcesTaskForAndroidUnitTestRelease NO-SOURCE
> Task :shared:prepareComposeResourcesTaskForAppleTest NO-SOURCE
> Task :shared:generateResourceAccessorsForAndroidUnitTestRelease NO-SOURCE
> Task :shared:generateResourceAccessorsForAppleTest NO-SOURCE
> Task :shared:convertXmlValueResourcesForCommonTest NO-SOURCE
> Task :shared:copyNonXmlValueResourcesForCommonTest NO-SOURCE
> Task :shared:convertXmlValueResourcesForIosArm64Main NO-SOURCE
> Task :shared:prepareComposeResourcesTaskForCommonTest NO-SOURCE
> Task :shared:copyNonXmlValueResourcesForIosArm64Main NO-SOURCE
> Task :shared:generateResourceAccessorsForCommonTest NO-SOURCE
> Task :shared:convertXmlValueResourcesForIosArm64Test NO-SOURCE
> Task :shared:copyNonXmlValueResourcesForIosArm64Test NO-SOURCE
> Task :shared:prepareComposeResourcesTaskForIosArm64Main NO-SOURCE
> Task :shared:generateResourceAccessorsForIosArm64Main NO-SOURCE
> Task :shared:convertXmlValueResourcesForIosSimulatorArm64Main NO-SOURCE
> Task :shared:copyNonXmlValueResourcesForIosSimulatorArm64Main NO-SOURCE
> Task :shared:prepareComposeResourcesTaskForIosArm64Test NO-SOURCE
> Task :shared:generateResourceAccessorsForIosArm64Test NO-SOURCE
> Task :shared:convertXmlValueResourcesForIosSimulatorArm64Test NO-SOURCE
> Task :shared:prepareComposeResourcesTaskForIosSimulatorArm64Main NO-SOURCE
> Task :shared:copyNonXmlValueResourcesForIosSimulatorArm64Test NO-SOURCE
> Task :shared:generateResourceAccessorsForIosSimulatorArm64Main NO-SOURCE
> Task :shared:convertXmlValueResourcesForIosTest NO-SOURCE
> Task :shared:copyNonXmlValueResourcesForIosTest NO-SOURCE
> Task :shared:prepareComposeResourcesTaskForIosSimulatorArm64Test NO-SOURCE
> Task :shared:generateResourceAccessorsForIosSimulatorArm64Test NO-SOURCE
> Task :shared:convertXmlValueResourcesForIosX64Main NO-SOURCE
> Task :shared:copyNonXmlValueResourcesForIosX64Main NO-SOURCE
> Task :shared:prepareComposeResourcesTaskForIosTest NO-SOURCE
> Task :shared:generateResourceAccessorsForIosTest NO-SOURCE
> Task :shared:prepareComposeResourcesTaskForIosX64Main NO-SOURCE
> Task :shared:convertXmlValueResourcesForIosX64Test NO-SOURCE
> Task :shared:copyNonXmlValueResourcesForIosX64Test NO-SOURCE
> Task :shared:generateResourceAccessorsForIosX64Main NO-SOURCE
> Task :shared:convertXmlValueResourcesForJsMain NO-SOURCE
> Task :shared:copyNonXmlValueResourcesForJsMain NO-SOURCE
> Task :shared:prepareComposeResourcesTaskForIosX64Test NO-SOURCE
> Task :shared:prepareComposeResourcesTaskForJsMain NO-SOURCE
> Task :shared:generateResourceAccessorsForIosX64Test NO-SOURCE
> Task :shared:convertXmlValueResourcesForJsTest NO-SOURCE
> Task :shared:generateResourceAccessorsForJsMain NO-SOURCE
> Task :shared:copyNonXmlValueResourcesForJsTest NO-SOURCE
> Task :shared:convertXmlValueResourcesForJvmMain NO-SOURCE
> Task :shared:copyNonXmlValueResourcesForJvmMain NO-SOURCE
> Task :shared:prepareComposeResourcesTaskForJsTest NO-SOURCE
> Task :composeApp:extractProguardFiles
> Task :shared:prepareComposeResourcesTaskForJvmMain NO-SOURCE
> Task :shared:generateResourceAccessorsForJvmMain NO-SOURCE
> Task :shared:generateResourceAccessorsForJsTest NO-SOURCE
> Task :shared:convertXmlValueResourcesForJvmTest NO-SOURCE
> Task :shared:convertXmlValueResourcesForNativeTest NO-SOURCE
> Task :shared:copyNonXmlValueResourcesForJvmTest NO-SOURCE
> Task :shared:convertXmlValueResourcesForWebMain NO-SOURCE
> Task :shared:copyNonXmlValueResourcesForNativeTest NO-SOURCE
> Task :shared:copyNonXmlValueResourcesForWebMain NO-SOURCE
> Task :shared:prepareComposeResourcesTaskForNativeTest NO-SOURCE
> Task :shared:prepareComposeResourcesTaskForJvmTest NO-SOURCE
> Task :shared:prepareComposeResourcesTaskForWebMain NO-SOURCE
> Task :shared:generateResourceAccessorsForJvmTest NO-SOURCE
> Task :shared:generateResourceAccessorsForNativeTest NO-SOURCE
> Task :shared:generateResourceAccessorsForWebMain NO-SOURCE
> Task :shared:convertXmlValueResourcesForWebTest NO-SOURCE
> Task :shared:copyNonXmlValueResourcesForWebTest NO-SOURCE
> Task :shared:prepareComposeResourcesTaskForWebTest NO-SOURCE
> Task :shared:generateResourceAccessorsForWebTest NO-SOURCE
> Task :shared:extractProguardFiles
> Task :shared:stripReleaseDebugSymbols NO-SOURCE
> Task :shared:copyReleaseJniLibsProjectAndLocalJars
> Task :shared:extractDeepLinksForAarRelease FROM-CACHE
> Task :shared:prepareLintJarForPublish
> Task :shared:writeReleaseLintModelMetadata
> Task :composeApp:writeReleaseAppMetadata
> Task :composeApp:writeReleaseSigningConfigVersions
> Task :composeApp:extractReleaseVersionControlInfo
> Task :composeApp:commonizeNativeDistribution
> Task :composeApp:metadataAppleMainProcessResources
> Task :composeApp:metadataNativeMainProcessResources
> Task :shared:generateActualResourceCollectorsForIosArm64Main
> Task :composeApp:generateActualResourceCollectorsForIosArm64Main
> Task :composeApp:generateActualResourceCollectorsForIosSimulatorArm64Main
> Task :shared:generateActualResourceCollectorsForIosSimulatorArm64Main
> Task :composeApp:collectReleaseDependencies
> Task :composeApp:sdkReleaseDependencyData
> Task :composeApp:generateActualResourceCollectorsForJsMain
> Task :shared:generateActualResourceCollectorsForJsMain
> Task :shared:transformCommonMainDependenciesMetadata
> Task :shared:checkReleaseAarMetadata
> Task :composeApp:mergeReleaseResources
> Task :composeApp:mergeDebugResources
> Task :shared:transformNativeMainDependenciesMetadata
> Task :shared:transformAppleMainDependenciesMetadata
> Task :shared:transformIosMainDependenciesMetadata
> Task :shared:assembleJsMainResources
> Task :shared:jsCopyHierarchicalMultiplatformResources
> Task :shared:jsZipMultiplatformResourcesForPublication
> Task :composeApp:jsResolveResourcesFromDependencies
> Task :composeApp:assembleJsMainResources
> Task :composeApp:jsResolveSelfResourcesCopyHierarchicalMultiplatformResources
> Task :composeApp:jsAggregateResources
> Task :composeApp:unpackSkikoWasmRuntime
> Task :composeApp:processDebugResources
> Task :composeApp:processReleaseResources
> Task :shared:assembleIosArm64MainResources
> Task :shared:iosArm64CopyHierarchicalMultiplatformResources
> Task :shared:iosArm64ZipMultiplatformResourcesForPublication
> Task :composeApp:iosArm64ResolveResourcesFromDependencies
> Task :composeApp:assembleIosArm64MainResources
> Task :composeApp:iosArm64ResolveSelfResourcesCopyHierarchicalMultiplatformResources
> Task :composeApp:iosArm64AggregateResources
> Task :composeApp:iosArm64ProcessResources
> Task :shared:assembleIosSimulatorArm64MainResources
> Task :shared:iosSimulatorArm64CopyHierarchicalMultiplatformResources
> Task :shared:iosSimulatorArm64ZipMultiplatformResourcesForPublication
> Task :composeApp:iosSimulatorArm64ResolveResourcesFromDependencies
> Task :composeApp:assembleIosSimulatorArm64MainResources
> Task :composeApp:iosSimulatorArm64ResolveSelfResourcesCopyHierarchicalMultiplatformResources
> Task :composeApp:iosSimulatorArm64AggregateResources
> Task :composeApp:iosSimulatorArm64ProcessResources
> Task :composeApp:metadataIosMainProcessResources
> Task :composeApp:jsProcessResources
> Task :composeApp:optimizeReleaseResources
> Task :composeApp:jsPublicPackageJson
> Task :shared:jsPublicPackageJson
> Task :shared:jsTestPublicPackageJson
> Task :composeApp:generateActualResourceCollectorsForJvmMain
> Task :shared:generateActualResourceCollectorsForJvmMain
> Task :composeApp:jsTestPublicPackageJson
> Task :kotlinPackageJsonUmbrella
> Task :rootPackageJson
> Task :shared:assembleJvmMainResources
> Task :shared:jvmProcessResources
> Task :shared:processJvmMainResources SKIPPED
> Task :composeApp:assembleJvmMainResources
> Task :composeApp:jvmProcessResources
> Task :composeApp:processJvmMainResources SKIPPED
> Task :composeApp:assembleIosSimulatorArm64TestResources
> Task :composeApp:copyTestComposeResourcesForIosSimulatorArm64
> Task :composeApp:assembleJsTestResources
> Task :composeApp:jsTestProcessResources
> Task :composeApp:assembleJvmTestResources
> Task :composeApp:jvmTestProcessResources
> Task :composeApp:processJvmTestResources SKIPPED
> Task :composeApp:javaPreCompileDebugUnitTest FROM-CACHE
> Task :composeApp:javaPreCompileReleaseUnitTest FROM-CACHE
> Task :shared:checkDebugAarMetadata
> Task :shared:stripDebugDebugSymbols NO-SOURCE
> Task :shared:copyDebugJniLibsProjectAndLocalJars
> Task :shared:extractDeepLinksForAarDebug FROM-CACHE
> Task :shared:prepareDebugArtProfile
> Task :composeApp:preDebugAndroidTestBuild SKIPPED
> Task :composeApp:generateDebugAndroidTestResValues FROM-CACHE
> Task :shared:writeDebugLintModelMetadata
> Task :shared:generateDebugAndroidTestResValues FROM-CACHE
> Task :kotlinNodeJsSetup
> Task :kotlinYarnSetup

> Task :shared:compileCommonMainKotlinMetadata
w: file:///Users/brentzey/bside/shared/src/commonMain/kotlin/love/bside/app/core/AppConfig.kt:39:1 'expect'/'actual' classes (including interfaces, objects, annotations, enums, and 'actual' typealiases) are in Beta. Consider using the '-Xexpect-actual-classes' flag to suppress this warning. Also see: https://youtrack.jetbrains.com/issue/KT-61573
w: file:///Users/brentzey/bside/shared/src/commonMain/kotlin/love/bside/app/core/Logger.kt:46:1 'expect'/'actual' classes (including interfaces, objects, annotations, enums, and 'actual' typealiases) are in Beta. Consider using the '-Xexpect-actual-classes' flag to suppress this warning. Also see: https://youtrack.jetbrains.com/issue/KT-61573
w: file:///Users/brentzey/bside/shared/src/commonMain/kotlin/love/bside/app/data/repository/MessagingRepository.kt:187:48 This is a delicate API and its use requires care. Make sure you fully read and understand documentation of the declaration that is marked as a delicate API.

> Task :shared:metadataCommonMainClasses
> Task :shared:allMetadataJar
> Task :shared:compileNativeMainKotlinMetadata NO-SOURCE
> Task :shared:metadataNativeMainClasses UP-TO-DATE
> Task :shared:compileAppleMainKotlinMetadata NO-SOURCE
> Task :shared:metadataAppleMainClasses UP-TO-DATE
> Task :pocketbase-kt-sdk:extractDebugAnnotations
> Task :pocketbase-kt-sdk:compileDebugJavaWithJavac NO-SOURCE
> Task :pocketbase-kt-sdk:mergeDebugGeneratedProguardFiles
> Task :pocketbase-kt-sdk:mergeDebugConsumerProguardFiles
> Task :pocketbase-kt-sdk:processDebugJavaRes
> Task :pocketbase-kt-sdk:mergeDebugJavaResource
> Task :pocketbase-kt-sdk:syncDebugLibJars
> Task :pocketbase-kt-sdk:bundleDebugAar
> Task :pocketbase-kt-sdk:assembleDebug
> Task :pocketbase-kt-sdk:extractReleaseAnnotations
> Task :pocketbase-kt-sdk:compileReleaseJavaWithJavac NO-SOURCE
> Task :pocketbase-kt-sdk:mergeReleaseGeneratedProguardFiles
> Task :pocketbase-kt-sdk:mergeReleaseConsumerProguardFiles
> Task :pocketbase-kt-sdk:processReleaseJavaRes
> Task :pocketbase-kt-sdk:mergeReleaseJavaResource
> Task :pocketbase-kt-sdk:syncReleaseLibJars
> Task :pocketbase-kt-sdk:bundleReleaseAar
> Task :pocketbase-kt-sdk:assembleRelease
> Task :pocketbase-kt-sdk:compileJvmMainJava NO-SOURCE
> Task :pocketbase-kt-sdk:jvmMainClasses
> Task :pocketbase-kt-sdk:jvmJar
> Task :pocketbase-kt-sdk:kotlinNodeJsSetup
> Task :pocketbase-kt-sdk:compileTestKotlinJvm NO-SOURCE
> Task :pocketbase-kt-sdk:compileJvmTestJava NO-SOURCE
> Task :pocketbase-kt-sdk:jvmTestClasses UP-TO-DATE
> Task :pocketbase-kt-sdk:jvmTest NO-SOURCE
> Task :pocketbase-kt-sdk:bundleLibRuntimeToJarDebug
> Task :pocketbase-kt-sdk:bundleLibCompileToJarDebug
> Task :pocketbase-kt-sdk:compileDebugUnitTestKotlinAndroid NO-SOURCE
> Task :pocketbase-kt-sdk:compileDebugUnitTestJavaWithJavac NO-SOURCE
> Task :pocketbase-kt-sdk:processDebugUnitTestJavaRes NO-SOURCE
> Task :pocketbase-kt-sdk:testDebugUnitTest NO-SOURCE
> Task :pocketbase-kt-sdk:bundleLibRuntimeToJarRelease
> Task :pocketbase-kt-sdk:bundleLibCompileToJarRelease
> Task :pocketbase-kt-sdk:compileReleaseUnitTestKotlinAndroid NO-SOURCE
> Task :pocketbase-kt-sdk:compileReleaseUnitTestJavaWithJavac NO-SOURCE

> Task :kotlinNpmInstall
warning Ignored scripts due to flag.

> Task :pocketbase-kt-sdk:processReleaseUnitTestJavaRes NO-SOURCE
> Task :pocketbase-kt-sdk:testReleaseUnitTest NO-SOURCE
> Task :kotlinStoreYarnLock
> Task :pocketbase-kt-sdk:jsBrowserTest SKIPPED
> Task :pocketbase-kt-sdk:jsNodeTest SKIPPED
> Task :pocketbase-kt-sdk:jsTest NO-SOURCE
> Task :pocketbase-kt-sdk:bundleDebugLocalLintAar
> Task :pocketbase-kt-sdk:createFullJarDebug
> Task :pocketbase-kt-sdk:generateDebugAndroidTestLintModel
> Task :pocketbase-kt-sdk:generateDebugLintReportModel
> Task :pocketbase-kt-sdk:generateDebugUnitTestLintModel

> Task :shared:compileKotlinJs
w: file:///Users/brentzey/bside/shared/src/commonMain/kotlin/love/bside/app/core/AppConfig.kt:39:1 'expect'/'actual' classes (including interfaces, objects, annotations, enums, and 'actual' typealiases) are in Beta. Consider using the '-Xexpect-actual-classes' flag to suppress this warning. Also see: https://youtrack.jetbrains.com/issue/KT-61573
w: file:///Users/brentzey/bside/shared/src/commonMain/kotlin/love/bside/app/core/Logger.kt:46:1 'expect'/'actual' classes (including interfaces, objects, annotations, enums, and 'actual' typealiases) are in Beta. Consider using the '-Xexpect-actual-classes' flag to suppress this warning. Also see: https://youtrack.jetbrains.com/issue/KT-61573
w: file:///Users/brentzey/bside/shared/src/commonMain/kotlin/love/bside/app/data/repository/MessagingRepository.kt:187:48 This is a delicate API and its use requires care. Make sure you fully read and understand documentation of the declaration that is marked as a delicate API.
w: file:///Users/brentzey/bside/shared/src/jsMain/kotlin/love/bside/app/core/AppConfig.js.kt:3:1 'expect'/'actual' classes (including interfaces, objects, annotations, enums, and 'actual' typealiases) are in Beta. Consider using the '-Xexpect-actual-classes' flag to suppress this warning. Also see: https://youtrack.jetbrains.com/issue/KT-61573
w: file:///Users/brentzey/bside/shared/src/jsMain/kotlin/love/bside/app/core/Logger.js.kt:3:1 'expect'/'actual' classes (including interfaces, objects, annotations, enums, and 'actual' typealiases) are in Beta. Consider using the '-Xexpect-actual-classes' flag to suppress this warning. Also see: https://youtrack.jetbrains.com/issue/KT-61573

> Task :shared:compileIosMainKotlinMetadata
w: KLIB resolver: The same 'unique_name=annotation_commonMain' found in more than one library: /Users/brentzey/bside/shared/build/kotlinTransformedMetadataLibraries/commonMain/androidx.annotation-annotation-1.9.1-commonMain-WmoUwA.klib, /Users/brentzey/bside/shared/build/kotlinTransformedMetadataLibraries/commonMain/org.jetbrains.compose.annotation-internal-annotation-1.9.0-commonMain-cgDJDA.klib
w: KLIB resolver: The same 'unique_name=collection_commonMain' found in more than one library: /Users/brentzey/bside/shared/build/kotlinTransformedMetadataLibraries/commonMain/androidx.collection-collection-1.5.0-commonMain-j7f1lg.klib, /Users/brentzey/bside/shared/build/kotlinTransformedMetadataLibraries/commonMain/org.jetbrains.compose.collection-internal-collection-1.9.0-commonMain-w7Q_Yw.klib
w: KLIB resolver: The same 'unique_name=lifecycle-common_commonMain' found in more than one library: /Users/brentzey/bside/shared/build/kotlinTransformedMetadataLibraries/commonMain/androidx.lifecycle-lifecycle-common-2.9.2-commonMain-2l5nFA.klib, /Users/brentzey/bside/shared/build/kotlinTransformedMetadataLibraries/commonMain/org.jetbrains.androidx.lifecycle-lifecycle-common-2.9.4-commonMain-_EOCYQ.klib
w: KLIB resolver: The same 'unique_name=lifecycle-runtime_commonMain' found in more than one library: /Users/brentzey/bside/shared/build/kotlinTransformedMetadataLibraries/commonMain/androidx.lifecycle-lifecycle-runtime-2.9.2-commonMain-IrcNlw.klib, /Users/brentzey/bside/shared/build/kotlinTransformedMetadataLibraries/commonMain/org.jetbrains.androidx.lifecycle-lifecycle-runtime-2.9.4-commonMain-WvMiUA.klib
w: KLIB resolver: The same 'unique_name=lifecycle-viewmodel-savedstate_commonMain' found in more than one library: /Users/brentzey/bside/shared/build/kotlinTransformedMetadataLibraries/commonMain/androidx.lifecycle-lifecycle-viewmodel-savedstate-2.9.2-commonMain-KTe1Gw.klib, /Users/brentzey/bside/shared/build/kotlinTransformedMetadataLibraries/commonMain/org.jetbrains.androidx.lifecycle-lifecycle-viewmodel-savedstate-2.9.4-commonMain-V32Hfg.klib
w: KLIB resolver: The same 'unique_name=lifecycle-viewmodel_commonMain' found in more than one library: /Users/brentzey/bside/shared/build/kotlinTransformedMetadataLibraries/commonMain/androidx.lifecycle-lifecycle-viewmodel-2.9.2-commonMain-YZugNA.klib, /Users/brentzey/bside/shared/build/kotlinTransformedMetadataLibraries/commonMain/org.jetbrains.androidx.lifecycle-lifecycle-viewmodel-2.9.4-commonMain-o5UeXw.klib
w: KLIB resolver: The same 'unique_name=runtime_commonMain' found in more than one library: /Users/brentzey/bside/shared/build/kotlinTransformedMetadataLibraries/commonMain/androidx.compose.runtime-runtime-1.9.0-commonMain-_TGNUg.klib, /Users/brentzey/bside/shared/build/kotlinTransformedMetadataLibraries/commonMain/org.jetbrains.compose.runtime-runtime-1.9.0-commonMain-QgBs-g.klib
w: KLIB resolver: The same 'unique_name=savedstate_commonMain' found in more than one library: /Users/brentzey/bside/shared/build/kotlinTransformedMetadataLibraries/commonMain/androidx.savedstate-savedstate-1.3.1-commonMain-NwmUsg.klib, /Users/brentzey/bside/shared/build/kotlinTransformedMetadataLibraries/commonMain/org.jetbrains.androidx.savedstate-savedstate-1.3.4-commonMain-Gx5ULw.klib
w: file:///Users/brentzey/bside/shared/src/iosMain/kotlin/love/bside/app/core/AppConfig.ios.kt:3:1 'expect'/'actual' classes (including interfaces, objects, annotations, enums, and 'actual' typealiases) are in Beta. Consider using the '-Xexpect-actual-classes' flag to suppress this warning. Also see: https://youtrack.jetbrains.com/issue/KT-61573
w: file:///Users/brentzey/bside/shared/src/iosMain/kotlin/love/bside/app/core/Logger.ios.kt:5:1 'expect'/'actual' classes (including interfaces, objects, annotations, enums, and 'actual' typealiases) are in Beta. Consider using the '-Xexpect-actual-classes' flag to suppress this warning. Also see: https://youtrack.jetbrains.com/issue/KT-61573

> Task :shared:metadataIosMainClasses
> Task :shared:exportCommonSourceSetsMetadataLocationsForMetadataApiElements
> Task :shared:iosArm64MetadataElements
> Task :shared:iosSimulatorArm64MetadataElements
> Task :pocketbase-kt-sdk:compileKotlinIosArm64
> Task :pocketbase-kt-sdk:iosArm64MainKlibrary
> Task :pocketbase-kt-sdk:compileKotlinIosSimulatorArm64
> Task :pocketbase-kt-sdk:iosSimulatorArm64MainKlibrary
> Task :pocketbase-kt-sdk:compileTestKotlinIosArm64 NO-SOURCE
> Task :pocketbase-kt-sdk:compileTestKotlinIosSimulatorArm64 NO-SOURCE
> Task :pocketbase-kt-sdk:linkDebugTestIosSimulatorArm64 NO-SOURCE
> Task :pocketbase-kt-sdk:iosSimulatorArm64Test SKIPPED
> Task :pocketbase-kt-sdk:test UP-TO-DATE
> Task :shared:mapReleaseSourceSetPaths
> Task :pocketbase-kt-sdk:compileKotlinIosX64
> Task :pocketbase-kt-sdk:iosX64MainKlibrary
> Task :pocketbase-kt-sdk:compileTestKotlinIosX64 NO-SOURCE
> Task :pocketbase-kt-sdk:assemble
> Task :pocketbase-kt-sdk:linkDebugTestIosX64 NO-SOURCE
> Task :pocketbase-kt-sdk:iosX64Test SKIPPED
> Task :pocketbase-kt-sdk:allTests NO-SOURCE
> Task :shared:generateActualResourceCollectorsForIosX64Main
> Task :composeApp:transformCommonMainDependenciesMetadata

> Task :composeApp:compileKotlinJs FAILED
e: file:///Users/brentzey/bside/composeApp/src/webMain/kotlin/love/bside/app/main.kt:9:12 No value passed for parameter 'root'.

> Task :shared:compileDebugKotlinAndroid
w: file:///Users/brentzey/bside/shared/src/androidMain/kotlin/love/bside/app/core/AppConfig.android.kt:3:1 'expect'/'actual' classes (including interfaces, objects, annotations, enums, and 'actual' typealiases) are in Beta. Consider using the '-Xexpect-actual-classes' flag to suppress this warning. Also see: https://youtrack.jetbrains.com/issue/KT-61573
w: file:///Users/brentzey/bside/shared/src/androidMain/kotlin/love/bside/app/core/Logger.android.kt:5:1 'expect'/'actual' classes (including interfaces, objects, annotations, enums, and 'actual' typealiases) are in Beta. Consider using the '-Xexpect-actual-classes' flag to suppress this warning. Also see: https://youtrack.jetbrains.com/issue/KT-61573
w: file:///Users/brentzey/bside/shared/src/commonMain/kotlin/love/bside/app/core/AppConfig.kt:39:1 'expect'/'actual' classes (including interfaces, objects, annotations, enums, and 'actual' typealiases) are in Beta. Consider using the '-Xexpect-actual-classes' flag to suppress this warning. Also see: https://youtrack.jetbrains.com/issue/KT-61573
w: file:///Users/brentzey/bside/shared/src/commonMain/kotlin/love/bside/app/core/Logger.kt:46:1 'expect'/'actual' classes (including interfaces, objects, annotations, enums, and 'actual' typealiases) are in Beta. Consider using the '-Xexpect-actual-classes' flag to suppress this warning. Also see: https://youtrack.jetbrains.com/issue/KT-61573
w: file:///Users/brentzey/bside/shared/src/commonMain/kotlin/love/bside/app/data/repository/MessagingRepository.kt:187:48 This is a delicate API and its use requires care. Make sure you fully read and understand documentation of the declaration that is marked as a delicate API.

> Task :shared:mergeReleaseResources

> Task :shared:compileReleaseKotlinAndroid
w: file:///Users/brentzey/bside/shared/src/androidMain/kotlin/love/bside/app/core/AppConfig.android.kt:3:1 'expect'/'actual' classes (including interfaces, objects, annotations, enums, and 'actual' typealiases) are in Beta. Consider using the '-Xexpect-actual-classes' flag to suppress this warning. Also see: https://youtrack.jetbrains.com/issue/KT-61573
w: file:///Users/brentzey/bside/shared/src/androidMain/kotlin/love/bside/app/core/Logger.android.kt:5:1 'expect'/'actual' classes (including interfaces, objects, annotations, enums, and 'actual' typealiases) are in Beta. Consider using the '-Xexpect-actual-classes' flag to suppress this warning. Also see: https://youtrack.jetbrains.com/issue/KT-61573
w: file:///Users/brentzey/bside/shared/src/commonMain/kotlin/love/bside/app/core/AppConfig.kt:39:1 'expect'/'actual' classes (including interfaces, objects, annotations, enums, and 'actual' typealiases) are in Beta. Consider using the '-Xexpect-actual-classes' flag to suppress this warning. Also see: https://youtrack.jetbrains.com/issue/KT-61573
w: file:///Users/brentzey/bside/shared/src/commonMain/kotlin/love/bside/app/core/Logger.kt:46:1 'expect'/'actual' classes (including interfaces, objects, annotations, enums, and 'actual' typealiases) are in Beta. Consider using the '-Xexpect-actual-classes' flag to suppress this warning. Also see: https://youtrack.jetbrains.com/issue/KT-61573
w: file:///Users/brentzey/bside/shared/src/commonMain/kotlin/love/bside/app/data/repository/MessagingRepository.kt:187:48 This is a delicate API and its use requires care. Make sure you fully read and understand documentation of the declaration that is marked as a delicate API.

> Task :composeApp:compileCommonMainKotlinMetadata
w: file:///Users/brentzey/bside/composeApp/src/commonMain/kotlin/love/bside/app/ui/components/Buttons.kt:106:33 'val outlinedButtonBorder: BorderStroke' is deprecated. Please use the version that takes an `enabled` param to get the `BorderStroke` with the correct opacity.
w: file:///Users/brentzey/bside/composeApp/src/commonMain/kotlin/love/bside/app/ui/screens/chat/ChatDetailScreen.kt:89:57 'val Icons.Filled.ArrowBack: ImageVector' is deprecated. Use the AutoMirrored version at Icons.AutoMirrored.Filled.ArrowBack.
w: file:///Users/brentzey/bside/composeApp/src/commonMain/kotlin/love/bside/app/ui/screens/chat/ChatDetailScreen.kt:141:42 'val Icons.Filled.Chat: ImageVector' is deprecated. Use the AutoMirrored version at Icons.AutoMirrored.Filled.Chat.
w: file:///Users/brentzey/bside/composeApp/src/commonMain/kotlin/love/bside/app/ui/screens/chat/ChatDetailScreen.kt:283:49 'val Icons.Filled.Send: ImageVector' is deprecated. Use the AutoMirrored version at Icons.AutoMirrored.Filled.Send.
w: file:///Users/brentzey/bside/composeApp/src/commonMain/kotlin/love/bside/app/ui/screens/messages/ConversationsListScreen.kt:47:42 'val Icons.Filled.Chat: ImageVector' is deprecated. Use the AutoMirrored version at Icons.AutoMirrored.Filled.Chat.
w: file:///Users/brentzey/bside/composeApp/src/commonMain/kotlin/love/bside/app/ui/screens/profile/ProfileDetailScreen.kt:43:57 'val Icons.Filled.ArrowBack: ImageVector' is deprecated. Use the AutoMirrored version at Icons.AutoMirrored.Filled.ArrowBack.
w: file:///Users/brentzey/bside/composeApp/src/commonMain/kotlin/love/bside/app/ui/screens/profile/ProfileDetailScreen.kt:310:46 'val Icons.Filled.Chat: ImageVector' is deprecated. Use the AutoMirrored version at Icons.AutoMirrored.Filled.Chat.
w: file:///Users/brentzey/bside/composeApp/src/commonMain/kotlin/love/bside/app/ui/screens/settings/SettingsScreen.kt:116:42 'val Icons.Filled.Help: ImageVector' is deprecated. Use the AutoMirrored version at Icons.AutoMirrored.Filled.Help.
w: file:///Users/brentzey/bside/composeApp/src/commonMain/kotlin/love/bside/app/ui/screens/settings/SettingsScreen.kt:143:53 'val Icons.Filled.Logout: ImageVector' is deprecated. Use the AutoMirrored version at Icons.AutoMirrored.Filled.Logout.
w: file:///Users/brentzey/bside/composeApp/src/commonMain/kotlin/love/bside/app/ui/screens/settings/SettingsScreen.kt:160:49 'val Icons.Filled.Logout: ImageVector' is deprecated. Use the AutoMirrored version at Icons.AutoMirrored.Filled.Logout.

> Task :shared:compileKotlinJvm
w: file:///Users/brentzey/bside/shared/src/commonMain/kotlin/love/bside/app/core/AppConfig.kt:39:1 'expect'/'actual' classes (including interfaces, objects, annotations, enums, and 'actual' typealiases) are in Beta. Consider using the '-Xexpect-actual-classes' flag to suppress this warning. Also see: https://youtrack.jetbrains.com/issue/KT-61573
w: file:///Users/brentzey/bside/shared/src/commonMain/kotlin/love/bside/app/core/Logger.kt:46:1 'expect'/'actual' classes (including interfaces, objects, annotations, enums, and 'actual' typealiases) are in Beta. Consider using the '-Xexpect-actual-classes' flag to suppress this warning. Also see: https://youtrack.jetbrains.com/issue/KT-61573
w: file:///Users/brentzey/bside/shared/src/commonMain/kotlin/love/bside/app/data/repository/MessagingRepository.kt:187:48 This is a delicate API and its use requires care. Make sure you fully read and understand documentation of the declaration that is marked as a delicate API.
w: file:///Users/brentzey/bside/shared/src/jvmMain/kotlin/love/bside/app/core/AppConfig.jvm.kt:3:1 'expect'/'actual' classes (including interfaces, objects, annotations, enums, and 'actual' typealiases) are in Beta. Consider using the '-Xexpect-actual-classes' flag to suppress this warning. Also see: https://youtrack.jetbrains.com/issue/KT-61573
w: file:///Users/brentzey/bside/shared/src/jvmMain/kotlin/love/bside/app/core/Logger.jvm.kt:3:1 'expect'/'actual' classes (including interfaces, objects, annotations, enums, and 'actual' typealiases) are in Beta. Consider using the '-Xexpect-actual-classes' flag to suppress this warning. Also see: https://youtrack.jetbrains.com/issue/KT-61573

> Task :shared:compileKotlinIosArm64
w: file:///Users/brentzey/bside/shared/src/commonMain/kotlin/love/bside/app/core/AppConfig.kt:39:1 'expect'/'actual' classes (including interfaces, objects, annotations, enums, and 'actual' typealiases) are in Beta. Consider using the '-Xexpect-actual-classes' flag to suppress this warning. Also see: https://youtrack.jetbrains.com/issue/KT-61573
w: file:///Users/brentzey/bside/shared/src/commonMain/kotlin/love/bside/app/core/Logger.kt:46:1 'expect'/'actual' classes (including interfaces, objects, annotations, enums, and 'actual' typealiases) are in Beta. Consider using the '-Xexpect-actual-classes' flag to suppress this warning. Also see: https://youtrack.jetbrains.com/issue/KT-61573
w: file:///Users/brentzey/bside/shared/src/commonMain/kotlin/love/bside/app/data/repository/MessagingRepository.kt:187:48 This is a delicate API and its use requires care. Make sure you fully read and understand documentation of the declaration that is marked as a delicate API.
w: file:///Users/brentzey/bside/shared/src/iosMain/kotlin/love/bside/app/core/AppConfig.ios.kt:3:1 'expect'/'actual' classes (including interfaces, objects, annotations, enums, and 'actual' typealiases) are in Beta. Consider using the '-Xexpect-actual-classes' flag to suppress this warning. Also see: https://youtrack.jetbrains.com/issue/KT-61573
w: file:///Users/brentzey/bside/shared/src/iosMain/kotlin/love/bside/app/core/Logger.ios.kt:5:1 'expect'/'actual' classes (including interfaces, objects, annotations, enums, and 'actual' typealiases) are in Beta. Consider using the '-Xexpect-actual-classes' flag to suppress this warning. Also see: https://youtrack.jetbrains.com/issue/KT-61573

> Task :shared:compileKotlinIosSimulatorArm64
w: file:///Users/brentzey/bside/shared/src/commonMain/kotlin/love/bside/app/core/AppConfig.kt:39:1 'expect'/'actual' classes (including interfaces, objects, annotations, enums, and 'actual' typealiases) are in Beta. Consider using the '-Xexpect-actual-classes' flag to suppress this warning. Also see: https://youtrack.jetbrains.com/issue/KT-61573
w: file:///Users/brentzey/bside/shared/src/commonMain/kotlin/love/bside/app/core/Logger.kt:46:1 'expect'/'actual' classes (including interfaces, objects, annotations, enums, and 'actual' typealiases) are in Beta. Consider using the '-Xexpect-actual-classes' flag to suppress this warning. Also see: https://youtrack.jetbrains.com/issue/KT-61573
w: file:///Users/brentzey/bside/shared/src/commonMain/kotlin/love/bside/app/data/repository/MessagingRepository.kt:187:48 This is a delicate API and its use requires care. Make sure you fully read and understand documentation of the declaration that is marked as a delicate API.
w: file:///Users/brentzey/bside/shared/src/iosMain/kotlin/love/bside/app/core/AppConfig.ios.kt:3:1 'expect'/'actual' classes (including interfaces, objects, annotations, enums, and 'actual' typealiases) are in Beta. Consider using the '-Xexpect-actual-classes' flag to suppress this warning. Also see: https://youtrack.jetbrains.com/issue/KT-61573
w: file:///Users/brentzey/bside/shared/src/iosMain/kotlin/love/bside/app/core/Logger.ios.kt:5:1 'expect'/'actual' classes (including interfaces, objects, annotations, enums, and 'actual' typealiases) are in Beta. Consider using the '-Xexpect-actual-classes' flag to suppress this warning. Also see: https://youtrack.jetbrains.com/issue/KT-61573

> Task :pocketbase-kt-sdk:lintAnalyzeDebugUnitTest
> Task :pocketbase-kt-sdk:lintAnalyzeDebugAndroidTest

> Task :shared:compileKotlinIosX64
w: file:///Users/brentzey/bside/shared/src/commonMain/kotlin/love/bside/app/core/AppConfig.kt:39:1 'expect'/'actual' classes (including interfaces, objects, annotations, enums, and 'actual' typealiases) are in Beta. Consider using the '-Xexpect-actual-classes' flag to suppress this warning. Also see: https://youtrack.jetbrains.com/issue/KT-61573
w: file:///Users/brentzey/bside/shared/src/commonMain/kotlin/love/bside/app/core/Logger.kt:46:1 'expect'/'actual' classes (including interfaces, objects, annotations, enums, and 'actual' typealiases) are in Beta. Consider using the '-Xexpect-actual-classes' flag to suppress this warning. Also see: https://youtrack.jetbrains.com/issue/KT-61573
w: file:///Users/brentzey/bside/shared/src/commonMain/kotlin/love/bside/app/data/repository/MessagingRepository.kt:187:48 This is a delicate API and its use requires care. Make sure you fully read and understand documentation of the declaration that is marked as a delicate API.
w: file:///Users/brentzey/bside/shared/src/iosMain/kotlin/love/bside/app/core/AppConfig.ios.kt:3:1 'expect'/'actual' classes (including interfaces, objects, annotations, enums, and 'actual' typealiases) are in Beta. Consider using the '-Xexpect-actual-classes' flag to suppress this warning. Also see: https://youtrack.jetbrains.com/issue/KT-61573
w: file:///Users/brentzey/bside/shared/src/iosMain/kotlin/love/bside/app/core/Logger.ios.kt:5:1 'expect'/'actual' classes (including interfaces, objects, annotations, enums, and 'actual' typealiases) are in Beta. Consider using the '-Xexpect-actual-classes' flag to suppress this warning. Also see: https://youtrack.jetbrains.com/issue/KT-61573

> Task :pocketbase-kt-sdk:lintAnalyzeDebug
> Task :composeApp:mergeExtDexRelease
> Task :composeApp:mergeExtDexDebug

FAILURE: Build failed with an exception.

* What went wrong:
Execution failed for task ':composeApp:compileKotlinJs'.
> A failure occurred while executing org.jetbrains.kotlin.compilerRunner.GradleCompilerRunnerWithWorkers$GradleKotlinCompilerWorkAction
   > Compilation error. See log for more details

* Try:
> Run with --stacktrace option to get the stack trace.
> Run with --info or --debug option to get more log output.
> Run with --scan to get full insights.
> Get more help at https://help.gradle.org.

BUILD FAILED in 34s
329 actionable tasks: 281 executed, 39 from cache, 9 up-to-date
Configuration cache entry stored.
